Archive member included to satisfy reference by file (symbol)

D:/software/Tools/GCC/arm-gnu-toolchain-14.2.rel1-mingw-w64-x86_64-arm-none-eabi/bin/../lib/gcc/arm-none-eabi/14.2.1/thumb/v6-m/nofp\libc_nano.a(libc_a-exit.o)
                              D:/software/Tools/GCC/arm-gnu-toolchain-14.2.rel1-mingw-w64-x86_64-arm-none-eabi/bin/../lib/gcc/arm-none-eabi/14.2.1/thumb/v6-m/nofp/crt0.o (exit)
D:/software/Tools/GCC/arm-gnu-toolchain-14.2.rel1-mingw-w64-x86_64-arm-none-eabi/bin/../lib/gcc/arm-none-eabi/14.2.1/thumb/v6-m/nofp\libc_nano.a(libc_a-findfp.o)
                              D:/software/Tools/GCC/arm-gnu-toolchain-14.2.rel1-mingw-w64-x86_64-arm-none-eabi/bin/../lib/gcc/arm-none-eabi/14.2.1/thumb/v6-m/nofp\libc_nano.a(libc_a-exit.o) (__stdio_exit_handler)
D:/software/Tools/GCC/arm-gnu-toolchain-14.2.rel1-mingw-w64-x86_64-arm-none-eabi/bin/../lib/gcc/arm-none-eabi/14.2.1/thumb/v6-m/nofp\libc_nano.a(libc_a-fwalk.o)
                              D:/software/Tools/GCC/arm-gnu-toolchain-14.2.rel1-mingw-w64-x86_64-arm-none-eabi/bin/../lib/gcc/arm-none-eabi/14.2.1/thumb/v6-m/nofp\libc_nano.a(libc_a-findfp.o) (_fwalk_sglue)
D:/software/Tools/GCC/arm-gnu-toolchain-14.2.rel1-mingw-w64-x86_64-arm-none-eabi/bin/../lib/gcc/arm-none-eabi/14.2.1/thumb/v6-m/nofp\libc_nano.a(libc_a-printf.o)
                              build/debug/drv8301.o (printf)
D:/software/Tools/GCC/arm-gnu-toolchain-14.2.rel1-mingw-w64-x86_64-arm-none-eabi/bin/../lib/gcc/arm-none-eabi/14.2.1/thumb/v6-m/nofp\libc_nano.a(libc_a-puts.o)
                              build/debug/drv8301.o (puts)
D:/software/Tools/GCC/arm-gnu-toolchain-14.2.rel1-mingw-w64-x86_64-arm-none-eabi/bin/../lib/gcc/arm-none-eabi/14.2.1/thumb/v6-m/nofp\libc_nano.a(libc_a-stdio.o)
                              D:/software/Tools/GCC/arm-gnu-toolchain-14.2.rel1-mingw-w64-x86_64-arm-none-eabi/bin/../lib/gcc/arm-none-eabi/14.2.1/thumb/v6-m/nofp\libc_nano.a(libc_a-findfp.o) (__sread)
D:/software/Tools/GCC/arm-gnu-toolchain-14.2.rel1-mingw-w64-x86_64-arm-none-eabi/bin/../lib/gcc/arm-none-eabi/14.2.1/thumb/v6-m/nofp\libc_nano.a(libc_a-wbuf.o)
                              D:/software/Tools/GCC/arm-gnu-toolchain-14.2.rel1-mingw-w64-x86_64-arm-none-eabi/bin/../lib/gcc/arm-none-eabi/14.2.1/thumb/v6-m/nofp\libc_nano.a(libc_a-puts.o) (__swbuf_r)
D:/software/Tools/GCC/arm-gnu-toolchain-14.2.rel1-mingw-w64-x86_64-arm-none-eabi/bin/../lib/gcc/arm-none-eabi/14.2.1/thumb/v6-m/nofp\libc_nano.a(libc_a-wsetup.o)
                              D:/software/Tools/GCC/arm-gnu-toolchain-14.2.rel1-mingw-w64-x86_64-arm-none-eabi/bin/../lib/gcc/arm-none-eabi/14.2.1/thumb/v6-m/nofp\libc_nano.a(libc_a-puts.o) (__swsetup_r)
D:/software/Tools/GCC/arm-gnu-toolchain-14.2.rel1-mingw-w64-x86_64-arm-none-eabi/bin/../lib/gcc/arm-none-eabi/14.2.1/thumb/v6-m/nofp\libc_nano.a(libc_a-memset.o)
                              D:/software/Tools/GCC/arm-gnu-toolchain-14.2.rel1-mingw-w64-x86_64-arm-none-eabi/bin/../lib/gcc/arm-none-eabi/14.2.1/thumb/v6-m/nofp/crt0.o (memset)
D:/software/Tools/GCC/arm-gnu-toolchain-14.2.rel1-mingw-w64-x86_64-arm-none-eabi/bin/../lib/gcc/arm-none-eabi/14.2.1/thumb/v6-m/nofp\libc_nano.a(libc_a-closer.o)
                              D:/software/Tools/GCC/arm-gnu-toolchain-14.2.rel1-mingw-w64-x86_64-arm-none-eabi/bin/../lib/gcc/arm-none-eabi/14.2.1/thumb/v6-m/nofp\libc_nano.a(libc_a-stdio.o) (_close_r)
D:/software/Tools/GCC/arm-gnu-toolchain-14.2.rel1-mingw-w64-x86_64-arm-none-eabi/bin/../lib/gcc/arm-none-eabi/14.2.1/thumb/v6-m/nofp\libc_nano.a(libc_a-reent.o)
                              D:/software/Tools/GCC/arm-gnu-toolchain-14.2.rel1-mingw-w64-x86_64-arm-none-eabi/bin/../lib/gcc/arm-none-eabi/14.2.1/thumb/v6-m/nofp\libc_nano.a(libc_a-closer.o) (errno)
D:/software/Tools/GCC/arm-gnu-toolchain-14.2.rel1-mingw-w64-x86_64-arm-none-eabi/bin/../lib/gcc/arm-none-eabi/14.2.1/thumb/v6-m/nofp\libc_nano.a(libc_a-impure.o)
                              D:/software/Tools/GCC/arm-gnu-toolchain-14.2.rel1-mingw-w64-x86_64-arm-none-eabi/bin/../lib/gcc/arm-none-eabi/14.2.1/thumb/v6-m/nofp\libc_nano.a(libc_a-printf.o) (_impure_ptr)
D:/software/Tools/GCC/arm-gnu-toolchain-14.2.rel1-mingw-w64-x86_64-arm-none-eabi/bin/../lib/gcc/arm-none-eabi/14.2.1/thumb/v6-m/nofp\libc_nano.a(libc_a-lseekr.o)
                              D:/software/Tools/GCC/arm-gnu-toolchain-14.2.rel1-mingw-w64-x86_64-arm-none-eabi/bin/../lib/gcc/arm-none-eabi/14.2.1/thumb/v6-m/nofp\libc_nano.a(libc_a-stdio.o) (_lseek_r)
D:/software/Tools/GCC/arm-gnu-toolchain-14.2.rel1-mingw-w64-x86_64-arm-none-eabi/bin/../lib/gcc/arm-none-eabi/14.2.1/thumb/v6-m/nofp\libc_nano.a(libc_a-readr.o)
                              D:/software/Tools/GCC/arm-gnu-toolchain-14.2.rel1-mingw-w64-x86_64-arm-none-eabi/bin/../lib/gcc/arm-none-eabi/14.2.1/thumb/v6-m/nofp\libc_nano.a(libc_a-stdio.o) (_read_r)
[...]
Memory Configuration

Name             Origin             Length             Attributes
RAM              0x20000000         0x00001000         xrw
FLASH            0x08000000         0x00008000         xr
*default*        0x00000000         0xffffffff

Linker script and memory map

LOAD D:/software/Tools/GCC/arm-gnu-toolchain-14.2.rel1-mingw-w64-x86_64-arm-none-eabi/bin/../lib/gcc/arm-none-eabi/14.2.1/thumb/v6-m/nofp/crti.o
LOAD D:/software/Tools/GCC/arm-gnu-toolchain-14.2.rel1-mingw-w64-x86_64-arm-none-eabi/bin/../lib/gcc/arm-none-eabi/14.2.1/thumb/v6-m/nofp/crtbegin.o
LOAD D:/software/Tools/GCC/arm-gnu-toolchain-14.2.rel1-mingw-w64-x86_64-arm-none-eabi/bin/../lib/gcc/arm-none-eabi/14.2.1/thumb/v6-m/nofp/crt0.o
LOAD build/debug/adc.o
LOAD build/debug/drv8301.o
LOAD build/debug/gpio.o
LOAD build/debug/i2c.o
LOAD build/debug/main.o
LOAD build/debug/spi.o
LOAD build/debug/stm32f0xx_hal.o
LOAD build/debug/stm32f0xx_hal_adc.o
LOAD build/debug/stm32f0xx_hal_adc_ex.o
LOAD build/debug/stm32f0xx_hal_cortex.o
LOAD build/debug/stm32f0xx_hal_dma.o
LOAD build/debug/stm32f0xx_hal_exti.o
LOAD build/debug/stm32f0xx_hal_flash.o
LOAD build/debug/stm32f0xx_hal_flash_ex.o
LOAD build/debug/stm32f0xx_hal_gpio.o
LOAD build/debug/stm32f0xx_hal_i2c.o
LOAD build/debug/stm32f0xx_hal_i2c_ex.o
LOAD build/debug/stm32f0xx_hal_msp.o
LOAD build/debug/stm32f0xx_hal_pwr.o
LOAD build/debug/stm32f0xx_hal_pwr_ex.o
LOAD build/debug/stm32f0xx_hal_rcc.o
LOAD build/debug/stm32f0xx_hal_rcc_ex.o
LOAD build/debug/stm32f0xx_hal_spi.o
LOAD build/debug/stm32f0xx_hal_spi_ex.o
LOAD build/debug/stm32f0xx_hal_uart.o
LOAD build/debug/stm32f0xx_hal_uart_ex.o
LOAD build/debug/stm32f0xx_it.o
LOAD build/debug/syscalls.o
LOAD build/debug/sysmem.o
LOAD build/debug/system_stm32f0xx.o
LOAD build/debug/usart.o
LOAD build/debug/utils.o
LOAD build/debug/startup_stm32f031x6.o
LOAD D:/software/Tools/GCC/arm-gnu-toolchain-14.2.rel1-mingw-w64-x86_64-arm-none-eabi/bin/../lib/gcc/arm-none-eabi/14.2.1/thumb/v6-m/nofp\libc_nano.a
LOAD D:/software/Tools/GCC/arm-gnu-toolchain-14.2.rel1-mingw-w64-x86_64-arm-none-eabi/bin/../lib/gcc/arm-none-eabi/14.2.1/thumb/v6-m/nofp\libm.a
LOAD D:/software/Tools/GCC/arm-gnu-toolchain-14.2.rel1-mingw-w64-x86_64-arm-none-eabi/bin/../lib/gcc/arm-none-eabi/14.2.1/thumb/v6-m/nofp\libnosys.a
START GROUP
LOAD D:/software/Tools/GCC/arm-gnu-toolchain-14.2.rel1-mingw-w64-x86_64-arm-none-eabi/bin/../lib/gcc/arm-none-eabi/14.2.1/thumb/v6-m/nofp\libgcc.a
LOAD D:/software/Tools/GCC/arm-gnu-toolchain-14.2.rel1-mingw-w64-x86_64-arm-none-eabi/bin/../lib/gcc/arm-none-eabi/14.2.1/thumb/v6-m/nofp\libc_nano.a
END GROUP
START GROUP
LOAD D:/software/Tools/GCC/arm-gnu-toolchain-14.2.rel1-mingw-w64-x86_64-arm-none-eabi/bin/../lib/gcc/arm-none-eabi/14.2.1/thumb/v6-m/nofp\libgcc.a
LOAD D:/software/Tools/GCC/arm-gnu-toolchain-14.2.rel1-mingw-w64-x86_64-arm-none-eabi/bin/../lib/gcc/arm-none-eabi/14.2.1/thumb/v6-m/nofp\libc_nano.a
END GROUP
LOAD D:/software/Tools/GCC/arm-gnu-toolchain-14.2.rel1-mingw-w64-x86_64-arm-none-eabi/bin/../lib/gcc/arm-none-eabi/14.2.1/thumb/v6-m/nofp/crtend.o
LOAD D:/software/Tools/GCC/arm-gnu-toolchain-14.2.rel1-mingw-w64-x86_64-arm-none-eabi/bin/../lib/gcc/arm-none-eabi/14.2.1/thumb/v6-m/nofp/crtn.o
                0x20001000                        _estack = (ORIGIN (RAM) + LENGTH (RAM))
                0x00000200                        _Min_Heap_Size = 0x200
                0x00000400                        _Min_Stack_Size = 0x400

.isr_vector     0x08000000       0xc0
                0x08000000                        . = ALIGN (0x4)
 *(.isr_vector)
 .isr_vector    0x08000000       0xc0 build/debug/startup_stm32f031x6.o
                0x08000000                g_pfnVectors
                0x080000c0                        . = ALIGN (0x4)

.text           0x080000c0     0x37f8
                0x080000c0                        . = ALIGN (0x4)
 *(.text)
 .text          0x080000c0       0x14 D:/software/Tools/GCC/arm-gnu-toolchain-14.2.rel1-mingw-w64-x86_64-arm-none-eabi/bin/../lib/gcc/arm-none-eabi/14.2.1/thumb/v6-m/nofp\libgcc.a(_thumb1_case_shi.o)
                0x080000c0                __gnu_thumb1_case_shi
 .text          0x080000d4      0x114 D:/software/Tools/GCC/arm-gnu-toolchain-14.2.rel1-mingw-w64-x86_64-arm-none-eabi/bin/../lib/gcc/arm-none-eabi/14.2.1/thumb/v6-m/nofp\libgcc.a(_udivsi3.o)
                0x080000d4                __aeabi_uidiv
                0x080000d4                __udivsi3
                0x080001e0                __aeabi_uidivmod
 .text          0x080001e8        0x4 D:/software/Tools/GCC/arm-gnu-toolchain-14.2.rel1-mingw-w64-x86_64-arm-none-eabi/bin/../lib/gcc/arm-none-eabi/14.2.1/thumb/v6-m/nofp\libgcc.a(_dvmd_tls.o)
                0x080001e8                __aeabi_idiv0
                0x080001e8                __aeabi_ldiv0
 .text          0x080001ec       0x74 D:/software/Tools/GCC/arm-gnu-toolchain-14.2.rel1-mingw-w64-x86_64-arm-none-eabi/bin/../lib/gcc/arm-none-eabi/14.2.1/thumb/v6-m/nofp\libgcc.a(_arm_cmpsf2.o)
                0x080001ec                __aeabi_cfrcmple
                0x080001f4                __aeabi_cfcmpeq
                0x080001f4                __aeabi_cfcmple
                0x08000204                __aeabi_fcmpeq
                0x08000210                __aeabi_fcmplt
                0x08000224                __aeabi_fcmple
                0x08000238                __aeabi_fcmpgt
                0x0800024c                __aeabi_fcmpge
 *(.text*)
 .text.deregister_tm_clones
                0x08000260       0x20 D:/software/Tools/GCC/arm-gnu-toolchain-14.2.rel1-mingw-w64-x86_64-arm-none-eabi/bin/../lib/gcc/arm-none-eabi/14.2.1/thumb/v6-m/nofp/crtbegin.o
 .text.register_tm_clones
                0x08000280       0x28 D:/software/Tools/GCC/arm-gnu-toolchain-14.2.rel1-mingw-w64-x86_64-arm-none-eabi/bin/../lib/gcc/arm-none-eabi/14.2.1/thumb/v6-m/nofp/crtbegin.o
 .text.__do_global_dtors_aux
                0x080002a8       0x2c D:/software/Tools/GCC/arm-gnu-toolchain-14.2.rel1-mingw-w64-x86_64-arm-none-eabi/bin/../lib/gcc/arm-none-eabi/14.2.1/thumb/v6-m/nofp/crtbegin.o
 .text.frame_dummy
                0x080002d4       0x24 D:/software/Tools/GCC/arm-gnu-toolchain-14.2.rel1-mingw-w64-x86_64-arm-none-eabi/bin/../lib/gcc/arm-none-eabi/14.2.1/thumb/v6-m/nofp/crtbegin.o
 .text.MX_ADC_Init
                0x080002f8       0xa4 build/debug/adc.o
                0x080002f8                MX_ADC_Init
 .text.HAL_ADC_MspInit
                0x0800039c       0x60 build/debug/adc.o
                0x0800039c                HAL_ADC_MspInit
 .text.DRV8301_ReadReg
                0x080003fc       0xf0 build/debug/drv8301.o
                0x080003fc                DRV8301_ReadReg
 .text.DRV8301_WriteReg
                0x080004ec       0x74 build/debug/drv8301.o
                0x080004ec                DRV8301_WriteReg
 .text.DRV8301_Config
                0x08000560       0x7c build/debug/drv8301.o
                0x08000560                DRV8301_Config
 .text.DRV8301_Init
                0x080005dc       0xfc build/debug/drv8301.o
                0x080005dc                DRV8301_Init
 .text.MX_GPIO_Init
                0x080006d8      0x150 build/debug/gpio.o
                0x080006d8                MX_GPIO_Init
 .text.MX_I2C1_Init
                0x08000828       0x60 build/debug/i2c.o
                0x08000828                MX_I2C1_Init
 .text.HAL_I2C_MspInit
                0x08000888       0x6c build/debug/i2c.o
                0x08000888                HAL_I2C_MspInit
 .text.HAL_GPIO_EXTI_Callback
                0x080008f4       0x40 build/debug/main.o
                0x080008f4                HAL_GPIO_EXTI_Callback
 .text.Error_Handler
                0x08000934        0x4 build/debug/main.o
                0x08000934                Error_Handler
 .text.SystemClock_Config
                0x08000938       0x90 build/debug/main.o
                0x08000938                SystemClock_Config
 .text.main     0x080009c8       0x88 build/debug/main.o
                0x080009c8                main
 .text.MX_SPI1_Init
                0x08000a50       0x50 build/debug/spi.o
                0x08000a50                MX_SPI1_Init
 .text.HAL_SPI_MspInit
                0x08000aa0       0x6c build/debug/spi.o
                0x08000aa0                HAL_SPI_MspInit
 .text.HAL_InitTick
                0x08000b0c       0x50 build/debug/stm32f0xx_hal.o
                0x08000b0c                HAL_InitTick
 .text.HAL_Init
                0x08000b5c       0x20 build/debug/stm32f0xx_hal.o
                0x08000b5c                HAL_Init
 .text.HAL_IncTick
                0x08000b7c       0x18 build/debug/stm32f0xx_hal.o
                0x08000b7c                HAL_IncTick
 .text.HAL_GetTick
                0x08000b94        0xc build/debug/stm32f0xx_hal.o
                0x08000b94                HAL_GetTick
 .text.HAL_Delay
                0x08000ba0       0x24 build/debug/stm32f0xx_hal.o
                0x08000ba0                HAL_Delay
 .text.HAL_ADC_Init
                0x08000bc4      0x184 build/debug/stm32f0xx_hal_adc.o
                0x08000bc4                HAL_ADC_Init
 .text.HAL_ADC_ConfigChannel
                0x08000d48      0x138 build/debug/stm32f0xx_hal_adc.o
                0x08000d48                HAL_ADC_ConfigChannel
 .text.__NVIC_SetPriority
                0x08000e80       0x60 build/debug/stm32f0xx_hal_cortex.o
 .text.SysTick_Config
                0x08000ee0       0x38 build/debug/stm32f0xx_hal_cortex.o
 .text.HAL_NVIC_SetPriority
                0x08000f18        0x8 build/debug/stm32f0xx_hal_cortex.o
                0x08000f18                HAL_NVIC_SetPriority
 .text.HAL_NVIC_EnableIRQ
                0x08000f20       0x18 build/debug/stm32f0xx_hal_cortex.o
                0x08000f20                HAL_NVIC_EnableIRQ
 .text.HAL_SYSTICK_Config
                0x08000f38        0x8 build/debug/stm32f0xx_hal_cortex.o
                0x08000f38                HAL_SYSTICK_Config
 .text.HAL_GPIO_Init
                0x08000f40      0x17c build/debug/stm32f0xx_hal_gpio.o
                0x08000f40                HAL_GPIO_Init
 .text.HAL_GPIO_ReadPin
                0x080010bc        0xe build/debug/stm32f0xx_hal_gpio.o
                0x080010bc                HAL_GPIO_ReadPin
 .text.HAL_GPIO_WritePin
                0x080010ca        0xc build/debug/stm32f0xx_hal_gpio.o
                0x080010ca                HAL_GPIO_WritePin
 .text.HAL_GPIO_TogglePin
                0x080010d6       0x10 build/debug/stm32f0xx_hal_gpio.o
                0x080010d6                HAL_GPIO_TogglePin
 *fill*         0x080010e6        0x2 
 .text.HAL_GPIO_EXTI_IRQHandler
                0x080010e8       0x1c build/debug/stm32f0xx_hal_gpio.o
                0x080010e8                HAL_GPIO_EXTI_IRQHandler
 .text.HAL_I2C_Init
                0x08001104       0xdc build/debug/stm32f0xx_hal_i2c.o
                0x08001104                HAL_I2C_Init
 .text.HAL_I2CEx_ConfigAnalogFilter
                0x080011e0       0x58 build/debug/stm32f0xx_hal_i2c_ex.o
                0x080011e0                HAL_I2CEx_ConfigAnalogFilter
 .text.HAL_I2CEx_ConfigDigitalFilter
                0x08001238       0x54 build/debug/stm32f0xx_hal_i2c_ex.o
                0x08001238                HAL_I2CEx_ConfigDigitalFilter
 .text.HAL_MspInit
                0x0800128c       0x30 build/debug/stm32f0xx_hal_msp.o
                0x0800128c                HAL_MspInit
 .text.HAL_RCC_OscConfig
                0x080012bc      0x49c build/debug/stm32f0xx_hal_rcc.o
                0x080012bc                HAL_RCC_OscConfig
 .text.HAL_RCC_GetSysClockFreq
                0x08001758       0x60 build/debug/stm32f0xx_hal_rcc.o
                0x08001758                HAL_RCC_GetSysClockFreq
 .text.HAL_RCC_ClockConfig
                0x080017b8      0x134 build/debug/stm32f0xx_hal_rcc.o
                0x080017b8                HAL_RCC_ClockConfig
 .text.HAL_RCC_GetHCLKFreq
                0x080018ec        0xc build/debug/stm32f0xx_hal_rcc.o
                0x080018ec                HAL_RCC_GetHCLKFreq
 .text.HAL_RCC_GetPCLK1Freq
                0x080018f8       0x20 build/debug/stm32f0xx_hal_rcc.o
                0x080018f8                HAL_RCC_GetPCLK1Freq
 .text.HAL_RCCEx_PeriphCLKConfig
                0x08001918      0x120 build/debug/stm32f0xx_hal_rcc_ex.o
                0x08001918                HAL_RCCEx_PeriphCLKConfig
 .text.SPI_WaitFlagStateUntilTimeout
                0x08001a38       0xe0 build/debug/stm32f0xx_hal_spi.o
 .text.SPI_WaitFifoStateUntilTimeout
                0x08001b18      0x10c build/debug/stm32f0xx_hal_spi.o
 .text.SPI_EndRxTxTransaction
                0x08001c24       0x68 build/debug/stm32f0xx_hal_spi.o
 .text.HAL_SPI_Init
                0x08001c8c      0x104 build/debug/stm32f0xx_hal_spi.o
                0x08001c8c                HAL_SPI_Init
 .text.HAL_SPI_TransmitReceive
                0x08001d90      0x250 build/debug/stm32f0xx_hal_spi.o
                0x08001d90                HAL_SPI_TransmitReceive
 .text.UART_EndRxTransfer
                0x08001fe0       0x60 build/debug/stm32f0xx_hal_uart.o
 .text.UART_SetConfig
                0x08002040      0x150 build/debug/stm32f0xx_hal_uart.o
                0x08002040                UART_SetConfig
 .text.UART_AdvFeatureConfig
                0x08002190       0xe0 build/debug/stm32f0xx_hal_uart.o
                0x08002190                UART_AdvFeatureConfig
 .text.UART_WaitOnFlagUntilTimeout
                0x08002270       0x9e build/debug/stm32f0xx_hal_uart.o
                0x08002270                UART_WaitOnFlagUntilTimeout
 .text.HAL_UART_Transmit
                0x0800230e       0xf0 build/debug/stm32f0xx_hal_uart.o
                0x0800230e                HAL_UART_Transmit
 *fill*         0x080023fe        0x2 
 .text.UART_CheckIdleState
                0x08002400       0xd0 build/debug/stm32f0xx_hal_uart.o
                0x08002400                UART_CheckIdleState
 .text.HAL_UART_Init
                0x080024d0       0x6c build/debug/stm32f0xx_hal_uart.o
                0x080024d0                HAL_UART_Init
 .text.NMI_Handler
                0x0800253c        0x2 build/debug/stm32f0xx_it.o
                0x0800253c                NMI_Handler
 .text.HardFault_Handler
                0x0800253e        0x2 build/debug/stm32f0xx_it.o
                0x0800253e                HardFault_Handler
 .text.SVC_Handler
                0x08002540        0x2 build/debug/stm32f0xx_it.o
                0x08002540                SVC_Handler
 .text.PendSV_Handler
                0x08002542        0x2 build/debug/stm32f0xx_it.o
                0x08002542                PendSV_Handler
 .text.SysTick_Handler
                0x08002544        0x8 build/debug/stm32f0xx_it.o
                0x08002544                SysTick_Handler
 .text.EXTI2_3_IRQHandler
                0x0800254c        0xa build/debug/stm32f0xx_it.o
                0x0800254c                EXTI2_3_IRQHandler
 .text._read    0x08002556       0x1c build/debug/syscalls.o
                0x08002556                _read
 .text._close   0x08002572        0x6 build/debug/syscalls.o
                0x08002572                _close
 .text._fstat   0x08002578        0xa build/debug/syscalls.o
                0x08002578                _fstat
 .text._isatty  0x08002582        0x4 build/debug/syscalls.o
                0x08002582                _isatty
 .text._lseek   0x08002586        0x4 build/debug/syscalls.o
                0x08002586                _lseek
 *fill*         0x0800258a        0x2 
 .text._sbrk    0x0800258c       0x48 build/debug/sysmem.o
                0x0800258c                _sbrk
 .text.SystemInit
                0x080025d4        0x2 build/debug/system_stm32f0xx.o
                0x080025d4                SystemInit
 *fill*         0x080025d6        0x2 
 .text.MX_USART1_UART_Init
                0x080025d8       0x44 build/debug/usart.o
                0x080025d8                MX_USART1_UART_Init
 .text.HAL_UART_MspInit
                0x0800261c       0x98 build/debug/usart.o
                0x0800261c                HAL_UART_MspInit
 .text._write   0x080026b4       0x2c build/debug/usart.o
                0x080026b4                _write
 .text.getCurrentMicros
                0x080026e0       0x50 build/debug/utils.o
 .text.micros   0x08002730        0x8 build/debug/utils.o
                0x08002730                micros
 .text.delay_us
                0x08002738       0x1a build/debug/utils.o
                0x08002738                delay_us
 *fill*         0x08002752        0x2 
 .text.Reset_Handler
                0x08002754       0x50 build/debug/startup_stm32f031x6.o
                0x08002754                Reset_Handler
 .text.Default_Handler
                0x080027a4        0x2 build/debug/startup_stm32f031x6.o
                0x080027a4                TIM1_CC_IRQHandler
                0x080027a4                PVD_IRQHandler
                0x080027a4                I2C1_IRQHandler
                0x080027a4                SPI1_IRQHandler
                0x080027a4                ADC1_IRQHandler
                0x080027a4                TIM17_IRQHandler
                0x080027a4                RTC_IRQHandler
                0x080027a4                TIM16_IRQHandler
                0x080027a4                TIM3_IRQHandler
                0x080027a4                EXTI4_15_IRQHandler
                0x080027a4                RCC_IRQHandler
                0x080027a4                DMA1_Channel1_IRQHandler
                0x080027a4                Default_Handler
                0x080027a4                TIM14_IRQHandler
                0x080027a4                DMA1_Channel4_5_IRQHandler
                0x080027a4                EXTI0_1_IRQHandler
                0x080027a4                WWDG_IRQHandler
                0x080027a4                TIM2_IRQHandler
                0x080027a4                DMA1_Channel2_3_IRQHandler
                0x080027a4                FLASH_IRQHandler
                0x080027a4                USART1_IRQHandler
                0x080027a4                TIM1_BRK_UP_TRG_COM_IRQHandler
 *fill*         0x080027a6        0x2 
 .text.std      0x080027a8       0x6c D:/software/Tools/GCC/arm-gnu-toolchain-14.2.rel1-mingw-w64-x86_64-arm-none-eabi/bin/../lib/gcc/arm-none-eabi/14.2.1/thumb/v6-m/nofp\libc_nano.a(libc_a-findfp.o)
 .text.stdio_exit_handler
                0x08002814       0x1c D:/software/Tools/GCC/arm-gnu-toolchain-14.2.rel1-mingw-w64-x86_64-arm-none-eabi/bin/../lib/gcc/arm-none-eabi/14.2.1/thumb/v6-m/nofp\libc_nano.a(libc_a-findfp.o)
 .text.cleanup_stdio
                0x08002830       0x3c D:/software/Tools/GCC/arm-gnu-toolchain-14.2.rel1-mingw-w64-x86_64-arm-none-eabi/bin/../lib/gcc/arm-none-eabi/14.2.1/thumb/v6-m/nofp\libc_nano.a(libc_a-findfp.o)
 .text.global_stdio_init.part.0
                0x0800286c       0x3c D:/software/Tools/GCC/arm-gnu-toolchain-14.2.rel1-mingw-w64-x86_64-arm-none-eabi/bin/../lib/gcc/arm-none-eabi/14.2.1/thumb/v6-m/nofp\libc_nano.a(libc_a-findfp.o)
 .text.__sfp_lock_acquire
                0x080028a8       0x10 D:/software/Tools/GCC/arm-gnu-toolchain-14.2.rel1-mingw-w64-x86_64-arm-none-eabi/bin/../lib/gcc/arm-none-eabi/14.2.1/thumb/v6-m/nofp\libc_nano.a(libc_a-findfp.o)
                0x080028a8                __sfp_lock_acquire
 .text.__sfp_lock_release
                0x080028b8       0x10 D:/software/Tools/GCC/arm-gnu-toolchain-14.2.rel1-mingw-w64-x86_64-arm-none-eabi/bin/../lib/gcc/arm-none-eabi/14.2.1/thumb/v6-m/nofp\libc_nano.a(libc_a-findfp.o)
                0x080028b8                __sfp_lock_release
 .text.__sinit  0x080028c8       0x30 D:/software/Tools/GCC/arm-gnu-toolchain-14.2.rel1-mingw-w64-x86_64-arm-none-eabi/bin/../lib/gcc/arm-none-eabi/14.2.1/thumb/v6-m/nofp\libc_nano.a(libc_a-findfp.o)
                0x080028c8                __sinit
 .text._fwalk_sglue
                0x080028f8       0x38 D:/software/Tools/GCC/arm-gnu-toolchain-14.2.rel1-mingw-w64-x86_64-arm-none-eabi/bin/../lib/gcc/arm-none-eabi/14.2.1/thumb/v6-m/nofp\libc_nano.a(libc_a-fwalk.o)
                0x080028f8                _fwalk_sglue
 .text.printf   0x08002930       0x20 D:/software/Tools/GCC/arm-gnu-toolchain-14.2.rel1-mingw-w64-x86_64-arm-none-eabi/bin/../lib/gcc/arm-none-eabi/14.2.1/thumb/v6-m/nofp\libc_nano.a(libc_a-printf.o)
                0x08002930                iprintf
                0x08002930                printf
 .text._puts_r  0x08002950       0xac D:/software/Tools/GCC/arm-gnu-toolchain-14.2.rel1-mingw-w64-x86_64-arm-none-eabi/bin/../lib/gcc/arm-none-eabi/14.2.1/thumb/v6-m/nofp\libc_nano.a(libc_a-puts.o)
                0x08002950                _puts_r
 .text.puts     0x080029fc       0x14 D:/software/Tools/GCC/arm-gnu-toolchain-14.2.rel1-mingw-w64-x86_64-arm-none-eabi/bin/../lib/gcc/arm-none-eabi/14.2.1/thumb/v6-m/nofp\libc_nano.a(libc_a-puts.o)
                0x080029fc                puts
 .text.__sread  0x08002a10       0x28 D:/software/Tools/GCC/arm-gnu-toolchain-14.2.rel1-mingw-w64-x86_64-arm-none-eabi/bin/../lib/gcc/arm-none-eabi/14.2.1/thumb/v6-m/nofp\libc_nano.a(libc_a-stdio.o)
                0x08002a10                __sread
 .text.__swrite
                0x08002a38       0x38 D:/software/Tools/GCC/arm-gnu-toolchain-14.2.rel1-mingw-w64-x86_64-arm-none-eabi/bin/../lib/gcc/arm-none-eabi/14.2.1/thumb/v6-m/nofp\libc_nano.a(libc_a-stdio.o)
                0x08002a38                __swrite
 .text.__sseek  0x08002a70       0x2c D:/software/Tools/GCC/arm-gnu-toolchain-14.2.rel1-mingw-w64-x86_64-arm-none-eabi/bin/../lib/gcc/arm-none-eabi/14.2.1/thumb/v6-m/nofp\libc_nano.a(libc_a-stdio.o)
                0x08002a70                __sseek
 .text.__sclose
                0x08002a9c        0xc D:/software/Tools/GCC/arm-gnu-toolchain-14.2.rel1-mingw-w64-x86_64-arm-none-eabi/bin/../lib/gcc/arm-none-eabi/14.2.1/thumb/v6-m/nofp\libc_nano.a(libc_a-stdio.o)
                0x08002a9c                __sclose
 .text.__swbuf_r
                0x08002aa8       0x84 D:/software/Tools/GCC/arm-gnu-toolchain-14.2.rel1-mingw-w64-x86_64-arm-none-eabi/bin/../lib/gcc/arm-none-eabi/14.2.1/thumb/v6-m/nofp\libc_nano.a(libc_a-wbuf.o)
                0x08002aa8                __swbuf_r
 .text.__swsetup_r
                0x08002b2c       0xb4 D:/software/Tools/GCC/arm-gnu-toolchain-14.2.rel1-mingw-w64-x86_64-arm-none-eabi/bin/../lib/gcc/arm-none-eabi/14.2.1/thumb/v6-m/nofp\libc_nano.a(libc_a-wsetup.o)
                0x08002b2c                __swsetup_r
 .text.memset   0x08002be0       0x10 D:/software/Tools/GCC/arm-gnu-toolchain-14.2.rel1-mingw-w64-x86_64-arm-none-eabi/bin/../lib/gcc/arm-none-eabi/14.2.1/thumb/v6-m/nofp\libc_nano.a(libc_a-memset.o)
                0x08002be0                memset
 .text._close_r
                0x08002bf0       0x24 D:/software/Tools/GCC/arm-gnu-toolchain-14.2.rel1-mingw-w64-x86_64-arm-none-eabi/bin/../lib/gcc/arm-none-eabi/14.2.1/thumb/v6-m/nofp\libc_nano.a(libc_a-closer.o)
                0x08002bf0                _close_r
 .text._lseek_r
                0x08002c14       0x28 D:/software/Tools/GCC/arm-gnu-toolchain-14.2.rel1-mingw-w64-x86_64-arm-none-eabi/bin/../lib/gcc/arm-none-eabi/14.2.1/thumb/v6-m/nofp\libc_nano.a(libc_a-lseekr.o)
                0x08002c14                _lseek_r
 .text._read_r  0x08002c3c       0x28 D:/software/Tools/GCC/arm-gnu-toolchain-14.2.rel1-mingw-w64-x86_64-arm-none-eabi/bin/../lib/gcc/arm-none-eabi/14.2.1/thumb/v6-m/nofp\libc_nano.a(libc_a-readr.o)
                0x08002c3c                _read_r
 .text._write_r
                0x08002c64       0x28 D:/software/Tools/GCC/arm-gnu-toolchain-14.2.rel1-mingw-w64-x86_64-arm-none-eabi/bin/../lib/gcc/arm-none-eabi/14.2.1/thumb/v6-m/nofp\libc_nano.a(libc_a-writer.o)
                0x08002c64                _write_r
 .text.__errno  0x08002c8c        0xc D:/software/Tools/GCC/arm-gnu-toolchain-14.2.rel1-mingw-w64-x86_64-arm-none-eabi/bin/../lib/gcc/arm-none-eabi/14.2.1/thumb/v6-m/nofp\libc_nano.a(libc_a-errno.o)
                0x08002c8c                __errno
 .text.__libc_init_array
                0x08002c98       0x48 D:/software/Tools/GCC/arm-gnu-toolchain-14.2.rel1-mingw-w64-x86_64-arm-none-eabi/bin/../lib/gcc/arm-none-eabi/14.2.1/thumb/v6-m/nofp\libc_nano.a(libc_a-init.o)
                0x08002c98                __libc_init_array
 .text.__retarget_lock_init_recursive
                0x08002ce0        0x2 D:/software/Tools/GCC/arm-gnu-toolchain-14.2.rel1-mingw-w64-x86_64-arm-none-eabi/bin/../lib/gcc/arm-none-eabi/14.2.1/thumb/v6-m/nofp\libc_nano.a(libc_a-lock.o)
                0x08002ce0                __retarget_lock_init_recursive
 .text.__retarget_lock_acquire_recursive
                0x08002ce2        0x2 D:/software/Tools/GCC/arm-gnu-toolchain-14.2.rel1-mingw-w64-x86_64-arm-none-eabi/bin/../lib/gcc/arm-none-eabi/14.2.1/thumb/v6-m/nofp\libc_nano.a(libc_a-lock.o)
                0x08002ce2                __retarget_lock_acquire_recursive
 .text.__retarget_lock_release_recursive
                0x08002ce4        0x2 D:/software/Tools/GCC/arm-gnu-toolchain-14.2.rel1-mingw-w64-x86_64-arm-none-eabi/bin/../lib/gcc/arm-none-eabi/14.2.1/thumb/v6-m/nofp\libc_nano.a(libc_a-lock.o)
                0x08002ce4                __retarget_lock_release_recursive
 .text.memcpy   0x08002ce6       0x12 D:/software/Tools/GCC/arm-gnu-toolchain-14.2.rel1-mingw-w64-x86_64-arm-none-eabi/bin/../lib/gcc/arm-none-eabi/14.2.1/thumb/v6-m/nofp\libc_nano.a(libc_a-memcpy-stub.o)
                0x08002ce6                memcpy
 .text._free_r  0x08002cf8       0x94 D:/software/Tools/GCC/arm-gnu-toolchain-14.2.rel1-mingw-w64-x86_64-arm-none-eabi/bin/../lib/gcc/arm-none-eabi/14.2.1/thumb/v6-m/nofp\libc_nano.a(libc_a-freer.o)
                0x08002cf8                _free_r
 .text.sbrk_aligned
                0x08002d8c       0x44 D:/software/Tools/GCC/arm-gnu-toolchain-14.2.rel1-mingw-w64-x86_64-arm-none-eabi/bin/../lib/gcc/arm-none-eabi/14.2.1/thumb/v6-m/nofp\libc_nano.a(libc_a-mallocr.o)
 .text._malloc_r
                0x08002dd0      0x100 D:/software/Tools/GCC/arm-gnu-toolchain-14.2.rel1-mingw-w64-x86_64-arm-none-eabi/bin/../lib/gcc/arm-none-eabi/14.2.1/thumb/v6-m/nofp\libc_nano.a(libc_a-mallocr.o)
                0x08002dd0                _malloc_r
 .text.__malloc_lock
                0x08002ed0       0x10 D:/software/Tools/GCC/arm-gnu-toolchain-14.2.rel1-mingw-w64-x86_64-arm-none-eabi/bin/../lib/gcc/arm-none-eabi/14.2.1/thumb/v6-m/nofp\libc_nano.a(libc_a-mlock.o)
                0x08002ed0                __malloc_lock
 .text.__malloc_unlock
                0x08002ee0       0x10 D:/software/Tools/GCC/arm-gnu-toolchain-14.2.rel1-mingw-w64-x86_64-arm-none-eabi/bin/../lib/gcc/arm-none-eabi/14.2.1/thumb/v6-m/nofp\libc_nano.a(libc_a-mlock.o)
                0x08002ee0                __malloc_unlock
 .text.__sfputc_r
                0x08002ef0       0x2a D:/software/Tools/GCC/arm-gnu-toolchain-14.2.rel1-mingw-w64-x86_64-arm-none-eabi/bin/../lib/gcc/arm-none-eabi/14.2.1/thumb/v6-m/nofp\libc_nano.a(libc_a-nano-vfprintf.o)
 .text.__sfputs_r
                0x08002f1a       0x24 D:/software/Tools/GCC/arm-gnu-toolchain-14.2.rel1-mingw-w64-x86_64-arm-none-eabi/bin/../lib/gcc/arm-none-eabi/14.2.1/thumb/v6-m/nofp\libc_nano.a(libc_a-nano-vfprintf.o)
                0x08002f1a                __sfputs_r
 *fill*         0x08002f3e        0x2 
 .text._vfprintf_r
                0x08002f40      0x240 D:/software/Tools/GCC/arm-gnu-toolchain-14.2.rel1-mingw-w64-x86_64-arm-none-eabi/bin/../lib/gcc/arm-none-eabi/14.2.1/thumb/v6-m/nofp\libc_nano.a(libc_a-nano-vfprintf.o)
                0x08002f40                _vfprintf_r
                0x08002f40                _vfiprintf_r
 .text._printf_common
                0x08003180       0xde D:/software/Tools/GCC/arm-gnu-toolchain-14.2.rel1-mingw-w64-x86_64-arm-none-eabi/bin/../lib/gcc/arm-none-eabi/14.2.1/thumb/v6-m/nofp\libc_nano.a(libc_a-nano-vfprintf_i.o)
                0x08003180                _printf_common
 *fill*         0x0800325e        0x2 
 .text._printf_i
                0x08003260      0x218 D:/software/Tools/GCC/arm-gnu-toolchain-14.2.rel1-mingw-w64-x86_64-arm-none-eabi/bin/../lib/gcc/arm-none-eabi/14.2.1/thumb/v6-m/nofp\libc_nano.a(libc_a-nano-vfprintf_i.o)
                0x08003260                _printf_i
 .text.__sflush_r
                0x08003478      0x114 D:/software/Tools/GCC/arm-gnu-toolchain-14.2.rel1-mingw-w64-x86_64-arm-none-eabi/bin/../lib/gcc/arm-none-eabi/14.2.1/thumb/v6-m/nofp\libc_nano.a(libc_a-fflush.o)
                0x08003478                __sflush_r
 .text._fflush_r
                0x0800358c       0x56 D:/software/Tools/GCC/arm-gnu-toolchain-14.2.rel1-mingw-w64-x86_64-arm-none-eabi/bin/../lib/gcc/arm-none-eabi/14.2.1/thumb/v6-m/nofp\libc_nano.a(libc_a-fflush.o)
                0x0800358c                _fflush_r
 *fill*         0x080035e2        0x2 
 .text.__swhatbuf_r
                0x080035e4       0x54 D:/software/Tools/GCC/arm-gnu-toolchain-14.2.rel1-mingw-w64-x86_64-arm-none-eabi/bin/../lib/gcc/arm-none-eabi/14.2.1/thumb/v6-m/nofp\libc_nano.a(libc_a-makebuf.o)
                0x080035e4                __swhatbuf_r
 .text.__smakebuf_r
                0x08003638       0x72 D:/software/Tools/GCC/arm-gnu-toolchain-14.2.rel1-mingw-w64-x86_64-arm-none-eabi/bin/../lib/gcc/arm-none-eabi/14.2.1/thumb/v6-m/nofp\libc_nano.a(libc_a-makebuf.o)
                0x08003638                __smakebuf_r
 *fill*         0x080036aa        0x2 
 .text._fstat_r
                0x080036ac       0x24 D:/software/Tools/GCC/arm-gnu-toolchain-14.2.rel1-mingw-w64-x86_64-arm-none-eabi/bin/../lib/gcc/arm-none-eabi/14.2.1/thumb/v6-m/nofp\libc_nano.a(libc_a-fstatr.o)
                0x080036ac                _fstat_r
 .text._isatty_r
                0x080036d0       0x24 D:/software/Tools/GCC/arm-gnu-toolchain-14.2.rel1-mingw-w64-x86_64-arm-none-eabi/bin/../lib/gcc/arm-none-eabi/14.2.1/thumb/v6-m/nofp\libc_nano.a(libc_a-isattyr.o)
                0x080036d0                _isatty_r
 .text._sbrk_r  0x080036f4       0x24 D:/software/Tools/GCC/arm-gnu-toolchain-14.2.rel1-mingw-w64-x86_64-arm-none-eabi/bin/../lib/gcc/arm-none-eabi/14.2.1/thumb/v6-m/nofp\libc_nano.a(libc_a-sbrkr.o)
                0x080036f4                _sbrk_r
 .text.memchr   0x08003718       0x16 D:/software/Tools/GCC/arm-gnu-toolchain-14.2.rel1-mingw-w64-x86_64-arm-none-eabi/bin/../lib/gcc/arm-none-eabi/14.2.1/thumb/v6-m/nofp\libc_nano.a(libc_a-memchr-stub.o)
                0x08003718                memchr
 *fill*         0x0800372e        0x2 
 .text.__eqsf2  0x08003730       0x50 D:/software/Tools/GCC/arm-gnu-toolchain-14.2.rel1-mingw-w64-x86_64-arm-none-eabi/bin/../lib/gcc/arm-none-eabi/14.2.1/thumb/v6-m/nofp\libgcc.a(eqsf2.o)
                0x08003730                __eqsf2
                0x08003730                __nesf2
 .text.__gesf2  0x08003780       0x90 D:/software/Tools/GCC/arm-gnu-toolchain-14.2.rel1-mingw-w64-x86_64-arm-none-eabi/bin/../lib/gcc/arm-none-eabi/14.2.1/thumb/v6-m/nofp\libgcc.a(gesf2.o)
                0x08003780                __gesf2
                0x08003780                __gtsf2
 .text.__lesf2  0x08003810       0x90 D:/software/Tools/GCC/arm-gnu-toolchain-14.2.rel1-mingw-w64-x86_64-arm-none-eabi/bin/../lib/gcc/arm-none-eabi/14.2.1/thumb/v6-m/nofp\libgcc.a(lesf2.o)
                0x08003810                __ltsf2
                0x08003810                __lesf2
 *(.glue_7)
 .glue_7        0x080038a0        0x0 linker stubs
 *(.glue_7t)
 .glue_7t       0x080038a0        0x0 linker stubs
 *(.eh_frame)
 .eh_frame      0x080038a0        0x0 D:/software/Tools/GCC/arm-gnu-toolchain-14.2.rel1-mingw-w64-x86_64-arm-none-eabi/bin/../lib/gcc/arm-none-eabi/14.2.1/thumb/v6-m/nofp/crtbegin.o
 *(.init)
 .init          0x080038a0        0x4 D:/software/Tools/GCC/arm-gnu-toolchain-14.2.rel1-mingw-w64-x86_64-arm-none-eabi/bin/../lib/gcc/arm-none-eabi/14.2.1/thumb/v6-m/nofp/crti.o
                0x080038a0                _init
 .init          0x080038a4        0x8 D:/software/Tools/GCC/arm-gnu-toolchain-14.2.rel1-mingw-w64-x86_64-arm-none-eabi/bin/../lib/gcc/arm-none-eabi/14.2.1/thumb/v6-m/nofp/crtn.o
 *(.fini)
 .fini          0x080038ac        0x4 D:/software/Tools/GCC/arm-gnu-toolchain-14.2.rel1-mingw-w64-x86_64-arm-none-eabi/bin/../lib/gcc/arm-none-eabi/14.2.1/thumb/v6-m/nofp/crti.o
                0x080038ac                _fini
 .fini          0x080038b0        0x8 D:/software/Tools/GCC/arm-gnu-toolchain-14.2.rel1-mingw-w64-x86_64-arm-none-eabi/bin/../lib/gcc/arm-none-eabi/14.2.1/thumb/v6-m/nofp/crtn.o
                0x080038b8                        . = ALIGN (0x4)
                0x080038b8                        _etext = .

.vfp11_veneer   0x080038b8        0x0
 .vfp11_veneer  0x080038b8        0x0 linker stubs

.v4_bx          0x080038b8        0x0
 .v4_bx         0x080038b8        0x0 linker stubs

.iplt           0x080038b8        0x0
 .iplt          0x080038b8        0x0 D:/software/Tools/GCC/arm-gnu-toolchain-14.2.rel1-mingw-w64-x86_64-arm-none-eabi/bin/../lib/gcc/arm-none-eabi/14.2.1/thumb/v6-m/nofp/crtbegin.o

.rodata         0x080038b8      0x180
                0x080038b8                        . = ALIGN (0x4)
 *(.rodata)
 .rodata        0x080038b8       0x10 build/debug/drv8301.o
 *(.rodata*)
 .rodata.DRV8301_ReadReg.str1.4
                0x080038c8      0x102 build/debug/drv8301.o
                                 0x23 (size before relaxing)
 .rodata.DRV8301_Init.str1.4
                0x080039ca       0x8e build/debug/drv8301.o
 .rodata.HAL_GPIO_EXTI_Callback.str1.4
                0x080039ca       0x1e build/debug/main.o
 .rodata.main.str1.4
                0x080039ca       0x2e build/debug/main.o
 *fill*         0x080039ca        0x2 
 .rodata.aPredivFactorTable.0
                0x080039cc       0x10 build/debug/stm32f0xx_hal_rcc.o
 .rodata.aPLLMULFactorTable.1
                0x080039dc       0x10 build/debug/stm32f0xx_hal_rcc.o
 .rodata.APBPrescTable
                0x080039ec        0x8 build/debug/system_stm32f0xx.o
                0x080039ec                APBPrescTable
 .rodata.AHBPrescTable
                0x080039f4       0x10 build/debug/system_stm32f0xx.o
                0x080039f4                AHBPrescTable
 .rodata._vfprintf_r.str1.1
                0x08003a04       0x33 D:/software/Tools/GCC/arm-gnu-toolchain-14.2.rel1-mingw-w64-x86_64-arm-none-eabi/bin/../lib/gcc/arm-none-eabi/14.2.1/thumb/v6-m/nofp\libc_nano.a(libc_a-nano-vfprintf.o)
                                 0x11 (size before relaxing)
 .rodata._printf_i.str1.1
                0x08003a37       0x22 D:/software/Tools/GCC/arm-gnu-toolchain-14.2.rel1-mingw-w64-x86_64-arm-none-eabi/bin/../lib/gcc/arm-none-eabi/14.2.1/thumb/v6-m/nofp\libc_nano.a(libc_a-nano-vfprintf_i.o)
                0x08003a5c                        . = ALIGN (0x4)
 *fill*         0x08003a37        0x1 

.ARM.extab      0x08003a38        0x0
                0x08003a38                        . = ALIGN (0x4)
 *(.ARM.extab* .gnu.linkonce.armextab.*)
                0x08003a38                        . = ALIGN (0x4)

.ARM            0x08003a38        0x0
                0x08003a38                        . = ALIGN (0x4)
                0x08003a38                        __exidx_start = .
 *(.ARM.exidx*)
                0x08003a38                        __exidx_end = .
                0x08003a38                        . = ALIGN (0x4)

.preinit_array  0x08003a38        0x0
                0x08003a38                        . = ALIGN (0x4)
                0x08003a38                        PROVIDE (__preinit_array_start = .)
 *(.preinit_array*)
                0x08003a38                        PROVIDE (__preinit_array_end = .)
                0x08003a38                        . = ALIGN (0x4)

.init_array     0x08003a38        0x4
                0x08003a38                        . = ALIGN (0x4)
                0x08003a38                        PROVIDE (__init_array_start = .)
 *(SORT_BY_NAME(.init_array.*))
 *(.init_array*)
 .init_array    0x08003a38        0x4 D:/software/Tools/GCC/arm-gnu-toolchain-14.2.rel1-mingw-w64-x86_64-arm-none-eabi/bin/../lib/gcc/arm-none-eabi/14.2.1/thumb/v6-m/nofp/crtbegin.o
                0x08003a3c                        PROVIDE (__init_array_end = .)
                0x08003a3c                        . = ALIGN (0x4)

.fini_array     0x08003a3c        0x4
                0x08003a3c                        . = ALIGN (0x4)
                [!provide]                        PROVIDE (__fini_array_start = .)
 *(SORT_BY_NAME(.fini_array.*))
 *(.fini_array*)
 .fini_array    0x08003a3c        0x4 D:/software/Tools/GCC/arm-gnu-toolchain-14.2.rel1-mingw-w64-x86_64-arm-none-eabi/bin/../lib/gcc/arm-none-eabi/14.2.1/thumb/v6-m/nofp/crtbegin.o
                [!provide]                        PROVIDE (__fini_array_end = .)
                0x08003a40                        . = ALIGN (0x4)
                0x08003a40                        _sidata = LOADADDR (.data)

.rel.dyn        0x08003a40        0x0
 .rel.iplt      0x08003a40        0x0 D:/software/Tools/GCC/arm-gnu-toolchain-14.2.rel1-mingw-w64-x86_64-arm-none-eabi/bin/../lib/gcc/arm-none-eabi/14.2.1/thumb/v6-m/nofp/crtbegin.o

.data           0x20000000       0x68 load address 0x08003a40
                0x20000000                        . = ALIGN (0x4)
                0x20000000                        _sdata = .
 *(.data)
 *(.data*)
 .data.uwTickFreq
                0x20000000        0x1 build/debug/stm32f0xx_hal.o
                0x20000000                uwTickFreq
 *fill*         0x20000001        0x3 
 .data.uwTickPrio
                0x20000004        0x4 build/debug/stm32f0xx_hal.o
                0x20000004                uwTickPrio
 .data.SystemCoreClock
                0x20000008        0x4 build/debug/system_stm32f0xx.o
                0x20000008                SystemCoreClock
 .data.__sglue  0x2000000c        0xc D:/software/Tools/GCC/arm-gnu-toolchain-14.2.rel1-mingw-w64-x86_64-arm-none-eabi/bin/../lib/gcc/arm-none-eabi/14.2.1/thumb/v6-m/nofp\libc_nano.a(libc_a-findfp.o)
                0x2000000c                __sglue
 .data._impure_ptr
                0x20000018        0x4 D:/software/Tools/GCC/arm-gnu-toolchain-14.2.rel1-mingw-w64-x86_64-arm-none-eabi/bin/../lib/gcc/arm-none-eabi/14.2.1/thumb/v6-m/nofp\libc_nano.a(libc_a-impure.o)
                0x20000018                _impure_ptr
 .data._impure_data
                0x2000001c       0x4c D:/software/Tools/GCC/arm-gnu-toolchain-14.2.rel1-mingw-w64-x86_64-arm-none-eabi/bin/../lib/gcc/arm-none-eabi/14.2.1/thumb/v6-m/nofp\libc_nano.a(libc_a-impure.o)
                0x2000001c                _impure_data
 *(.RamFunc)
 *(.RamFunc*)
                0x20000068                        . = ALIGN (0x4)
                0x20000068                        _edata = .

.tm_clone_table
                0x20000068        0x0 load address 0x08003aa8
 .tm_clone_table
                0x20000068        0x0 D:/software/Tools/GCC/arm-gnu-toolchain-14.2.rel1-mingw-w64-x86_64-arm-none-eabi/bin/../lib/gcc/arm-none-eabi/14.2.1/thumb/v6-m/nofp/crtbegin.o
 .tm_clone_table
                0x20000068        0x0 D:/software/Tools/GCC/arm-gnu-toolchain-14.2.rel1-mingw-w64-x86_64-arm-none-eabi/bin/../lib/gcc/arm-none-eabi/14.2.1/thumb/v6-m/nofp/crtend.o

.igot.plt       0x20000068        0x0 load address 0x08003aa8
 .igot.plt      0x20000068        0x0 D:/software/Tools/GCC/arm-gnu-toolchain-14.2.rel1-mingw-w64-x86_64-arm-none-eabi/bin/../lib/gcc/arm-none-eabi/14.2.1/thumb/v6-m/nofp/crtbegin.o
                0x20000068                        . = ALIGN (0x4)

.bss            0x20000068      0x2f4 load address 0x08003aa8
                0x20000068                        _sbss = .
                0x20000068                        __bss_start__ = _sbss
 *(.bss)
 *(.bss*)
 .bss.completed.1
                0x20000068        0x1 D:/software/Tools/GCC/arm-gnu-toolchain-14.2.rel1-mingw-w64-x86_64-arm-none-eabi/bin/../lib/gcc/arm-none-eabi/14.2.1/thumb/v6-m/nofp/crtbegin.o
 *fill*         0x20000069        0x3 
 .bss.object.0  0x2000006c       0x18 D:/software/Tools/GCC/arm-gnu-toolchain-14.2.rel1-mingw-w64-x86_64-arm-none-eabi/bin/../lib/gcc/arm-none-eabi/14.2.1/thumb/v6-m/nofp/crtbegin.o
 .bss.hadc      0x20000084       0x40 build/debug/adc.o
                0x20000084                hadc
 .bss.hi2c1     0x200000c4       0x54 build/debug/i2c.o
                0x200000c4                hi2c1
 .bss.hspi1     0x20000118       0x64 build/debug/spi.o
                0x20000118                hspi1
 .bss.uwTick    0x2000017c        0x4 build/debug/stm32f0xx_hal.o
                0x2000017c                uwTick
 .bss.__sbrk_heap_end
                0x20000180        0x4 build/debug/sysmem.o
 .bss.huart1    0x20000184       0x88 build/debug/usart.o
                0x20000184                huart1
 .bss.USART_IS_OK
                0x2000020c        0x4 build/debug/usart.o
                0x2000020c                USART_IS_OK
 .bss.__sf      0x20000210      0x138 D:/software/Tools/GCC/arm-gnu-toolchain-14.2.rel1-mingw-w64-x86_64-arm-none-eabi/bin/../lib/gcc/arm-none-eabi/14.2.1/thumb/v6-m/nofp\libc_nano.a(libc_a-findfp.o)
                0x20000210                __sf
 .bss.__stdio_exit_handler
                0x20000348        0x4 D:/software/Tools/GCC/arm-gnu-toolchain-14.2.rel1-mingw-w64-x86_64-arm-none-eabi/bin/../lib/gcc/arm-none-eabi/14.2.1/thumb/v6-m/nofp\libc_nano.a(libc_a-findfp.o)
                0x20000348                __stdio_exit_handler
 .bss.errno     0x2000034c        0x4 D:/software/Tools/GCC/arm-gnu-toolchain-14.2.rel1-mingw-w64-x86_64-arm-none-eabi/bin/../lib/gcc/arm-none-eabi/14.2.1/thumb/v6-m/nofp\libc_nano.a(libc_a-reent.o)
                0x2000034c                errno
 .bss.__lock___malloc_recursive_mutex
                0x20000350        0x1 D:/software/Tools/GCC/arm-gnu-toolchain-14.2.rel1-mingw-w64-x86_64-arm-none-eabi/bin/../lib/gcc/arm-none-eabi/14.2.1/thumb/v6-m/nofp\libc_nano.a(libc_a-lock.o)
                0x20000350                __lock___malloc_recursive_mutex
 .bss.__lock___sfp_recursive_mutex
                0x20000351        0x1 D:/software/Tools/GCC/arm-gnu-toolchain-14.2.rel1-mingw-w64-x86_64-arm-none-eabi/bin/../lib/gcc/arm-none-eabi/14.2.1/thumb/v6-m/nofp\libc_nano.a(libc_a-lock.o)
                0x20000351                __lock___sfp_recursive_mutex
 *fill*         0x20000352        0x2 
 .bss.__malloc_sbrk_start
                0x20000354        0x4 D:/software/Tools/GCC/arm-gnu-toolchain-14.2.rel1-mingw-w64-x86_64-arm-none-eabi/bin/../lib/gcc/arm-none-eabi/14.2.1/thumb/v6-m/nofp\libc_nano.a(libc_a-mallocr.o)
                0x20000354                __malloc_sbrk_start
 .bss.__malloc_free_list
                0x20000358        0x4 D:/software/Tools/GCC/arm-gnu-toolchain-14.2.rel1-mingw-w64-x86_64-arm-none-eabi/bin/../lib/gcc/arm-none-eabi/14.2.1/thumb/v6-m/nofp\libc_nano.a(libc_a-mallocr.o)
                0x20000358                __malloc_free_list
 *(COMMON)
                0x2000035c                        . = ALIGN (0x4)
                0x2000035c                        _ebss = .
                0x2000035c                        __bss_end__ = _ebss

._user_heap_stack
                0x2000035c      0x604 load address 0x08003aa8
                0x20000360                        . = ALIGN (0x8)
 *fill*         0x2000035c        0x4 
                [!provide]                        PROVIDE (end = .)
                0x20000360                        PROVIDE (_end = .)
                0x20000560                        . = (. + _Min_Heap_Size)
 *fill*         0x20000360      0x200 
                0x20000960                        . = (. + _Min_Stack_Size)
 *fill*         0x20000560      0x400 
                0x20000960                        . = ALIGN (0x8)

/DISCARD/
 libc.a(*)
 libm.a(*)
 libgcc.a(*)
OUTPUT(build/debug/SVPWM_Ctrl.elf elf32-littlearm)
LOAD linker stubs
LOAD D:/software/Tools/GCC/arm-gnu-toolchain-14.2.rel1-mingw-w64-x86_64-arm-none-eabi/bin/../lib/gcc/arm-none-eabi/14.2.1/thumb/v6-m/nofp\libc.a
LOAD D:/software/Tools/GCC/arm-gnu-toolchain-14.2.rel1-mingw-w64-x86_64-arm-none-eabi/bin/../lib/gcc/arm-none-eabi/14.2.1/thumb/v6-m/nofp\libm.a
LOAD D:/software/Tools/GCC/arm-gnu-toolchain-14.2.rel1-mingw-w64-x86_64-arm-none-eabi/bin/../lib/gcc/arm-none-eabi/14.2.1/thumb/v6-m/nofp\libgcc.a

.ARM.attributes
                0x00000000       0x28
 .ARM.attributes
                0x00000000       0x1e D:/software/Tools/GCC/arm-gnu-toolchain-14.2.rel1-mingw-w64-x86_64-arm-none-eabi/bin/../lib/gcc/arm-none-eabi/14.2.1/thumb/v6-m/nofp/crti.o
 .ARM.attributes
                0x0000001e       0x2c D:/software/Tools/GCC/arm-gnu-toolchain-14.2.rel1-mingw-w64-x86_64-arm-none-eabi/bin/../lib/gcc/arm-none-eabi/14.2.1/thumb/v6-m/nofp/crtbegin.o
 .ARM.attributes
                0x0000004a       0x2c build/debug/adc.o
 .ARM.attributes
                0x00000076       0x2c build/debug/drv8301.o
 .ARM.attributes
                0x000000a2       0x2c build/debug/gpio.o
 .ARM.attributes
                0x000000ce       0x2c build/debug/i2c.o
 .ARM.attributes
                0x000000fa       0x2c build/debug/main.o
 .ARM.attributes
                0x00000126       0x2c build/debug/spi.o
 .ARM.attributes
                0x00000152       0x2c build/debug/stm32f0xx_hal.o
 .ARM.attributes
                0x0000017e       0x2c build/debug/stm32f0xx_hal_adc.o
 .ARM.attributes
                0x000001aa       0x2c build/debug/stm32f0xx_hal_cortex.o
 .ARM.attributes
                0x000001d6       0x2c build/debug/stm32f0xx_hal_gpio.o
 .ARM.attributes
                0x00000202       0x2c build/debug/stm32f0xx_hal_i2c.o
 .ARM.attributes
                0x0000022e       0x2c build/debug/stm32f0xx_hal_i2c_ex.o
 .ARM.attributes
                0x0000025a       0x2c build/debug/stm32f0xx_hal_msp.o
 .ARM.attributes
                0x00000286       0x2c build/debug/stm32f0xx_hal_rcc.o
 .ARM.attributes
                0x000002b2       0x2c build/debug/stm32f0xx_hal_rcc_ex.o
 .ARM.attributes
                0x000002de       0x2c build/debug/stm32f0xx_hal_spi.o
 .ARM.attributes
                0x0000030a       0x2c build/debug/stm32f0xx_hal_uart.o
 .ARM.attributes
                0x00000336       0x2c build/debug/stm32f0xx_it.o
 .ARM.attributes
                0x00000362       0x2c build/debug/syscalls.o
 .ARM.attributes
                0x0000038e       0x2c build/debug/sysmem.o
 .ARM.attributes
                0x000003ba       0x2c build/debug/system_stm32f0xx.o
 .ARM.attributes
                0x000003e6       0x2c build/debug/usart.o
 .ARM.attributes
                0x00000412       0x2c build/debug/utils.o
 .ARM.attributes
                0x0000043e       0x21 build/debug/startup_stm32f031x6.o
 .ARM.attributes
                0x0000045f       0x2c D:/software/Tools/GCC/arm-gnu-toolchain-14.2.rel1-mingw-w64-x86_64-arm-none-eabi/bin/../lib/gcc/arm-none-eabi/14.2.1/thumb/v6-m/nofp\libc_nano.a(libc_a-findfp.o)
 .ARM.attributes
                0x0000048b       0x2c D:/software/Tools/GCC/arm-gnu-toolchain-14.2.rel1-mingw-w64-x86_64-arm-none-eabi/bin/../lib/gcc/arm-none-eabi/14.2.1/thumb/v6-m/nofp\libc_nano.a(libc_a-fwalk.o)
 .ARM.attributes
                0x000004b7       0x2c D:/software/Tools/GCC/arm-gnu-toolchain-14.2.rel1-mingw-w64-x86_64-arm-none-eabi/bin/../lib/gcc/arm-none-eabi/14.2.1/thumb/v6-m/nofp\libc_nano.a(libc_a-printf.o)
 .ARM.attributes
                0x000004e3       0x2c D:/software/Tools/GCC/arm-gnu-toolchain-14.2.rel1-mingw-w64-x86_64-arm-none-eabi/bin/../lib/gcc/arm-none-eabi/14.2.1/thumb/v6-m/nofp\libc_nano.a(libc_a-puts.o)
 .ARM.attributes
                0x0000050f       0x2c D:/software/Tools/GCC/arm-gnu-toolchain-14.2.rel1-mingw-w64-x86_64-arm-none-eabi/bin/../lib/gcc/arm-none-eabi/14.2.1/thumb/v6-m/nofp\libc_nano.a(libc_a-stdio.o)
 .ARM.attributes
                0x0000053b       0x2c D:/software/Tools/GCC/arm-gnu-toolchain-14.2.rel1-mingw-w64-x86_64-arm-none-eabi/bin/../lib/gcc/arm-none-eabi/14.2.1/thumb/v6-m/nofp\libc_nano.a(libc_a-wbuf.o)
 .ARM.attributes
                0x00000567       0x2c D:/software/Tools/GCC/arm-gnu-toolchain-14.2.rel1-mingw-w64-x86_64-arm-none-eabi/bin/../lib/gcc/arm-none-eabi/14.2.1/thumb/v6-m/nofp\libc_nano.a(libc_a-wsetup.o)
 .ARM.attributes
                0x00000593       0x2c D:/software/Tools/GCC/arm-gnu-toolchain-14.2.rel1-mingw-w64-x86_64-arm-none-eabi/bin/../lib/gcc/arm-none-eabi/14.2.1/thumb/v6-m/nofp\libc_nano.a(libc_a-memset.o)
 .ARM.attributes
                0x000005bf       0x2c D:/software/Tools/GCC/arm-gnu-toolchain-14.2.rel1-mingw-w64-x86_64-arm-none-eabi/bin/../lib/gcc/arm-none-eabi/14.2.1/thumb/v6-m/nofp\libc_nano.a(libc_a-closer.o)
 .ARM.attributes
                0x000005eb       0x2c D:/software/Tools/GCC/arm-gnu-toolchain-14.2.rel1-mingw-w64-x86_64-arm-none-eabi/bin/../lib/gcc/arm-none-eabi/14.2.1/thumb/v6-m/nofp\libc_nano.a(libc_a-reent.o)
 .ARM.attributes
                0x00000617       0x2c D:/software/Tools/GCC/arm-gnu-toolchain-14.2.rel1-mingw-w64-x86_64-arm-none-eabi/bin/../lib/gcc/arm-none-eabi/14.2.1/thumb/v6-m/nofp\libc_nano.a(libc_a-impure.o)
 .ARM.attributes
                0x00000643       0x2c D:/software/Tools/GCC/arm-gnu-toolchain-14.2.rel1-mingw-w64-x86_64-arm-none-eabi/bin/../lib/gcc/arm-none-eabi/14.2.1/thumb/v6-m/nofp\libc_nano.a(libc_a-lseekr.o)
 .ARM.attributes
                0x0000066f       0x2c D:/software/Tools/GCC/arm-gnu-toolchain-14.2.rel1-mingw-w64-x86_64-arm-none-eabi/bin/../lib/gcc/arm-none-eabi/14.2.1/thumb/v6-m/nofp\libc_nano.a(libc_a-readr.o)
 .ARM.attributes
                0x0000069b       0x2c D:/software/Tools/GCC/arm-gnu-toolchain-14.2.rel1-mingw-w64-x86_64-arm-none-eabi/bin/../lib/gcc/arm-none-eabi/14.2.1/thumb/v6-m/nofp\libc_nano.a(libc_a-writer.o)
 .ARM.attributes
                0x000006c7       0x2c D:/software/Tools/GCC/arm-gnu-toolchain-14.2.rel1-mingw-w64-x86_64-arm-none-eabi/bin/../lib/gcc/arm-none-eabi/14.2.1/thumb/v6-m/nofp\libc_nano.a(libc_a-errno.o)
 .ARM.attributes
                0x000006f3       0x2c D:/software/Tools/GCC/arm-gnu-toolchain-14.2.rel1-mingw-w64-x86_64-arm-none-eabi/bin/../lib/gcc/arm-none-eabi/14.2.1/thumb/v6-m/nofp\libc_nano.a(libc_a-init.o)
 .ARM.attributes
                0x0000071f       0x2c D:/software/Tools/GCC/arm-gnu-toolchain-14.2.rel1-mingw-w64-x86_64-arm-none-eabi/bin/../lib/gcc/arm-none-eabi/14.2.1/thumb/v6-m/nofp\libc_nano.a(libc_a-lock.o)
 .ARM.attributes
                0x0000074b       0x2c D:/software/Tools/GCC/arm-gnu-toolchain-14.2.rel1-mingw-w64-x86_64-arm-none-eabi/bin/../lib/gcc/arm-none-eabi/14.2.1/thumb/v6-m/nofp\libc_nano.a(libc_a-memcpy-stub.o)
 .ARM.attributes
                0x00000777       0x2c D:/software/Tools/GCC/arm-gnu-toolchain-14.2.rel1-mingw-w64-x86_64-arm-none-eabi/bin/../lib/gcc/arm-none-eabi/14.2.1/thumb/v6-m/nofp\libc_nano.a(libc_a-freer.o)
 .ARM.attributes
                0x000007a3       0x2c D:/software/Tools/GCC/arm-gnu-toolchain-14.2.rel1-mingw-w64-x86_64-arm-none-eabi/bin/../lib/gcc/arm-none-eabi/14.2.1/thumb/v6-m/nofp\libc_nano.a(libc_a-mallocr.o)
 .ARM.attributes
                0x000007cf       0x2c D:/software/Tools/GCC/arm-gnu-toolchain-14.2.rel1-mingw-w64-x86_64-arm-none-eabi/bin/../lib/gcc/arm-none-eabi/14.2.1/thumb/v6-m/nofp\libc_nano.a(libc_a-mlock.o)
 .ARM.attributes
                0x000007fb       0x2c D:/software/Tools/GCC/arm-gnu-toolchain-14.2.rel1-mingw-w64-x86_64-arm-none-eabi/bin/../lib/gcc/arm-none-eabi/14.2.1/thumb/v6-m/nofp\libc_nano.a(libc_a-nano-vfprintf.o)
 .ARM.attributes
                0x00000827       0x2c D:/software/Tools/GCC/arm-gnu-toolchain-14.2.rel1-mingw-w64-x86_64-arm-none-eabi/bin/../lib/gcc/arm-none-eabi/14.2.1/thumb/v6-m/nofp\libc_nano.a(libc_a-nano-vfprintf_i.o)
 .ARM.attributes
                0x00000853       0x2c D:/software/Tools/GCC/arm-gnu-toolchain-14.2.rel1-mingw-w64-x86_64-arm-none-eabi/bin/../lib/gcc/arm-none-eabi/14.2.1/thumb/v6-m/nofp\libc_nano.a(libc_a-fflush.o)
 .ARM.attributes
                0x0000087f       0x2c D:/software/Tools/GCC/arm-gnu-toolchain-14.2.rel1-mingw-w64-x86_64-arm-none-eabi/bin/../lib/gcc/arm-none-eabi/14.2.1/thumb/v6-m/nofp\libc_nano.a(libc_a-makebuf.o)
 .ARM.attributes
                0x000008ab       0x2c D:/software/Tools/GCC/arm-gnu-toolchain-14.2.rel1-mingw-w64-x86_64-arm-none-eabi/bin/../lib/gcc/arm-none-eabi/14.2.1/thumb/v6-m/nofp\libc_nano.a(libc_a-fstatr.o)
 .ARM.attributes
                0x000008d7       0x2c D:/software/Tools/GCC/arm-gnu-toolchain-14.2.rel1-mingw-w64-x86_64-arm-none-eabi/bin/../lib/gcc/arm-none-eabi/14.2.1/thumb/v6-m/nofp\libc_nano.a(libc_a-isattyr.o)
 .ARM.attributes
                0x00000903       0x2c D:/software/Tools/GCC/arm-gnu-toolchain-14.2.rel1-mingw-w64-x86_64-arm-none-eabi/bin/../lib/gcc/arm-none-eabi/14.2.1/thumb/v6-m/nofp\libc_nano.a(libc_a-sbrkr.o)
 .ARM.attributes
                0x0000092f       0x2c D:/software/Tools/GCC/arm-gnu-toolchain-14.2.rel1-mingw-w64-x86_64-arm-none-eabi/bin/../lib/gcc/arm-none-eabi/14.2.1/thumb/v6-m/nofp\libc_nano.a(libc_a-memchr-stub.o)
 .ARM.attributes
                0x0000095b       0x1e D:/software/Tools/GCC/arm-gnu-toolchain-14.2.rel1-mingw-w64-x86_64-arm-none-eabi/bin/../lib/gcc/arm-none-eabi/14.2.1/thumb/v6-m/nofp\libgcc.a(_thumb1_case_shi.o)
 .ARM.attributes
                0x00000979       0x1e D:/software/Tools/GCC/arm-gnu-toolchain-14.2.rel1-mingw-w64-x86_64-arm-none-eabi/bin/../lib/gcc/arm-none-eabi/14.2.1/thumb/v6-m/nofp\libgcc.a(_udivsi3.o)
 .ARM.attributes
                0x00000997       0x1e D:/software/Tools/GCC/arm-gnu-toolchain-14.2.rel1-mingw-w64-x86_64-arm-none-eabi/bin/../lib/gcc/arm-none-eabi/14.2.1/thumb/v6-m/nofp\libgcc.a(_dvmd_tls.o)
 .ARM.attributes
                0x000009b5       0x1e D:/software/Tools/GCC/arm-gnu-toolchain-14.2.rel1-mingw-w64-x86_64-arm-none-eabi/bin/../lib/gcc/arm-none-eabi/14.2.1/thumb/v6-m/nofp\libgcc.a(_arm_cmpsf2.o)
 .ARM.attributes
                0x000009d3       0x2c D:/software/Tools/GCC/arm-gnu-toolchain-14.2.rel1-mingw-w64-x86_64-arm-none-eabi/bin/../lib/gcc/arm-none-eabi/14.2.1/thumb/v6-m/nofp\libgcc.a(eqsf2.o)
 .ARM.attributes
                0x000009ff       0x2c D:/software/Tools/GCC/arm-gnu-toolchain-14.2.rel1-mingw-w64-x86_64-arm-none-eabi/bin/../lib/gcc/arm-none-eabi/14.2.1/thumb/v6-m/nofp\libgcc.a(gesf2.o)
 .ARM.attributes
                0x00000a2b       0x2c D:/software/Tools/GCC/arm-gnu-toolchain-14.2.rel1-mingw-w64-x86_64-arm-none-eabi/bin/../lib/gcc/arm-none-eabi/14.2.1/thumb/v6-m/nofp\libgcc.a(lesf2.o)
 .ARM.attributes
                0x00000a57       0x2c D:/software/Tools/GCC/arm-gnu-toolchain-14.2.rel1-mingw-w64-x86_64-arm-none-eabi/bin/../lib/gcc/arm-none-eabi/14.2.1/thumb/v6-m/nofp/crtend.o
 .ARM.attributes
                0x00000a83       0x1e D:/software/Tools/GCC/arm-gnu-toolchain-14.2.rel1-mingw-w64-x86_64-arm-none-eabi/bin/../lib/gcc/arm-none-eabi/14.2.1/thumb/v6-m/nofp/crtn.o

.comment        0x00000000       0x45
 .comment       0x00000000       0x45 build/debug/adc.o
                                 0x46 (size before relaxing)
 .comment       0x00000045       0x46 build/debug/drv8301.o
 .comment       0x00000045       0x46 build/debug/gpio.o
 .comment       0x00000045       0x46 build/debug/i2c.o
 .comment       0x00000045       0x46 build/debug/main.o
 .comment       0x00000045       0x46 build/debug/spi.o
 .comment       0x00000045       0x46 build/debug/stm32f0xx_hal.o
 .comment       0x00000045       0x46 build/debug/stm32f0xx_hal_adc.o
 .comment       0x00000045       0x46 build/debug/stm32f0xx_hal_cortex.o
 .comment       0x00000045       0x46 build/debug/stm32f0xx_hal_gpio.o
 .comment       0x00000045       0x46 build/debug/stm32f0xx_hal_i2c.o
 .comment       0x00000045       0x46 build/debug/stm32f0xx_hal_i2c_ex.o
 .comment       0x00000045       0x46 build/debug/stm32f0xx_hal_msp.o
 .comment       0x00000045       0x46 build/debug/stm32f0xx_hal_rcc.o
 .comment       0x00000045       0x46 build/debug/stm32f0xx_hal_rcc_ex.o
 .comment       0x00000045       0x46 build/debug/stm32f0xx_hal_spi.o
 .comment       0x00000045       0x46 build/debug/stm32f0xx_hal_uart.o
 .comment       0x00000045       0x46 build/debug/stm32f0xx_it.o
 .comment       0x00000045       0x46 build/debug/syscalls.o
 .comment       0x00000045       0x46 build/debug/sysmem.o
 .comment       0x00000045       0x46 build/debug/system_stm32f0xx.o
 .comment       0x00000045       0x46 build/debug/usart.o
 .comment       0x00000045       0x46 build/debug/utils.o

.debug_info     0x00000000    0x14668
 .debug_info    0x00000000      0x96a build/debug/adc.o
 .debug_info    0x0000096a     0x14c0 build/debug/drv8301.o
 .debug_info    0x00001e2a      0x5eb build/debug/gpio.o
 .debug_info    0x00002415      0x9be build/debug/i2c.o
 .debug_info    0x00002dd3      0x7d5 build/debug/main.o
 .debug_info    0x000035a8      0x8fb build/debug/spi.o
 .debug_info    0x00003ea3      0x701 build/debug/stm32f0xx_hal.o
 .debug_info    0x000045a4      0xf56 build/debug/stm32f0xx_hal_adc.o
 .debug_info    0x000054fa      0x7c9 build/debug/stm32f0xx_hal_cortex.o
 .debug_info    0x00005cc3      0x600 build/debug/stm32f0xx_hal_gpio.o
 .debug_info    0x000062c3     0x42a3 build/debug/stm32f0xx_hal_i2c.o
 .debug_info    0x0000a566      0x84a build/debug/stm32f0xx_hal_i2c_ex.o
 .debug_info    0x0000adb0      0x195 build/debug/stm32f0xx_hal_msp.o
 .debug_info    0x0000af45      0xa3a build/debug/stm32f0xx_hal_rcc.o
 .debug_info    0x0000b97f      0x3bd build/debug/stm32f0xx_hal_rcc_ex.o
 .debug_info    0x0000bd3c     0x209b build/debug/stm32f0xx_hal_spi.o
 .debug_info    0x0000ddd7     0x4f0d build/debug/stm32f0xx_hal_uart.o
 .debug_info    0x00012ce4      0x12a build/debug/stm32f0xx_it.o
 .debug_info    0x00012e0e      0x789 build/debug/syscalls.o
 .debug_info    0x00013597      0x17b build/debug/sysmem.o
 .debug_info    0x00013712      0x264 build/debug/system_stm32f0xx.o
 .debug_info    0x00013976      0xab7 build/debug/usart.o
 .debug_info    0x0001442d      0x20b build/debug/utils.o
 .debug_info    0x00014638       0x30 build/debug/startup_stm32f031x6.o

.debug_abbrev   0x00000000     0x2e2b
 .debug_abbrev  0x00000000      0x204 build/debug/adc.o
 .debug_abbrev  0x00000204      0x2e8 build/debug/drv8301.o
 .debug_abbrev  0x000004ec      0x194 build/debug/gpio.o
 .debug_abbrev  0x00000680      0x22b build/debug/i2c.o
 .debug_abbrev  0x000008ab      0x22f build/debug/main.o
 .debug_abbrev  0x00000ada      0x207 build/debug/spi.o
 .debug_abbrev  0x00000ce1      0x269 build/debug/stm32f0xx_hal.o
 .debug_abbrev  0x00000f4a      0x22f build/debug/stm32f0xx_hal_adc.o
 .debug_abbrev  0x00001179      0x2ec build/debug/stm32f0xx_hal_cortex.o
 .debug_abbrev  0x00001465      0x1f4 build/debug/stm32f0xx_hal_gpio.o
 .debug_abbrev  0x00001659      0x2a9 build/debug/stm32f0xx_hal_i2c.o
 .debug_abbrev  0x00001902      0x1da build/debug/stm32f0xx_hal_i2c_ex.o
 .debug_abbrev  0x00001adc       0xc4 build/debug/stm32f0xx_hal_msp.o
 .debug_abbrev  0x00001ba0      0x29c build/debug/stm32f0xx_hal_rcc.o
 .debug_abbrev  0x00001e3c      0x1ac build/debug/stm32f0xx_hal_rcc_ex.o
 .debug_abbrev  0x00001fe8      0x279 build/debug/stm32f0xx_hal_spi.o
 .debug_abbrev  0x00002261      0x33a build/debug/stm32f0xx_hal_uart.o
 .debug_abbrev  0x0000259b       0xbb build/debug/stm32f0xx_it.o
 .debug_abbrev  0x00002656      0x1c1 build/debug/syscalls.o
 .debug_abbrev  0x00002817       0xe9 build/debug/sysmem.o
 .debug_abbrev  0x00002900      0x136 build/debug/system_stm32f0xx.o
 .debug_abbrev  0x00002a36      0x252 build/debug/usart.o
 .debug_abbrev  0x00002c88      0x17f build/debug/utils.o
 .debug_abbrev  0x00002e07       0x24 build/debug/startup_stm32f031x6.o

.debug_loclists
                0x00000000     0x9d95
 .debug_loclists
                0x00000000       0x6b build/debug/adc.o
 .debug_loclists
                0x0000006b      0x2ab build/debug/drv8301.o
 .debug_loclists
                0x00000316       0x7b build/debug/i2c.o
 .debug_loclists
                0x00000391       0x74 build/debug/main.o
 .debug_loclists
                0x00000405       0x6b build/debug/spi.o
 .debug_loclists
                0x00000470       0xe1 build/debug/stm32f0xx_hal.o
 .debug_loclists
                0x00000551      0x9c7 build/debug/stm32f0xx_hal_adc.o
 .debug_loclists
                0x00000f18      0x208 build/debug/stm32f0xx_hal_cortex.o
 .debug_loclists
                0x00001120      0x28d build/debug/stm32f0xx_hal_gpio.o
 .debug_loclists
                0x000013ad     0x3d65 build/debug/stm32f0xx_hal_i2c.o
 .debug_loclists
                0x00005112      0x19c build/debug/stm32f0xx_hal_i2c_ex.o
 .debug_loclists
                0x000052ae      0x442 build/debug/stm32f0xx_hal_rcc.o
 .debug_loclists
                0x000056f0      0x2c7 build/debug/stm32f0xx_hal_rcc_ex.o
 .debug_loclists
                0x000059b7     0x192b build/debug/stm32f0xx_hal_spi.o
 .debug_loclists
                0x000072e2     0x24f6 build/debug/stm32f0xx_hal_uart.o
 .debug_loclists
                0x000097d8      0x2d2 build/debug/syscalls.o
 .debug_loclists
                0x00009aaa       0x6d build/debug/sysmem.o
 .debug_loclists
                0x00009b17       0xf5 build/debug/system_stm32f0xx.o
 .debug_loclists
                0x00009c0c      0x116 build/debug/usart.o
 .debug_loclists
                0x00009d22       0x73 build/debug/utils.o

.debug_aranges  0x00000000      0xd70
 .debug_aranges
                0x00000000       0x30 build/debug/adc.o
 .debug_aranges
                0x00000030       0x50 build/debug/drv8301.o
 .debug_aranges
                0x00000080       0x20 build/debug/gpio.o
 .debug_aranges
                0x000000a0       0x30 build/debug/i2c.o
 .debug_aranges
                0x000000d0       0x38 build/debug/main.o
 .debug_aranges
                0x00000108       0x30 build/debug/spi.o
 .debug_aranges
                0x00000138       0xd0 build/debug/stm32f0xx_hal.o
 .debug_aranges
                0x00000208       0xf8 build/debug/stm32f0xx_hal_adc.o
 .debug_aranges
                0x00000300       0x98 build/debug/stm32f0xx_hal_cortex.o
 .debug_aranges
                0x00000398       0x58 build/debug/stm32f0xx_hal_gpio.o
 .debug_aranges
                0x000003f0      0x2a0 build/debug/stm32f0xx_hal_i2c.o
 .debug_aranges
                0x00000690       0x48 build/debug/stm32f0xx_hal_i2c_ex.o
 .debug_aranges
                0x000006d8       0x20 build/debug/stm32f0xx_hal_msp.o
 .debug_aranges
                0x000006f8       0x80 build/debug/stm32f0xx_hal_rcc.o
 .debug_aranges
                0x00000778       0x30 build/debug/stm32f0xx_hal_rcc_ex.o
 .debug_aranges
                0x000007a8      0x1d8 build/debug/stm32f0xx_hal_spi.o
 .debug_aranges
                0x00000980      0x228 build/debug/stm32f0xx_hal_uart.o
 .debug_aranges
                0x00000ba8       0x48 build/debug/stm32f0xx_it.o
 .debug_aranges
                0x00000bf0       0xa8 build/debug/syscalls.o
 .debug_aranges
                0x00000c98       0x20 build/debug/sysmem.o
 .debug_aranges
                0x00000cb8       0x28 build/debug/system_stm32f0xx.o
 .debug_aranges
                0x00000ce0       0x38 build/debug/usart.o
 .debug_aranges
                0x00000d18       0x30 build/debug/utils.o
 .debug_aranges
                0x00000d48       0x28 build/debug/startup_stm32f031x6.o

.debug_rnglists
                0x00000000      0xa83
 .debug_rnglists
                0x00000000       0x20 build/debug/adc.o
 .debug_rnglists
                0x00000020       0x54 build/debug/drv8301.o
 .debug_rnglists
                0x00000074       0x14 build/debug/gpio.o
 .debug_rnglists
                0x00000088       0x1f build/debug/i2c.o
 .debug_rnglists
                0x000000a7       0x27 build/debug/main.o
 .debug_rnglists
                0x000000ce       0x1f build/debug/spi.o
 .debug_rnglists
                0x000000ed       0x97 build/debug/stm32f0xx_hal.o
 .debug_rnglists
                0x00000184       0xc1 build/debug/stm32f0xx_hal_adc.o
 .debug_rnglists
                0x00000245       0x79 build/debug/stm32f0xx_hal_cortex.o
 .debug_rnglists
                0x000002be       0x3f build/debug/stm32f0xx_hal_gpio.o
 .debug_rnglists
                0x000002fd      0x21e build/debug/stm32f0xx_hal_i2c.o
 .debug_rnglists
                0x0000051b       0x31 build/debug/stm32f0xx_hal_i2c_ex.o
 .debug_rnglists
                0x0000054c       0x13 build/debug/stm32f0xx_hal_msp.o
 .debug_rnglists
                0x0000055f       0x6e build/debug/stm32f0xx_hal_rcc.o
 .debug_rnglists
                0x000005cd       0x2f build/debug/stm32f0xx_hal_rcc_ex.o
 .debug_rnglists
                0x000005fc      0x171 build/debug/stm32f0xx_hal_spi.o
 .debug_rnglists
                0x0000076d      0x1e1 build/debug/stm32f0xx_hal_uart.o
 .debug_rnglists
                0x0000094e       0x31 build/debug/stm32f0xx_it.o
 .debug_rnglists
                0x0000097f       0x79 build/debug/syscalls.o
 .debug_rnglists
                0x000009f8       0x13 build/debug/sysmem.o
 .debug_rnglists
                0x00000a0b       0x1a build/debug/system_stm32f0xx.o
 .debug_rnglists
                0x00000a25       0x26 build/debug/usart.o
 .debug_rnglists
                0x00000a4b       0x1f build/debug/utils.o
 .debug_rnglists
                0x00000a6a       0x19 build/debug/startup_stm32f031x6.o

.debug_line     0x00000000    0x11997
 .debug_line    0x00000000      0x39f build/debug/adc.o
 .debug_line    0x0000039f      0x70e build/debug/drv8301.o
 .debug_line    0x00000aad      0x2d4 build/debug/gpio.o
 .debug_line    0x00000d81      0x35b build/debug/i2c.o
 .debug_line    0x000010dc      0x492 build/debug/main.o
 .debug_line    0x0000156e      0x340 build/debug/spi.o
 .debug_line    0x000018ae      0x549 build/debug/stm32f0xx_hal.o
 .debug_line    0x00001df7      0xff3 build/debug/stm32f0xx_hal_adc.o
 .debug_line    0x00002dea      0x55a build/debug/stm32f0xx_hal_cortex.o
 .debug_line    0x00003344      0x6bc build/debug/stm32f0xx_hal_gpio.o
 .debug_line    0x00003a00     0x4f9f build/debug/stm32f0xx_hal_i2c.o
 .debug_line    0x0000899f      0x409 build/debug/stm32f0xx_hal_i2c_ex.o
 .debug_line    0x00008da8      0x196 build/debug/stm32f0xx_hal_msp.o
 .debug_line    0x00008f3e      0xc6c build/debug/stm32f0xx_hal_rcc.o
 .debug_line    0x00009baa      0x4c5 build/debug/stm32f0xx_hal_rcc_ex.o
 .debug_line    0x0000a06f     0x2910 build/debug/stm32f0xx_hal_spi.o
 .debug_line    0x0000c97f     0x3ece build/debug/stm32f0xx_hal_uart.o
 .debug_line    0x0001084d      0x20b build/debug/stm32f0xx_it.o
 .debug_line    0x00010a58      0x45d build/debug/syscalls.o
 .debug_line    0x00010eb5      0x22b build/debug/sysmem.o
 .debug_line    0x000110e0      0x24c build/debug/system_stm32f0xx.o
 .debug_line    0x0001132c      0x391 build/debug/usart.o
 .debug_line    0x000116bd      0x263 build/debug/utils.o
 .debug_line    0x00011920       0x77 build/debug/startup_stm32f031x6.o

.debug_str      0x00000000     0x398c
 .debug_str     0x00000000     0x398c build/debug/adc.o
                                0x6d0 (size before relaxing)
 .debug_str     0x0000398c      0x8b7 build/debug/drv8301.o
 .debug_str     0x0000398c      0x463 build/debug/gpio.o
 .debug_str     0x0000398c      0x7cd build/debug/i2c.o
 .debug_str     0x0000398c      0x584 build/debug/main.o
 .debug_str     0x0000398c      0x702 build/debug/spi.o
 .debug_str     0x0000398c      0x684 build/debug/stm32f0xx_hal.o
 .debug_str     0x0000398c      0x8f1 build/debug/stm32f0xx_hal_adc.o
 .debug_str     0x0000398c      0x5c5 build/debug/stm32f0xx_hal_cortex.o
 .debug_str     0x0000398c      0x3f3 build/debug/stm32f0xx_hal_gpio.o
 .debug_str     0x0000398c      0xfbf build/debug/stm32f0xx_hal_i2c.o
 .debug_str     0x0000398c      0x7c0 build/debug/stm32f0xx_hal_i2c_ex.o
 .debug_str     0x0000398c      0x1f8 build/debug/stm32f0xx_hal_msp.o
 .debug_str     0x0000398c      0x654 build/debug/stm32f0xx_hal_rcc.o
 .debug_str     0x0000398c      0x3ab build/debug/stm32f0xx_hal_rcc_ex.o
 .debug_str     0x0000398c      0xbc7 build/debug/stm32f0xx_hal_spi.o
 .debug_str     0x0000398c      0xedc build/debug/stm32f0xx_hal_uart.o
 .debug_str     0x0000398c      0x20e build/debug/stm32f0xx_it.o
 .debug_str     0x0000398c      0x3df build/debug/syscalls.o
 .debug_str     0x0000398c      0x20b build/debug/sysmem.o
 .debug_str     0x0000398c      0x270 build/debug/system_stm32f0xx.o
 .debug_str     0x0000398c      0x78d build/debug/usart.o
 .debug_str     0x0000398c      0x203 build/debug/utils.o
 .debug_str     0x0000398c       0x79 build/debug/startup_stm32f031x6.o

.debug_frame    0x00000000     0x2bdc
 .debug_frame   0x00000000       0x5c build/debug/adc.o
 .debug_frame   0x0000005c       0xd8 build/debug/drv8301.o
 .debug_frame   0x00000134       0x38 build/debug/gpio.o
 .debug_frame   0x0000016c       0x5c build/debug/i2c.o
 .debug_frame   0x000001c8       0x6c build/debug/main.o
 .debug_frame   0x00000234       0x5c build/debug/spi.o
 .debug_frame   0x00000290      0x1ac build/debug/stm32f0xx_hal.o
 .debug_frame   0x0000043c      0x2a4 build/debug/stm32f0xx_hal_adc.o
 .debug_frame   0x000006e0      0x144 build/debug/stm32f0xx_hal_cortex.o
 .debug_frame   0x00000824       0xc0 build/debug/stm32f0xx_hal_gpio.o
 .debug_frame   0x000008e4      0x8b8 build/debug/stm32f0xx_hal_i2c.o
 .debug_frame   0x0000119c       0xb0 build/debug/stm32f0xx_hal_i2c_ex.o
 .debug_frame   0x0000124c       0x24 build/debug/stm32f0xx_hal_msp.o
 .debug_frame   0x00001270      0x138 build/debug/stm32f0xx_hal_rcc.o
 .debug_frame   0x000013a8       0x58 build/debug/stm32f0xx_hal_rcc_ex.o
 .debug_frame   0x00001400      0x5a4 build/debug/stm32f0xx_hal_spi.o
 .debug_frame   0x000019a4      0x62c build/debug/stm32f0xx_hal_uart.o
 .debug_frame   0x00001fd0       0x80 build/debug/stm32f0xx_it.o
 .debug_frame   0x00002050      0x184 build/debug/syscalls.o
 .debug_frame   0x000021d4       0x28 build/debug/sysmem.o
 .debug_frame   0x000021fc       0x38 build/debug/system_stm32f0xx.o
 .debug_frame   0x00002234       0x78 build/debug/usart.o
 .debug_frame   0x000022ac       0x60 build/debug/utils.o
 .debug_frame   0x0000230c      0x138 D:/software/Tools/GCC/arm-gnu-toolchain-14.2.rel1-mingw-w64-x86_64-arm-none-eabi/bin/../lib/gcc/arm-none-eabi/14.2.1/thumb/v6-m/nofp\libc_nano.a(libc_a-findfp.o)
 .debug_frame   0x00002444       0x34 D:/software/Tools/GCC/arm-gnu-toolchain-14.2.rel1-mingw-w64-x86_64-arm-none-eabi/bin/../lib/gcc/arm-none-eabi/14.2.1/thumb/v6-m/nofp\libc_nano.a(libc_a-fwalk.o)
 .debug_frame   0x00002478       0x4c D:/software/Tools/GCC/arm-gnu-toolchain-14.2.rel1-mingw-w64-x86_64-arm-none-eabi/bin/../lib/gcc/arm-none-eabi/14.2.1/thumb/v6-m/nofp\libc_nano.a(libc_a-printf.o)
 .debug_frame   0x000024c4       0x44 D:/software/Tools/GCC/arm-gnu-toolchain-14.2.rel1-mingw-w64-x86_64-arm-none-eabi/bin/../lib/gcc/arm-none-eabi/14.2.1/thumb/v6-m/nofp\libc_nano.a(libc_a-puts.o)
 .debug_frame   0x00002508       0x90 D:/software/Tools/GCC/arm-gnu-toolchain-14.2.rel1-mingw-w64-x86_64-arm-none-eabi/bin/../lib/gcc/arm-none-eabi/14.2.1/thumb/v6-m/nofp\libc_nano.a(libc_a-stdio.o)
 .debug_frame   0x00002598       0x48 D:/software/Tools/GCC/arm-gnu-toolchain-14.2.rel1-mingw-w64-x86_64-arm-none-eabi/bin/../lib/gcc/arm-none-eabi/14.2.1/thumb/v6-m/nofp\libc_nano.a(libc_a-wbuf.o)
 .debug_frame   0x000025e0       0x2c D:/software/Tools/GCC/arm-gnu-toolchain-14.2.rel1-mingw-w64-x86_64-arm-none-eabi/bin/../lib/gcc/arm-none-eabi/14.2.1/thumb/v6-m/nofp\libc_nano.a(libc_a-wsetup.o)
 .debug_frame   0x0000260c       0x20 D:/software/Tools/GCC/arm-gnu-toolchain-14.2.rel1-mingw-w64-x86_64-arm-none-eabi/bin/../lib/gcc/arm-none-eabi/14.2.1/thumb/v6-m/nofp\libc_nano.a(libc_a-memset.o)
 .debug_frame   0x0000262c       0x2c D:/software/Tools/GCC/arm-gnu-toolchain-14.2.rel1-mingw-w64-x86_64-arm-none-eabi/bin/../lib/gcc/arm-none-eabi/14.2.1/thumb/v6-m/nofp\libc_nano.a(libc_a-closer.o)
 .debug_frame   0x00002658       0x2c D:/software/Tools/GCC/arm-gnu-toolchain-14.2.rel1-mingw-w64-x86_64-arm-none-eabi/bin/../lib/gcc/arm-none-eabi/14.2.1/thumb/v6-m/nofp\libc_nano.a(libc_a-reent.o)
 .debug_frame   0x00002684       0x2c D:/software/Tools/GCC/arm-gnu-toolchain-14.2.rel1-mingw-w64-x86_64-arm-none-eabi/bin/../lib/gcc/arm-none-eabi/14.2.1/thumb/v6-m/nofp\libc_nano.a(libc_a-lseekr.o)
 .debug_frame   0x000026b0       0x2c D:/software/Tools/GCC/arm-gnu-toolchain-14.2.rel1-mingw-w64-x86_64-arm-none-eabi/bin/../lib/gcc/arm-none-eabi/14.2.1/thumb/v6-m/nofp\libc_nano.a(libc_a-readr.o)
 .debug_frame   0x000026dc       0x2c D:/software/Tools/GCC/arm-gnu-toolchain-14.2.rel1-mingw-w64-x86_64-arm-none-eabi/bin/../lib/gcc/arm-none-eabi/14.2.1/thumb/v6-m/nofp\libc_nano.a(libc_a-writer.o)
 .debug_frame   0x00002708       0x20 D:/software/Tools/GCC/arm-gnu-toolchain-14.2.rel1-mingw-w64-x86_64-arm-none-eabi/bin/../lib/gcc/arm-none-eabi/14.2.1/thumb/v6-m/nofp\libc_nano.a(libc_a-errno.o)
 .debug_frame   0x00002728       0x2c D:/software/Tools/GCC/arm-gnu-toolchain-14.2.rel1-mingw-w64-x86_64-arm-none-eabi/bin/../lib/gcc/arm-none-eabi/14.2.1/thumb/v6-m/nofp\libc_nano.a(libc_a-init.o)
 .debug_frame   0x00002754       0xb0 D:/software/Tools/GCC/arm-gnu-toolchain-14.2.rel1-mingw-w64-x86_64-arm-none-eabi/bin/../lib/gcc/arm-none-eabi/14.2.1/thumb/v6-m/nofp\libc_nano.a(libc_a-lock.o)
 .debug_frame   0x00002804       0x28 D:/software/Tools/GCC/arm-gnu-toolchain-14.2.rel1-mingw-w64-x86_64-arm-none-eabi/bin/../lib/gcc/arm-none-eabi/14.2.1/thumb/v6-m/nofp\libc_nano.a(libc_a-memcpy-stub.o)
 .debug_frame   0x0000282c       0x2c D:/software/Tools/GCC/arm-gnu-toolchain-14.2.rel1-mingw-w64-x86_64-arm-none-eabi/bin/../lib/gcc/arm-none-eabi/14.2.1/thumb/v6-m/nofp\libc_nano.a(libc_a-freer.o)
 .debug_frame   0x00002858       0x50 D:/software/Tools/GCC/arm-gnu-toolchain-14.2.rel1-mingw-w64-x86_64-arm-none-eabi/bin/../lib/gcc/arm-none-eabi/14.2.1/thumb/v6-m/nofp\libc_nano.a(libc_a-mallocr.o)
 .debug_frame   0x000028a8       0x40 D:/software/Tools/GCC/arm-gnu-toolchain-14.2.rel1-mingw-w64-x86_64-arm-none-eabi/bin/../lib/gcc/arm-none-eabi/14.2.1/thumb/v6-m/nofp\libc_nano.a(libc_a-mlock.o)
 .debug_frame   0x000028e8       0x9c D:/software/Tools/GCC/arm-gnu-toolchain-14.2.rel1-mingw-w64-x86_64-arm-none-eabi/bin/../lib/gcc/arm-none-eabi/14.2.1/thumb/v6-m/nofp\libc_nano.a(libc_a-nano-vfprintf.o)
 .debug_frame   0x00002984       0x54 D:/software/Tools/GCC/arm-gnu-toolchain-14.2.rel1-mingw-w64-x86_64-arm-none-eabi/bin/../lib/gcc/arm-none-eabi/14.2.1/thumb/v6-m/nofp\libc_nano.a(libc_a-nano-vfprintf_i.o)
 .debug_frame   0x000029d8       0x68 D:/software/Tools/GCC/arm-gnu-toolchain-14.2.rel1-mingw-w64-x86_64-arm-none-eabi/bin/../lib/gcc/arm-none-eabi/14.2.1/thumb/v6-m/nofp\libc_nano.a(libc_a-fflush.o)
 .debug_frame   0x00002a40       0x54 D:/software/Tools/GCC/arm-gnu-toolchain-14.2.rel1-mingw-w64-x86_64-arm-none-eabi/bin/../lib/gcc/arm-none-eabi/14.2.1/thumb/v6-m/nofp\libc_nano.a(libc_a-makebuf.o)
 .debug_frame   0x00002a94       0x2c D:/software/Tools/GCC/arm-gnu-toolchain-14.2.rel1-mingw-w64-x86_64-arm-none-eabi/bin/../lib/gcc/arm-none-eabi/14.2.1/thumb/v6-m/nofp\libc_nano.a(libc_a-fstatr.o)
 .debug_frame   0x00002ac0       0x2c D:/software/Tools/GCC/arm-gnu-toolchain-14.2.rel1-mingw-w64-x86_64-arm-none-eabi/bin/../lib/gcc/arm-none-eabi/14.2.1/thumb/v6-m/nofp\libc_nano.a(libc_a-isattyr.o)
 .debug_frame   0x00002aec       0x2c D:/software/Tools/GCC/arm-gnu-toolchain-14.2.rel1-mingw-w64-x86_64-arm-none-eabi/bin/../lib/gcc/arm-none-eabi/14.2.1/thumb/v6-m/nofp\libc_nano.a(libc_a-sbrkr.o)
 .debug_frame   0x00002b18       0x20 D:/software/Tools/GCC/arm-gnu-toolchain-14.2.rel1-mingw-w64-x86_64-arm-none-eabi/bin/../lib/gcc/arm-none-eabi/14.2.1/thumb/v6-m/nofp\libc_nano.a(libc_a-memchr-stub.o)
 .debug_frame   0x00002b38       0x20 D:/software/Tools/GCC/arm-gnu-toolchain-14.2.rel1-mingw-w64-x86_64-arm-none-eabi/bin/../lib/gcc/arm-none-eabi/14.2.1/thumb/v6-m/nofp\libgcc.a(_udivsi3.o)
 .debug_frame   0x00002b58       0x2c D:/software/Tools/GCC/arm-gnu-toolchain-14.2.rel1-mingw-w64-x86_64-arm-none-eabi/bin/../lib/gcc/arm-none-eabi/14.2.1/thumb/v6-m/nofp\libgcc.a(eqsf2.o)
 .debug_frame   0x00002b84       0x2c D:/software/Tools/GCC/arm-gnu-toolchain-14.2.rel1-mingw-w64-x86_64-arm-none-eabi/bin/../lib/gcc/arm-none-eabi/14.2.1/thumb/v6-m/nofp\libgcc.a(gesf2.o)
 .debug_frame   0x00002bb0       0x2c D:/software/Tools/GCC/arm-gnu-toolchain-14.2.rel1-mingw-w64-x86_64-arm-none-eabi/bin/../lib/gcc/arm-none-eabi/14.2.1/thumb/v6-m/nofp\libgcc.a(lesf2.o)

.debug_line_str
                0x00000000      0x136
 .debug_line_str
                0x00000000      0x136 build/debug/startup_stm32f031x6.o
                                 0x5d (size before relaxing)
 .debug_line_str
                0x00000136       0xcd D:/software/Tools/GCC/arm-gnu-toolchain-14.2.rel1-mingw-w64-x86_64-arm-none-eabi/bin/../lib/gcc/arm-none-eabi/14.2.1/thumb/v6-m/nofp\libgcc.a(_thumb1_case_shi.o)
 .debug_line_str
                0x00000136       0xcd D:/software/Tools/GCC/arm-gnu-toolchain-14.2.rel1-mingw-w64-x86_64-arm-none-eabi/bin/../lib/gcc/arm-none-eabi/14.2.1/thumb/v6-m/nofp\libgcc.a(_udivsi3.o)
 .debug_line_str
                0x00000136       0xcd D:/software/Tools/GCC/arm-gnu-toolchain-14.2.rel1-mingw-w64-x86_64-arm-none-eabi/bin/../lib/gcc/arm-none-eabi/14.2.1/thumb/v6-m/nofp\libgcc.a(_dvmd_tls.o)
 .debug_line_str
                0x00000136       0xcd D:/software/Tools/GCC/arm-gnu-toolchain-14.2.rel1-mingw-w64-x86_64-arm-none-eabi/bin/../lib/gcc/arm-none-eabi/14.2.1/thumb/v6-m/nofp\libgcc.a(_arm_cmpsf2.o)

Cross Reference Table

Symbol                                            File
ADC1_IRQHandler                                   build/debug/startup_stm32f031x6.o
AHBPrescTable                                     build/debug/system_stm32f0xx.o
                                                  build/debug/stm32f0xx_hal_rcc.o
APBPrescTable                                     build/debug/system_stm32f0xx.o
                                                  build/debug/stm32f0xx_hal_rcc.o
DMA1_Channel1_IRQHandler                          build/debug/startup_stm32f031x6.o
DMA1_Channel2_3_IRQHandler                        build/debug/startup_stm32f031x6.o
DMA1_Channel4_5_IRQHandler                        build/debug/startup_stm32f031x6.o
DRV8301_Config                                    build/debug/drv8301.o
                                                  build/debug/main.o
DRV8301_DeadTime                                  build/debug/drv8301.o
DRV8301_Init                                      build/debug/drv8301.o
                                                  build/debug/main.o
DRV8301_Motor_test                                build/debug/drv8301.o
DRV8301_ReadReg                                   build/debug/drv8301.o
DRV8301_SPI_test                                  build/debug/drv8301.o
DRV8301_WriteReg                                  build/debug/drv8301.o
Default_Handler                                   build/debug/startup_stm32f031x6.o
EXTI0_1_IRQHandler                                build/debug/startup_stm32f031x6.o
EXTI2_3_IRQHandler                                build/debug/stm32f0xx_it.o
EXTI4_15_IRQHandler                               build/debug/startup_stm32f031x6.o
Error_Handler                                     build/debug/main.o
                                                  build/debug/usart.o
                                                  build/debug/spi.o
                                                  build/debug/i2c.o
                                                  build/debug/adc.o
FLASH_IRQHandler                                  build/debug/startup_stm32f031x6.o
FLASH_PageErase                                   build/debug/stm32f0xx_hal_flash_ex.o
                                                  build/debug/stm32f0xx_hal_flash.o
FLASH_WaitForLastOperation                        build/debug/stm32f0xx_hal_flash.o
                                                  build/debug/stm32f0xx_hal_flash_ex.o
HAL_ADCEx_Calibration_Start                       build/debug/stm32f0xx_hal_adc_ex.o
HAL_ADC_AnalogWDGConfig                           build/debug/stm32f0xx_hal_adc.o
HAL_ADC_ConfigChannel                             build/debug/stm32f0xx_hal_adc.o
                                                  build/debug/adc.o
HAL_ADC_ConvCpltCallback                          build/debug/stm32f0xx_hal_adc.o
HAL_ADC_ConvHalfCpltCallback                      build/debug/stm32f0xx_hal_adc.o
HAL_ADC_DeInit                                    build/debug/stm32f0xx_hal_adc.o
HAL_ADC_ErrorCallback                             build/debug/stm32f0xx_hal_adc.o
HAL_ADC_GetError                                  build/debug/stm32f0xx_hal_adc.o
HAL_ADC_GetState                                  build/debug/stm32f0xx_hal_adc.o
HAL_ADC_GetValue                                  build/debug/stm32f0xx_hal_adc.o
HAL_ADC_IRQHandler                                build/debug/stm32f0xx_hal_adc.o
HAL_ADC_Init                                      build/debug/stm32f0xx_hal_adc.o
                                                  build/debug/adc.o
HAL_ADC_LevelOutOfWindowCallback                  build/debug/stm32f0xx_hal_adc.o
HAL_ADC_MspDeInit                                 build/debug/adc.o
HAL_ADC_MspInit                                   build/debug/adc.o
HAL_ADC_PollForConversion                         build/debug/stm32f0xx_hal_adc.o
HAL_ADC_PollForEvent                              build/debug/stm32f0xx_hal_adc.o
HAL_ADC_Start                                     build/debug/stm32f0xx_hal_adc.o
HAL_ADC_Start_DMA                                 build/debug/stm32f0xx_hal_adc.o
HAL_ADC_Start_IT                                  build/debug/stm32f0xx_hal_adc.o
HAL_ADC_Stop                                      build/debug/stm32f0xx_hal_adc.o
HAL_ADC_Stop_DMA                                  build/debug/stm32f0xx_hal_adc.o
HAL_ADC_Stop_IT                                   build/debug/stm32f0xx_hal_adc.o
HAL_DBGMCU_DisableDBGStandbyMode                  build/debug/stm32f0xx_hal.o
HAL_DBGMCU_DisableDBGStopMode                     build/debug/stm32f0xx_hal.o
HAL_DBGMCU_EnableDBGStandbyMode                   build/debug/stm32f0xx_hal.o
HAL_DBGMCU_EnableDBGStopMode                      build/debug/stm32f0xx_hal.o
HAL_DMA_Abort                                     build/debug/stm32f0xx_hal_dma.o
                                                  build/debug/stm32f0xx_hal_uart.o
                                                  build/debug/stm32f0xx_hal_spi.o
                                                  build/debug/stm32f0xx_hal_adc.o
HAL_DMA_Abort_IT                                  build/debug/stm32f0xx_hal_dma.o
                                                  build/debug/stm32f0xx_hal_uart.o
                                                  build/debug/stm32f0xx_hal_spi.o
                                                  build/debug/stm32f0xx_hal_i2c.o
HAL_DMA_DeInit                                    build/debug/stm32f0xx_hal_dma.o
HAL_DMA_GetError                                  build/debug/stm32f0xx_hal_dma.o
                                                  build/debug/stm32f0xx_hal_uart.o
HAL_DMA_GetState                                  build/debug/stm32f0xx_hal_dma.o
                                                  build/debug/stm32f0xx_hal_i2c.o
HAL_DMA_IRQHandler                                build/debug/stm32f0xx_hal_dma.o
HAL_DMA_Init                                      build/debug/stm32f0xx_hal_dma.o
HAL_DMA_PollForTransfer                           build/debug/stm32f0xx_hal_dma.o
HAL_DMA_RegisterCallback                          build/debug/stm32f0xx_hal_dma.o
HAL_DMA_Start                                     build/debug/stm32f0xx_hal_dma.o
HAL_DMA_Start_IT                                  build/debug/stm32f0xx_hal_dma.o
                                                  build/debug/stm32f0xx_hal_uart.o
                                                  build/debug/stm32f0xx_hal_spi.o
                                                  build/debug/stm32f0xx_hal_i2c.o
                                                  build/debug/stm32f0xx_hal_adc.o
HAL_DMA_UnRegisterCallback                        build/debug/stm32f0xx_hal_dma.o
HAL_DeInit                                        build/debug/stm32f0xx_hal.o
HAL_Delay                                         build/debug/stm32f0xx_hal.o
                                                  build/debug/main.o
                                                  build/debug/drv8301.o
HAL_EXTI_ClearConfigLine                          build/debug/stm32f0xx_hal_exti.o
HAL_EXTI_ClearPending                             build/debug/stm32f0xx_hal_exti.o
HAL_EXTI_GenerateSWI                              build/debug/stm32f0xx_hal_exti.o
HAL_EXTI_GetConfigLine                            build/debug/stm32f0xx_hal_exti.o
HAL_EXTI_GetHandle                                build/debug/stm32f0xx_hal_exti.o
HAL_EXTI_GetPending                               build/debug/stm32f0xx_hal_exti.o
HAL_EXTI_IRQHandler                               build/debug/stm32f0xx_hal_exti.o
HAL_EXTI_RegisterCallback                         build/debug/stm32f0xx_hal_exti.o
HAL_EXTI_SetConfigLine                            build/debug/stm32f0xx_hal_exti.o
HAL_FLASHEx_Erase                                 build/debug/stm32f0xx_hal_flash_ex.o
HAL_FLASHEx_Erase_IT                              build/debug/stm32f0xx_hal_flash_ex.o
HAL_FLASHEx_OBErase                               build/debug/stm32f0xx_hal_flash_ex.o
HAL_FLASHEx_OBGetConfig                           build/debug/stm32f0xx_hal_flash_ex.o
HAL_FLASHEx_OBGetUserData                         build/debug/stm32f0xx_hal_flash_ex.o
HAL_FLASHEx_OBProgram                             build/debug/stm32f0xx_hal_flash_ex.o
HAL_FLASH_EndOfOperationCallback                  build/debug/stm32f0xx_hal_flash.o
HAL_FLASH_GetError                                build/debug/stm32f0xx_hal_flash.o
HAL_FLASH_IRQHandler                              build/debug/stm32f0xx_hal_flash.o
HAL_FLASH_Lock                                    build/debug/stm32f0xx_hal_flash.o
HAL_FLASH_OB_Launch                               build/debug/stm32f0xx_hal_flash.o
HAL_FLASH_OB_Lock                                 build/debug/stm32f0xx_hal_flash.o
HAL_FLASH_OB_Unlock                               build/debug/stm32f0xx_hal_flash.o
HAL_FLASH_OperationErrorCallback                  build/debug/stm32f0xx_hal_flash.o
HAL_FLASH_Program                                 build/debug/stm32f0xx_hal_flash.o
HAL_FLASH_Program_IT                              build/debug/stm32f0xx_hal_flash.o
HAL_FLASH_Unlock                                  build/debug/stm32f0xx_hal_flash.o
HAL_GPIO_DeInit                                   build/debug/stm32f0xx_hal_gpio.o
                                                  build/debug/usart.o
                                                  build/debug/spi.o
                                                  build/debug/i2c.o
                                                  build/debug/adc.o
HAL_GPIO_EXTI_Callback                            build/debug/main.o
HAL_GPIO_EXTI_IRQHandler                          build/debug/stm32f0xx_hal_gpio.o
                                                  build/debug/stm32f0xx_it.o
HAL_GPIO_Init                                     build/debug/stm32f0xx_hal_gpio.o
                                                  build/debug/usart.o
                                                  build/debug/stm32f0xx_hal_rcc.o
                                                  build/debug/spi.o
                                                  build/debug/i2c.o
                                                  build/debug/gpio.o
                                                  build/debug/adc.o
HAL_GPIO_LockPin                                  build/debug/stm32f0xx_hal_gpio.o
HAL_GPIO_ReadPin                                  build/debug/stm32f0xx_hal_gpio.o
                                                  build/debug/main.o
HAL_GPIO_TogglePin                                build/debug/stm32f0xx_hal_gpio.o
                                                  build/debug/main.o
HAL_GPIO_WritePin                                 build/debug/stm32f0xx_hal_gpio.o
                                                  build/debug/main.o
                                                  build/debug/gpio.o
                                                  build/debug/drv8301.o
HAL_GetDEVID                                      build/debug/stm32f0xx_hal.o
HAL_GetHalVersion                                 build/debug/stm32f0xx_hal.o
HAL_GetREVID                                      build/debug/stm32f0xx_hal.o
HAL_GetTick                                       build/debug/stm32f0xx_hal.o
                                                  build/debug/utils.o
                                                  build/debug/stm32f0xx_hal_uart_ex.o
                                                  build/debug/stm32f0xx_hal_uart.o
                                                  build/debug/stm32f0xx_hal_spi.o
                                                  build/debug/stm32f0xx_hal_rcc_ex.o
                                                  build/debug/stm32f0xx_hal_rcc.o
                                                  build/debug/stm32f0xx_hal_i2c.o
                                                  build/debug/stm32f0xx_hal_flash.o
                                                  build/debug/stm32f0xx_hal_dma.o
                                                  build/debug/stm32f0xx_hal_adc_ex.o
                                                  build/debug/stm32f0xx_hal_adc.o
                                                  build/debug/main.o
HAL_GetTickFreq                                   build/debug/stm32f0xx_hal.o
HAL_GetTickPrio                                   build/debug/stm32f0xx_hal.o
HAL_GetUIDw0                                      build/debug/stm32f0xx_hal.o
HAL_GetUIDw1                                      build/debug/stm32f0xx_hal.o
HAL_GetUIDw2                                      build/debug/stm32f0xx_hal.o
HAL_HalfDuplex_EnableReceiver                     build/debug/stm32f0xx_hal_uart.o
HAL_HalfDuplex_EnableTransmitter                  build/debug/stm32f0xx_hal_uart.o
HAL_HalfDuplex_Init                               build/debug/stm32f0xx_hal_uart.o
HAL_I2CEx_ConfigAnalogFilter                      build/debug/stm32f0xx_hal_i2c_ex.o
                                                  build/debug/i2c.o
HAL_I2CEx_ConfigDigitalFilter                     build/debug/stm32f0xx_hal_i2c_ex.o
                                                  build/debug/i2c.o
HAL_I2CEx_DisableFastModePlus                     build/debug/stm32f0xx_hal_i2c_ex.o
HAL_I2CEx_DisableWakeUp                           build/debug/stm32f0xx_hal_i2c_ex.o
HAL_I2CEx_EnableFastModePlus                      build/debug/stm32f0xx_hal_i2c_ex.o
HAL_I2CEx_EnableWakeUp                            build/debug/stm32f0xx_hal_i2c_ex.o
HAL_I2C_AbortCpltCallback                         build/debug/stm32f0xx_hal_i2c.o
HAL_I2C_AddrCallback                              build/debug/stm32f0xx_hal_i2c.o
HAL_I2C_DeInit                                    build/debug/stm32f0xx_hal_i2c.o
HAL_I2C_DisableListen_IT                          build/debug/stm32f0xx_hal_i2c.o
HAL_I2C_ER_IRQHandler                             build/debug/stm32f0xx_hal_i2c.o
HAL_I2C_EV_IRQHandler                             build/debug/stm32f0xx_hal_i2c.o
HAL_I2C_EnableListen_IT                           build/debug/stm32f0xx_hal_i2c.o
HAL_I2C_ErrorCallback                             build/debug/stm32f0xx_hal_i2c.o
HAL_I2C_GetError                                  build/debug/stm32f0xx_hal_i2c.o
HAL_I2C_GetMode                                   build/debug/stm32f0xx_hal_i2c.o
HAL_I2C_GetState                                  build/debug/stm32f0xx_hal_i2c.o
HAL_I2C_Init                                      build/debug/stm32f0xx_hal_i2c.o
                                                  build/debug/i2c.o
HAL_I2C_IsDeviceReady                             build/debug/stm32f0xx_hal_i2c.o
HAL_I2C_ListenCpltCallback                        build/debug/stm32f0xx_hal_i2c.o
HAL_I2C_MasterRxCpltCallback                      build/debug/stm32f0xx_hal_i2c.o
HAL_I2C_MasterTxCpltCallback                      build/debug/stm32f0xx_hal_i2c.o
HAL_I2C_Master_Abort_IT                           build/debug/stm32f0xx_hal_i2c.o
HAL_I2C_Master_Receive                            build/debug/stm32f0xx_hal_i2c.o
HAL_I2C_Master_Receive_DMA                        build/debug/stm32f0xx_hal_i2c.o
HAL_I2C_Master_Receive_IT                         build/debug/stm32f0xx_hal_i2c.o
HAL_I2C_Master_Seq_Receive_DMA                    build/debug/stm32f0xx_hal_i2c.o
HAL_I2C_Master_Seq_Receive_IT                     build/debug/stm32f0xx_hal_i2c.o
HAL_I2C_Master_Seq_Transmit_DMA                   build/debug/stm32f0xx_hal_i2c.o
HAL_I2C_Master_Seq_Transmit_IT                    build/debug/stm32f0xx_hal_i2c.o
HAL_I2C_Master_Transmit                           build/debug/stm32f0xx_hal_i2c.o
HAL_I2C_Master_Transmit_DMA                       build/debug/stm32f0xx_hal_i2c.o