ELF Header:
  Magic:   7f 45 4c 46 01 01 01 00 00 00 00 00 00 00 00 00 
  Class:                             ELF32
  Data:                              2's complement, little endian
  Version:                           1 (current)
  OS/ABI:                            UNIX - System V
  ABI Version:                       0
  Type:                              EXEC (Executable file)
  Machine:                           CSKY
  Version:                           0x1
  Entry point address:               0x8010500
  Start of program headers:          52 (bytes into file)
  Start of section headers:          712880 (bytes into file)
  Flags:                             0x21006000
  Size of this header:               52 (bytes)
  Size of program headers:           32 (bytes)
  Number of program headers:         2
  Size of section headers:           40 (bytes)
  Number of section headers:         22
  Section header string table index: 19

Section Headers:
  [Nr] Name              Type            Addr     Off    Size   ES Flg Lk Inf Al
  [ 0]                   NULL            00000000 000000 000000 00      0   0  0
  [ 1] .text             PROGBITS        08010400 000400 002f50 00  AX  0   0 1024
  [ 2] .rodata           PROGBITS        08013350 003350 0003ac 00   A  0   0  4
  [ 3] .vdata            PROGBITS        20000000 003c00 000100 00      0   0 1024
  [ 4] .data             PROGBITS        20000100 003900 000060 00  WA  0   0  4
  [ 5] .bss              NOBITS          20000160 003960 00120c 00  WA  0   0  4
  [ 6] ._user_heap       PROGBITS        2000136c 003d00 000000 00   W  0   0  1
  [ 7] .comment          PROGBITS        00000000 003d00 000042 01  MS  0   0  1
  [ 8] .csky_stack_size  PROGBITS        00000000 003d50 00052c 00      0   0 16
  [ 9] .csky.attributes  CSKY_ATTRIBUTES 00000000 00427c 000038 00      0   0  1
  [10] .debug_aranges    PROGBITS        00000000 0042b8 000240 00      0   0  8
  [11] .debug_info       PROGBITS        00000000 0044f8 0033c3 00      0   0  1
  [12] .debug_abbrev     PROGBITS        00000000 0078bb 000d13 00      0   0  1
  [13] .debug_line       PROGBITS        00000000 0085ce 0026d8 00      0   0  1
  [14] .debug_frame      PROGBITS        00000000 00aca8 00050c 00      0   0  4
  [15] .debug_str        PROGBITS        00000000 00b1b4 000d01 01  MS  0   0  1
  [16] .debug_loc        PROGBITS        00000000 00beb5 0030ee 00      0   0  1
  [17] .debug_macinfo    PROGBITS        00000000 00efa3 09cf5b 00      0   0  1
  [18] .debug_ranges     PROGBITS        00000000 0abefe 000570 00      0   0  1
  [19] .shstrtab         STRTAB          00000000 0adfc7 0000e7 00      0   0  1
  [20] .symtab           SYMTAB          00000000 0ac470 001350 10     21 187  4
  [21] .strtab           STRTAB          00000000 0ad7c0 000807 00      0   0  1
Key to Flags:
  W (write), A (alloc), X (execute), M (merge), S (strings), I (info),
  L (link order), O (extra OS processing required), G (group), T (TLS),
  C (compressed), x (unknown), o (OS specific), E (exclude),
  p (processor specific)

Program Headers:
  Type           Offset   VirtAddr   PhysAddr   FileSiz MemSiz  Flg Align
  LOAD           0x000400 0x08010400 0x08010400 0x032fc 0x032fc R E 0x400
  LOAD           0x003900 0x20000100 0x080136fc 0x00060 0x0126c RW  0x400

 Section to Segment mapping:
  Segment Sections...
   00     .text .rodata 
   01     .data .bss 
======================================================================
Csky GNU Linker

======================================================================

Section Cross References

	Obj/drivers_wm_cpu.o(.text.SystemClock_Config) refers to Obj/drivers_wm_cpu.o(.text.HAL_InitTick) for HAL_InitTick
	Obj/src_main.o(.text.startup.main) refers to Obj/drivers_wm_cpu.o(.text.SystemClock_Config) for SystemClock_Config
	Obj/drivers_wm_cpu.o(.text.HAL_Delay) refers to Obj/drivers_wm_cpu.o(.text.HAL_GetTick) for HAL_GetTick
	Obj/src_main.o(.text.startup.main) refers to Obj/drivers_wm_cpu.o(.text.HAL_Delay) for HAL_Delay
	Obj/bsp_startup.o(.text) refers to Obj/src_main.o(.text.startup.main) for main
	Obj/bsp_startup.o(.text) refers to Obj/bsp_system.o(.text.SystemInit) for SystemInit
	Obj/bsp_startup.o(.text) refers to Obj/bsp_board_init.o(.text.board_init) for board_init
	puts.o(.text) refers to Obj/libc_libc_port.o(.text.fputc) for fputc
	fputs.o(.text) refers to Obj/libc_libc_port.o(.text.fputc) for fputc
	putc.o(.text) refers to Obj/libc_libc_port.o(.text.fputc) for fputc
	Obj/bsp_trap_c.o(.text.trap_c) refers to Obj/libc_libc_port.o(.text.wm_printf) for __cskyvprintfprintf
	Obj/libc_libc_port.o(.text._ftoa) refers to _fixunsdfsi.o(.text) for __fixunsdfsi
	Obj/libc_libc_port.o(.text._ntoa_long_long) refers to _udivdi3.o(.text) for __udivdi3
	Obj/libc_libc_port.o(.text._ntoa_long_long) refers to _umoddi3.o(.text) for __umoddi3
	Obj/libc_libc_port.o(.text._etoa) refers to _addsub_df.o(.text) for __adddf3
	_fixunsdfsi.o(.text) refers to _addsub_df.o(.text) for __subdf3
	Obj/libc_libc_port.o(.text._ftoa) refers to _addsub_df.o(.text) for __subdf3
	Obj/libc_libc_port.o(.text._etoa) refers to _addsub_df.o(.text) for __subdf3
	Obj/libc_libc_port.o(.text._ftoa) refers to _mul_df.o(.text) for __muldf3
	Obj/libc_libc_port.o(.text._etoa) refers to _mul_df.o(.text) for __muldf3
	Obj/libc_libc_port.o(.text._etoa) refers to _div_df.o(.text) for __divdf3
	Obj/libc_libc_port.o(.text._ftoa) refers to _ne_df.o(.text) for __nedf2
	Obj/libc_libc_port.o(.text._etoa) refers to _ne_df.o(.text) for __nedf2
	Obj/libc_libc_port.o(.text._ftoa) refers to _gt_df.o(.text) for __gtdf2
	Obj/libc_libc_port.o(.text._etoa) refers to _gt_df.o(.text) for __gtdf2
	_fixunsdfsi.o(.text) refers to _ge_df.o(.text) for __gedf2
	Obj/libc_libc_port.o(.text._ftoa) refers to _ge_df.o(.text) for __gedf2
	Obj/libc_libc_port.o(.text._etoa) refers to _ge_df.o(.text) for __gedf2
	Obj/libc_libc_port.o(.text._ftoa) refers to _lt_df.o(.text) for __ltdf2
	Obj/libc_libc_port.o(.text._etoa) refers to _lt_df.o(.text) for __ltdf2
	Obj/libc_libc_port.o(.text._ftoa) refers to _si_to_df.o(.text) for __floatsidf
	Obj/libc_libc_port.o(.text._etoa) refers to _si_to_df.o(.text) for __floatsidf
	_fixunsdfsi.o(.text) refers to _df_to_si.o(.text) for __fixdfsi
	Obj/libc_libc_port.o(.text._ftoa) refers to _df_to_si.o(.text) for __fixdfsi
	Obj/libc_libc_port.o(.text._etoa) refers to _df_to_si.o(.text) for __fixdfsi
	Obj/libc_libc_port.o(.text._ftoa) refers to _usi_to_df.o(.text) for __floatunsidf
	_mul_df.o(.text) refers to _muldi3.o(.text) for __muldi3
	_addsub_df.o(.text) refers to _pack_df.o(.text) for __pack_d
	_addsub_df.o(.text) refers to _pack_df.o(.text) for __pack_d
	_mul_df.o(.text) refers to _pack_df.o(.text) for __pack_d
	_div_df.o(.text) refers to _pack_df.o(.text) for __pack_d
	_si_to_df.o(.text) refers to _pack_df.o(.text) for __pack_d
	_usi_to_df.o(.text) refers to _pack_df.o(.text) for __pack_d
	_addsub_df.o(.text) refers to _unpack_df.o(.text) for __unpack_d
	_addsub_df.o(.text) refers to _unpack_df.o(.text) for __unpack_d
	_mul_df.o(.text) refers to _unpack_df.o(.text) for __unpack_d
	_div_df.o(.text) refers to _unpack_df.o(.text) for __unpack_d
	_ne_df.o(.text) refers to _unpack_df.o(.text) for __unpack_d
	_gt_df.o(.text) refers to _unpack_df.o(.text) for __unpack_d
	_ge_df.o(.text) refers to _unpack_df.o(.text) for __unpack_d
	_lt_df.o(.text) refers to _unpack_df.o(.text) for __unpack_d
	_df_to_si.o(.text) refers to _unpack_df.o(.text) for __unpack_d
	_ne_df.o(.text) refers to _fpcmp_parts_df.o(.text) for __fpcmp_parts_d
	_gt_df.o(.text) refers to _fpcmp_parts_df.o(.text) for __fpcmp_parts_d
	_ge_df.o(.text) refers to _fpcmp_parts_df.o(.text) for __fpcmp_parts_d
	_lt_df.o(.text) refers to _fpcmp_parts_df.o(.text) for __fpcmp_parts_d
	Obj/bsp_trap_c.o(.text.trap_c) refers to putchar.o(.text) for putchar
	Obj/src_main.o(.text.startup.main) refers to puts.o(.text) for puts
	puts.o(.text) refers to fputs.o(.text) for fputs
	fputs.o(.text) refers to critical.o(.text) for os_critical_enter
	fputs.o(.text) refers to critical.o(.text) for os_critical_exit
	putchar.o(.text) refers to putc.o(.text) for putc


======================================================================

Removing Unused input sections from the image. 

	Removing .text(Obj/drivers_wm_gpio.o), (0 bytes).
	Removing .data(Obj/drivers_wm_gpio.o), (0 bytes).
	Removing .bss(Obj/drivers_wm_gpio.o), (0 bytes).
	Removing .text.HAL_GPIO_Init(Obj/drivers_wm_gpio.o), (436 bytes).
	Removing .rodata.HAL_GPIO_Init(Obj/drivers_wm_gpio.o), (20 bytes).
	Removing .text.HAL_GPIO_DeInit(Obj/drivers_wm_gpio.o), (88 bytes).
	Removing .text.HAL_GPIO_ReadPin(Obj/drivers_wm_gpio.o), (12 bytes).
	Removing .text.HAL_GPIO_WritePin(Obj/drivers_wm_gpio.o), (38 bytes).
	Removing .text.HAL_GPIO_TogglePin(Obj/drivers_wm_gpio.o), (86 bytes).
	Removing .text.HAL_GPIO_EXTI_Callback(Obj/drivers_wm_gpio.o), (2 bytes).
	Removing .text.HAL_GPIO_EXTI_IRQHandler(Obj/drivers_wm_gpio.o), (26 bytes).
	Removing .debug_info(Obj/drivers_wm_gpio.o), (1103 bytes).
	Removing .debug_abbrev(Obj/drivers_wm_gpio.o), (381 bytes).
	Removing .debug_loc(Obj/drivers_wm_gpio.o), (283 bytes).
	Removing .debug_aranges(Obj/drivers_wm_gpio.o), (80 bytes).
	Removing .debug_ranges(Obj/drivers_wm_gpio.o), (64 bytes).
	Removing .debug_macinfo(Obj/drivers_wm_gpio.o), (120780 bytes).
	Removing .debug_line(Obj/drivers_wm_gpio.o), (1389 bytes).
	Removing .debug_str(Obj/drivers_wm_gpio.o), (830 bytes).
	Removing .comment(Obj/drivers_wm_gpio.o), (67 bytes).
	Removing .debug_frame(Obj/drivers_wm_gpio.o), (136 bytes).
	Removing .csky.attributes(Obj/drivers_wm_gpio.o), (56 bytes).
	Removing .text(Obj/drivers_wm_uart.o), (0 bytes).
	Removing .data(Obj/drivers_wm_uart.o), (0 bytes).
	Removing .bss(Obj/drivers_wm_uart.o), (0 bytes).
	Removing .text.HAL_UART_MspInit(Obj/drivers_wm_uart.o), (2 bytes).
	Removing .text.HAL_UART_Init(Obj/drivers_wm_uart.o), (200 bytes).
	Removing .text.HAL_UART_MspDeInit(Obj/drivers_wm_uart.o), (2 bytes).
	Removing .text.HAL_UART_DeInit(Obj/drivers_wm_uart.o), (42 bytes).
	Removing .text.HAL_UART_Transmit(Obj/drivers_wm_uart.o), (262 bytes).
	Removing .text.HAL_UART_Receive(Obj/drivers_wm_uart.o), (210 bytes).
	Removing .text.HAL_UART_Transmit_IT(Obj/drivers_wm_uart.o), (104 bytes).
	Removing .text.HAL_UART_Receive_IT(Obj/drivers_wm_uart.o), (70 bytes).
	Removing .text.HAL_UART_TxCpltCallback(Obj/drivers_wm_uart.o), (2 bytes).
	Removing .text.HAL_UART_RxCpltCallback(Obj/drivers_wm_uart.o), (2 bytes).
	Removing .text.HAL_UART_IRQHandler(Obj/drivers_wm_uart.o), (284 bytes).
	Removing .debug_info(Obj/drivers_wm_uart.o), (2260 bytes).
	Removing .debug_abbrev(Obj/drivers_wm_uart.o), (647 bytes).
	Removing .debug_loc(Obj/drivers_wm_uart.o), (1567 bytes).
	Removing .debug_aranges(Obj/drivers_wm_uart.o), (88 bytes).
	Removing .debug_ranges(Obj/drivers_wm_uart.o), (224 bytes).
	Removing .debug_macinfo(Obj/drivers_wm_uart.o), (120763 bytes).
	Removing .debug_line(Obj/drivers_wm_uart.o), (1615 bytes).
	Removing .debug_str(Obj/drivers_wm_uart.o), (1600 bytes).
	Removing .comment(Obj/drivers_wm_uart.o), (67 bytes).
	Removing .debug_frame(Obj/drivers_wm_uart.o), (276 bytes).
	Removing .csky.attributes(Obj/drivers_wm_uart.o), (56 bytes).
	Removing .text(Obj/drivers_wm_cpu.o), (0 bytes).
	Removing .data(Obj/drivers_wm_cpu.o), (0 bytes).
	Removing .bss(Obj/drivers_wm_cpu.o), (0 bytes).
	Removing .text.SystemClock_Get(Obj/drivers_wm_cpu.o), (44 bytes).
	Removing .text.HAL_NVIC_SetPriority(Obj/drivers_wm_cpu.o), (52 bytes).
	Removing .text.HAL_NVIC_EnableIRQ(Obj/drivers_wm_cpu.o), (32 bytes).
	Removing .text.HAL_NVIC_DisableIRQ(Obj/drivers_wm_cpu.o), (28 bytes).
	Removing .text(Obj/drivers_wm_hal.o), (0 bytes).
	Removing .data(Obj/drivers_wm_hal.o), (0 bytes).
	Removing .bss(Obj/drivers_wm_hal.o), (0 bytes).
	Removing .text.HAL_DeInit(Obj/drivers_wm_hal.o), (4 bytes).
	Removing .text.HAL_MspInit(Obj/drivers_wm_hal.o), (2 bytes).
	Removing .text.HAL_Init(Obj/drivers_wm_hal.o), (10 bytes).
	Removing .text.HAL_MspDeInit(Obj/drivers_wm_hal.o), (2 bytes).
	Removing .debug_info(Obj/drivers_wm_hal.o), (379 bytes).
	Removing .debug_abbrev(Obj/drivers_wm_hal.o), (215 bytes).
	Removing .debug_aranges(Obj/drivers_wm_hal.o), (48 bytes).
	Removing .debug_ranges(Obj/drivers_wm_hal.o), (32 bytes).
	Removing .debug_macinfo(Obj/drivers_wm_hal.o), (120759 bytes).
	Removing .debug_line(Obj/drivers_wm_hal.o), (1169 bytes).
	Removing .debug_str(Obj/drivers_wm_hal.o), (579 bytes).
	Removing .comment(Obj/drivers_wm_hal.o), (67 bytes).
	Removing .debug_frame(Obj/drivers_wm_hal.o), (88 bytes).
	Removing .csky.attributes(Obj/drivers_wm_hal.o), (56 bytes).
	Removing .text(Obj/drivers_wm_spi.o), (0 bytes).
	Removing .data(Obj/drivers_wm_spi.o), (0 bytes).
	Removing .bss(Obj/drivers_wm_spi.o), (0 bytes).
	Removing .text.HAL_SPI_MspInit(Obj/drivers_wm_spi.o), (2 bytes).
	Removing .text.HAL_SPI_Init(Obj/drivers_wm_spi.o), (88 bytes).
	Removing .text.HAL_SPI_MspDeInit(Obj/drivers_wm_spi.o), (2 bytes).
	Removing .text.HAL_SPI_DeInit(Obj/drivers_wm_spi.o), (44 bytes).
	Removing .text.HAL_SPI_Transmit(Obj/drivers_wm_spi.o), (470 bytes).
	Removing .text.HAL_SPI_Receive(Obj/drivers_wm_spi.o), (498 bytes).
	Removing .text.HAL_SPI_TransmitReceive(Obj/drivers_wm_spi.o), (664 bytes).
	Removing .debug_info(Obj/drivers_wm_spi.o), (1737 bytes).
	Removing .debug_abbrev(Obj/drivers_wm_spi.o), (512 bytes).
	Removing .debug_loc(Obj/drivers_wm_spi.o), (1660 bytes).
	Removing .debug_aranges(Obj/drivers_wm_spi.o), (72 bytes).
	Removing .debug_ranges(Obj/drivers_wm_spi.o), (56 bytes).
	Removing .debug_macinfo(Obj/drivers_wm_spi.o), (120763 bytes).
	Removing .debug_line(Obj/drivers_wm_spi.o), (1698 bytes).
	Removing .debug_str(Obj/drivers_wm_spi.o), (1322 bytes).
	Removing .comment(Obj/drivers_wm_spi.o), (67 bytes).
	Removing .debug_frame(Obj/drivers_wm_spi.o), (252 bytes).
	Removing .csky.attributes(Obj/drivers_wm_spi.o), (56 bytes).
	Removing .text(Obj/drivers_wm_wdg.o), (0 bytes).
	Removing .data(Obj/drivers_wm_wdg.o), (0 bytes).
	Removing .bss(Obj/drivers_wm_wdg.o), (0 bytes).
	Removing .text.HAL_WDG_DeInit(Obj/drivers_wm_wdg.o), (22 bytes).
	Removing .text.HAL_WDG_MspInit(Obj/drivers_wm_wdg.o), (2 bytes).
	Removing .text.HAL_WDG_Init(Obj/drivers_wm_wdg.o), (46 bytes).
	Removing .text.HAL_WDG_IRQHandler(Obj/drivers_wm_wdg.o), (8 bytes).
	Removing .debug_info(Obj/drivers_wm_wdg.o), (935 bytes).
	Removing .debug_abbrev(Obj/drivers_wm_wdg.o), (378 bytes).
	Removing .debug_loc(Obj/drivers_wm_wdg.o), (82 bytes).
	Removing .debug_aranges(Obj/drivers_wm_wdg.o), (56 bytes).
	Removing .debug_ranges(Obj/drivers_wm_wdg.o), (40 bytes).
	Removing .debug_macinfo(Obj/drivers_wm_wdg.o), (120763 bytes).
	Removing .debug_line(Obj/drivers_wm_wdg.o), (1203 bytes).
	Removing .debug_str(Obj/drivers_wm_wdg.o), (1101 bytes).
	Removing .comment(Obj/drivers_wm_wdg.o), (67 bytes).
	Removing .debug_frame(Obj/drivers_wm_wdg.o), (108 bytes).
	Removing .csky.attributes(Obj/drivers_wm_wdg.o), (56 bytes).
	Removing .text(Obj/drivers_wm_tim.o), (0 bytes).
	Removing .data(Obj/drivers_wm_tim.o), (0 bytes).
	Removing .bss(Obj/drivers_wm_tim.o), (0 bytes).
	Removing .text.HAL_TIM_Base_MspInit(Obj/drivers_wm_tim.o), (2 bytes).
	Removing .text.HAL_TIM_Base_Init(Obj/drivers_wm_tim.o), (136 bytes).
	Removing .text.HAL_TIM_Base_MspDeInit(Obj/drivers_wm_tim.o), (2 bytes).
	Removing .text.HAL_TIM_Base_DeInit(Obj/drivers_wm_tim.o), (52 bytes).
	Removing .text.HAL_TIM_Base_Start(Obj/drivers_wm_tim.o), (44 bytes).
	Removing .text.HAL_TIM_Base_Stop(Obj/drivers_wm_tim.o), (36 bytes).
	Removing .text.HAL_TIM_Base_Start_IT(Obj/drivers_wm_tim.o), (64 bytes).
	Removing .text.HAL_TIM_Base_Stop_IT(Obj/drivers_wm_tim.o), (56 bytes).
	Removing .text.HAL_TIM_Base_GetState(Obj/drivers_wm_tim.o), (4 bytes).
	Removing .text.HAL_TIM_Callback(Obj/drivers_wm_tim.o), (2 bytes).
	Removing .text.HAL_TIM_IRQHandler(Obj/drivers_wm_tim.o), (56 bytes).
	Removing .debug_info(Obj/drivers_wm_tim.o), (1291 bytes).
	Removing .debug_abbrev(Obj/drivers_wm_tim.o), (418 bytes).
	Removing .debug_loc(Obj/drivers_wm_tim.o), (259 bytes).
	Removing .debug_aranges(Obj/drivers_wm_tim.o), (96 bytes).
	Removing .debug_ranges(Obj/drivers_wm_tim.o), (80 bytes).
	Removing .debug_macinfo(Obj/drivers_wm_tim.o), (120763 bytes).
	Removing .debug_line(Obj/drivers_wm_tim.o), (1329 bytes).
	Removing .debug_str(Obj/drivers_wm_tim.o), (1191 bytes).
	Removing .comment(Obj/drivers_wm_tim.o), (67 bytes).
	Removing .debug_frame(Obj/drivers_wm_tim.o), (232 bytes).
	Removing .csky.attributes(Obj/drivers_wm_tim.o), (56 bytes).
	Removing .text(Obj/drivers_wm_internal_flash.o), (0 bytes).
	Removing .data(Obj/drivers_wm_internal_flash.o), (0 bytes).
	Removing .bss(Obj/drivers_wm_internal_flash.o), (0 bytes).
	Removing .text.__readByCMD.constprop.0(Obj/drivers_wm_internal_flash.o), (228 bytes).
	Removing .text.flashRead(Obj/drivers_wm_internal_flash.o), (172 bytes).
	Removing .text.writeBpBit_for_2wreg.constprop.2(Obj/drivers_wm_internal_flash.o), (140 bytes).
	Removing .text.tls_flash_unlock(Obj/drivers_wm_internal_flash.o), (258 bytes).
	Removing .text.tls_flash_lock(Obj/drivers_wm_internal_flash.o), (266 bytes).
	Removing .text.HAL_FLASH_Read(Obj/drivers_wm_internal_flash.o), (112 bytes).
	Removing .text.HAL_FLASH_Write(Obj/drivers_wm_internal_flash.o), (352 bytes).
	Removing .bss.cache.5870(Obj/drivers_wm_internal_flash.o), (256 bytes).
	Removing .bss.cache.5891(Obj/drivers_wm_internal_flash.o), (4096 bytes).
	Removing .debug_info(Obj/drivers_wm_internal_flash.o), (2813 bytes).
	Removing .debug_abbrev(Obj/drivers_wm_internal_flash.o), (738 bytes).
	Removing .debug_loc(Obj/drivers_wm_internal_flash.o), (1061 bytes).
	Removing .debug_aranges(Obj/drivers_wm_internal_flash.o), (80 bytes).
	Removing .debug_ranges(Obj/drivers_wm_internal_flash.o), (576 bytes).
	Removing .debug_macinfo(Obj/drivers_wm_internal_flash.o), (120763 bytes).
	Removing .debug_line(Obj/drivers_wm_internal_flash.o), (1860 bytes).
	Removing .debug_str(Obj/drivers_wm_internal_flash.o), (1302 bytes).
	Removing .comment(Obj/drivers_wm_internal_flash.o), (67 bytes).
	Removing .debug_frame(Obj/drivers_wm_internal_flash.o), (220 bytes).
	Removing .csky.attributes(Obj/drivers_wm_internal_flash.o), (56 bytes).
	Removing COMMON(Obj/drivers_wm_internal_flash.o), (4 bytes).
	Removing .text(Obj/drivers_wm_adc.o), (0 bytes).
	Removing .data(Obj/drivers_wm_adc.o), (0 bytes).
	Removing .bss(Obj/drivers_wm_adc.o), (0 bytes).
	Removing .text.HAL_ADC_Start.part.0(Obj/drivers_wm_adc.o), (50 bytes).
	Removing .text.HAL_ADC_MspInit(Obj/drivers_wm_adc.o), (2 bytes).
	Removing .text.HAL_ADC_Init(Obj/drivers_wm_adc.o), (220 bytes).
	Removing .text.HAL_ADC_MspDeInit(Obj/drivers_wm_adc.o), (2 bytes).
	Removing .text.HAL_ADC_DeInit(Obj/drivers_wm_adc.o), (38 bytes).
	Removing .text.HAL_ADC_Start(Obj/drivers_wm_adc.o), (18 bytes).
	Removing .text.HAL_ADC_Stop(Obj/drivers_wm_adc.o), (34 bytes).
	Removing .text.HAL_ADC_PollForConversion(Obj/drivers_wm_adc.o), (26 bytes).
	Removing .text.HAL_ADC_GetValue(Obj/drivers_wm_adc.o), (48 bytes).
	Removing .text.HAL_ADC_GET_INPUT_VOLTAGE(Obj/drivers_wm_adc.o), (188 bytes).
	Removing .text.HAL_ADC_Start_IT(Obj/drivers_wm_adc.o), (68 bytes).
	Removing .text.HAL_ADC_Stop_IT(Obj/drivers_wm_adc.o), (40 bytes).
	Removing .text.HAL_ADC_Start_Compare_IT(Obj/drivers_wm_adc.o), (92 bytes).
	Removing .text.HAL_ADC_Stop_Compare_IT(Obj/drivers_wm_adc.o), (42 bytes).
	Removing .text.HAL_ADC_ConvCpltCallback(Obj/drivers_wm_adc.o), (2 bytes).
	Removing .text.HAL_ADC_CompareCallback(Obj/drivers_wm_adc.o), (2 bytes).
	Removing .text.HAL_ADC_IRQHandler(Obj/drivers_wm_adc.o), (72 bytes).
	Removing .debug_info(Obj/drivers_wm_adc.o), (1948 bytes).
	Removing .debug_abbrev(Obj/drivers_wm_adc.o), (587 bytes).
	Removing .debug_loc(Obj/drivers_wm_adc.o), (638 bytes).
	Removing .debug_aranges(Obj/drivers_wm_adc.o), (136 bytes).
	Removing .debug_ranges(Obj/drivers_wm_adc.o), (240 bytes).
	Removing .debug_macinfo(Obj/drivers_wm_adc.o), (120763 bytes).
	Removing .debug_line(Obj/drivers_wm_adc.o), (1571 bytes).
	Removing .debug_str(Obj/drivers_wm_adc.o), (1194 bytes).
	Removing .comment(Obj/drivers_wm_adc.o), (67 bytes).
	Removing .debug_frame(Obj/drivers_wm_adc.o), (340 bytes).
	Removing .csky.attributes(Obj/drivers_wm_adc.o), (56 bytes).
	Removing .text(Obj/drivers_wm_pwm.o), (0 bytes).
	Removing .data(Obj/drivers_wm_pwm.o), (0 bytes).
	Removing .bss(Obj/drivers_wm_pwm.o), (0 bytes).
	Removing .text.__PWM_OutMode_Config(Obj/drivers_wm_pwm.o), (280 bytes).
	Removing .text.__PWM_CountType_Config(Obj/drivers_wm_pwm.o), (52 bytes).
	Removing .text.__PWM_Freq_Config(Obj/drivers_wm_pwm.o), (198 bytes).
	Removing .text.__PWM_Duty_Config(Obj/drivers_wm_pwm.o), (122 bytes).
	Removing .text.__PWM_AutoReload_Config(Obj/drivers_wm_pwm.o), (48 bytes).
	Removing .text.__PWM_OutInverse_Config(Obj/drivers_wm_pwm.o), (46 bytes).
	Removing .text.__PWM_OutEn_Config(Obj/drivers_wm_pwm.o), (32 bytes).
	Removing .text.HAL_PWM_MspInit(Obj/drivers_wm_pwm.o), (2 bytes).
	Removing .text.HAL_PWM_Init(Obj/drivers_wm_pwm.o), (114 bytes).
	Removing .text.HAL_PWM_MspDeInit(Obj/drivers_wm_pwm.o), (2 bytes).
	Removing .text.HAL_PWM_DeInit(Obj/drivers_wm_pwm.o), (10 bytes).
	Removing .text.HAL_PWM_Start(Obj/drivers_wm_pwm.o), (28 bytes).
	Removing .text.HAL_PWM_Stop(Obj/drivers_wm_pwm.o), (28 bytes).
	Removing .text.HAL_PWM_Duty_Set(Obj/drivers_wm_pwm.o), (18 bytes).
	Removing .text.HAL_PWM_Freq_Set(Obj/drivers_wm_pwm.o), (18 bytes).
	Removing .debug_info(Obj/drivers_wm_pwm.o), (2059 bytes).
	Removing .debug_abbrev(Obj/drivers_wm_pwm.o), (481 bytes).
	Removing .debug_loc(Obj/drivers_wm_pwm.o), (1701 bytes).
	Removing .debug_aranges(Obj/drivers_wm_pwm.o), (136 bytes).
	Removing .debug_ranges(Obj/drivers_wm_pwm.o), (312 bytes).
	Removing .debug_macinfo(Obj/drivers_wm_pwm.o), (120763 bytes).
	Removing .debug_line(Obj/drivers_wm_pwm.o), (1643 bytes).
	Removing .debug_str(Obj/drivers_wm_pwm.o), (1061 bytes).
	Removing .comment(Obj/drivers_wm_pwm.o), (67 bytes).
	Removing .debug_frame(Obj/drivers_wm_pwm.o), (288 bytes).
	Removing .csky.attributes(Obj/drivers_wm_pwm.o), (56 bytes).
	Removing .text(Obj/drivers_wm_pmu.o), (0 bytes).
	Removing .data(Obj/drivers_wm_pmu.o), (0 bytes).
	Removing .bss(Obj/drivers_wm_pmu.o), (0 bytes).
	Removing .text.HAL_PMU_MspInit(Obj/drivers_wm_pmu.o), (2 bytes).
	Removing .text.HAL_PMU_Init(Obj/drivers_wm_pmu.o), (66 bytes).
	Removing .text.HAL_PMU_MspDeInit(Obj/drivers_wm_pmu.o), (2 bytes).
	Removing .text.HAL_PMU_DeInit(Obj/drivers_wm_pmu.o), (50 bytes).
	Removing .text.HAL_PMU_Enter_Sleep(Obj/drivers_wm_pmu.o), (12 bytes).
	Removing .text.HAL_PMU_Enter_Standby(Obj/drivers_wm_pmu.o), (12 bytes).
	Removing .text.HAL_PMU_TIMER0_Start(Obj/drivers_wm_pmu.o), (18 bytes).
	Removing .text.HAL_PMU_TIMER0_Stop(Obj/drivers_wm_pmu.o), (20 bytes).
	Removing .text.HAL_PMU_RTC_GetTime(Obj/drivers_wm_pmu.o), (72 bytes).
	Removing .text.HAL_PMU_RTC_Start(Obj/drivers_wm_pmu.o), (96 bytes).
	Removing .text.HAL_PMU_RTC_Stop(Obj/drivers_wm_pmu.o), (20 bytes).
	Removing .text.HAL_PMU_RTC_Alarm_Enable(Obj/drivers_wm_pmu.o), (88 bytes).
	Removing .text.HAL_PMU_RTC_Alarm_Disable(Obj/drivers_wm_pmu.o), (22 bytes).
	Removing .text.HAL_PMU_Tim0_Callback(Obj/drivers_wm_pmu.o), (2 bytes).
	Removing .text.HAL_PMU_IO_Callback(Obj/drivers_wm_pmu.o), (2 bytes).
	Removing .text.HAL_PMU_RTC_Callback(Obj/drivers_wm_pmu.o), (2 bytes).
	Removing .text.HAL_PMU_IRQHandler(Obj/drivers_wm_pmu.o), (64 bytes).
	Removing .debug_info(Obj/drivers_wm_pmu.o), (1311 bytes).
	Removing .debug_abbrev(Obj/drivers_wm_pmu.o), (376 bytes).
	Removing .debug_loc(Obj/drivers_wm_pmu.o), (502 bytes).
	Removing .debug_aranges(Obj/drivers_wm_pmu.o), (128 bytes).
	Removing .debug_ranges(Obj/drivers_wm_pmu.o), (112 bytes).
	Removing .debug_macinfo(Obj/drivers_wm_pmu.o), (120763 bytes).
	Removing .debug_line(Obj/drivers_wm_pmu.o), (1473 bytes).
	Removing .debug_str(Obj/drivers_wm_pmu.o), (1020 bytes).
	Removing .comment(Obj/drivers_wm_pmu.o), (67 bytes).
	Removing .debug_frame(Obj/drivers_wm_pmu.o), (316 bytes).
	Removing .csky.attributes(Obj/drivers_wm_pmu.o), (56 bytes).
	Removing .text(Obj/drivers_wm_spi_flash.o), (0 bytes).
	Removing .data(Obj/drivers_wm_spi_flash.o), (0 bytes).
	Removing .bss(Obj/drivers_wm_spi_flash.o), (0 bytes).
	Removing .text.fls_drv_write_enable(Obj/drivers_wm_spi_flash.o), (52 bytes).
	Removing .text.fls_drv_wait_write_enable(Obj/drivers_wm_spi_flash.o), (108 bytes).
	Removing .text.fls_drv_wait_flash_ready(Obj/drivers_wm_spi_flash.o), (108 bytes).
	Removing .text.fls_drv_page_write(Obj/drivers_wm_spi_flash.o), (136 bytes).
	Removing .text.fls_drv_erase(Obj/drivers_wm_spi_flash.o), (108 bytes).
	Removing .text.fls_drv_read_id(Obj/drivers_wm_spi_flash.o), (112 bytes).
	Removing .text.fls_drv_read(Obj/drivers_wm_spi_flash.o), (80 bytes).
	Removing .text.SPIFLS_Init(Obj/drivers_wm_spi_flash.o), (84 bytes).
	Removing .text.SPIFLS_Read_ID(Obj/drivers_wm_spi_flash.o), (26 bytes).
	Removing .text.SPIFLS_Page_Write(Obj/drivers_wm_spi_flash.o), (40 bytes).
	Removing .text.SPIFLS_Read(Obj/drivers_wm_spi_flash.o), (44 bytes).
	Removing .text.SPIFLS_Write(Obj/drivers_wm_spi_flash.o), (320 bytes).
	Removing .text.SPIFLS_Erase(Obj/drivers_wm_spi_flash.o), (28 bytes).
	Removing .text.SPIFLS_Chip_Erase(Obj/drivers_wm_spi_flash.o), (80 bytes).
	Removing .bss.cache(Obj/drivers_wm_spi_flash.o), (4096 bytes).
	Removing .bss.hspi(Obj/drivers_wm_spi_flash.o), (64 bytes).
	Removing .bss.total_size(Obj/drivers_wm_spi_flash.o), (4 bytes).
	Removing .debug_info(Obj/drivers_wm_spi_flash.o), (2371 bytes).
	Removing .debug_abbrev(Obj/drivers_wm_spi_flash.o), (662 bytes).
	Removing .debug_loc(Obj/drivers_wm_spi_flash.o), (1209 bytes).
	Removing .debug_aranges(Obj/drivers_wm_spi_flash.o), (136 bytes).
	Removing .debug_ranges(Obj/drivers_wm_spi_flash.o), (168 bytes).
	Removing .debug_macinfo(Obj/drivers_wm_spi_flash.o), (120763 bytes).
	Removing .debug_line(Obj/drivers_wm_spi_flash.o), (1658 bytes).
	Removing .debug_str(Obj/drivers_wm_spi_flash.o), (1416 bytes).
	Removing .comment(Obj/drivers_wm_spi_flash.o), (67 bytes).
	Removing .debug_frame(Obj/drivers_wm_spi_flash.o), (488 bytes).
	Removing .csky.attributes(Obj/drivers_wm_spi_flash.o), (56 bytes).
	Removing .text(Obj/drivers_wm_i2c.o), (0 bytes).
	Removing .data(Obj/drivers_wm_i2c.o), (0 bytes).
	Removing .bss(Obj/drivers_wm_i2c.o), (0 bytes).
	Removing .text.I2C_Start(Obj/drivers_wm_i2c.o), (70 bytes).
	Removing .text.I2C_Write_Byte(Obj/drivers_wm_i2c.o), (84 bytes).
	Removing .text.I2C_Stop(Obj/drivers_wm_i2c.o), (52 bytes).
	Removing .text.I2C_Wait_Ack(Obj/drivers_wm_i2c.o), (94 bytes).
	Removing .text.HAL_I2C_Init(Obj/drivers_wm_i2c.o), (68 bytes).
	Removing .text.HAL_I2C_DeInit(Obj/drivers_wm_i2c.o), (24 bytes).
	Removing .text.HAL_I2C_Write(Obj/drivers_wm_i2c.o), (110 bytes).
	Removing .text.HAL_I2C_Read(Obj/drivers_wm_i2c.o), (376 bytes).
	Removing .debug_info(Obj/drivers_wm_i2c.o), (2295 bytes).
	Removing .debug_abbrev(Obj/drivers_wm_i2c.o), (621 bytes).
	Removing .debug_loc(Obj/drivers_wm_i2c.o), (642 bytes).
	Removing .debug_aranges(Obj/drivers_wm_i2c.o), (88 bytes).
	Removing .debug_ranges(Obj/drivers_wm_i2c.o), (136 bytes).
	Removing .debug_macinfo(Obj/drivers_wm_i2c.o), (120763 bytes).
	Removing .debug_line(Obj/drivers_wm_i2c.o), (1596 bytes).
	Removing .debug_str(Obj/drivers_wm_i2c.o), (938 bytes).
	Removing .comment(Obj/drivers_wm_i2c.o), (67 bytes).
	Removing .debug_frame(Obj/drivers_wm_i2c.o), (248 bytes).
	Removing .csky.attributes(Obj/drivers_wm_i2c.o), (56 bytes).
	Removing .text(Obj/drivers_wm_touch.o), (0 bytes).
	Removing .data(Obj/drivers_wm_touch.o), (0 bytes).
	Removing .bss(Obj/drivers_wm_touch.o), (0 bytes).
	Removing .text.HAL_TOUCH_MspInit(Obj/drivers_wm_touch.o), (2 bytes).
	Removing .text.HAL_TOUCH_Init(Obj/drivers_wm_touch.o), (152 bytes).
	Removing .text.HAL_TOUCH_MspDeInit(Obj/drivers_wm_touch.o), (2 bytes).
	Removing .text.HAL_TOUCH_DeInit(Obj/drivers_wm_touch.o), (26 bytes).
	Removing .text.HAL_TOUCH_Callback(Obj/drivers_wm_touch.o), (2 bytes).
	Removing .text.HAL_TOUCH_IRQHandler(Obj/drivers_wm_touch.o), (22 bytes).
	Removing .debug_info(Obj/drivers_wm_touch.o), (1039 bytes).
	Removing .debug_abbrev(Obj/drivers_wm_touch.o), (450 bytes).
	Removing .debug_loc(Obj/drivers_wm_touch.o), (152 bytes).
	Removing .debug_aranges(Obj/drivers_wm_touch.o), (64 bytes).
	Removing .debug_ranges(Obj/drivers_wm_touch.o), (48 bytes).
	Removing .debug_macinfo(Obj/drivers_wm_touch.o), (120763 bytes).
	Removing .debug_line(Obj/drivers_wm_touch.o), (1244 bytes).
	Removing .debug_str(Obj/drivers_wm_touch.o), (924 bytes).
	Removing .comment(Obj/drivers_wm_touch.o), (67 bytes).
	Removing .debug_frame(Obj/drivers_wm_touch.o), (136 bytes).
	Removing .csky.attributes(Obj/drivers_wm_touch.o), (56 bytes).
	Removing .text(Obj/src_main.o), (0 bytes).
	Removing .data(Obj/src_main.o), (0 bytes).
	Removing .bss(Obj/src_main.o), (0 bytes).
	Removing .text.Error_Handler(Obj/src_main.o), (2 bytes).
	Removing .text.assert_failed(Obj/src_main.o), (20 bytes).
	Removing .rodata.assert_failed.str1.4(Obj/src_main.o), (45 bytes).
	Removing .text(Obj/src_wm_hal_msp.o), (0 bytes).
	Removing .data(Obj/src_wm_hal_msp.o), (0 bytes).
	Removing .bss(Obj/src_wm_hal_msp.o), (0 bytes).
	Removing .text.HAL_MspInit(Obj/src_wm_hal_msp.o), (2 bytes).
	Removing .debug_info(Obj/src_wm_hal_msp.o), (270 bytes).
	Removing .debug_abbrev(Obj/src_wm_hal_msp.o), (144 bytes).
	Removing .debug_aranges(Obj/src_wm_hal_msp.o), (32 bytes).
	Removing .debug_ranges(Obj/src_wm_hal_msp.o), (16 bytes).
	Removing .debug_macinfo(Obj/src_wm_hal_msp.o), (120759 bytes).
	Removing .debug_line(Obj/src_wm_hal_msp.o), (1130 bytes).
	Removing .debug_str(Obj/src_wm_hal_msp.o), (484 bytes).
	Removing .comment(Obj/src_wm_hal_msp.o), (67 bytes).
	Removing .debug_frame(Obj/src_wm_hal_msp.o), (32 bytes).
	Removing .csky.attributes(Obj/src_wm_hal_msp.o), (56 bytes).
	Removing .text(Obj/src_wm_it.o), (0 bytes).
	Removing .data(Obj/src_wm_it.o), (0 bytes).
	Removing .bss(Obj/src_wm_it.o), (0 bytes).
	Removing .data(Obj/bsp_startup.o), (0 bytes).
	Removing .text(Obj/bsp_system.o), (0 bytes).
	Removing .data(Obj/bsp_system.o), (0 bytes).
	Removing .bss(Obj/bsp_system.o), (0 bytes).
	Removing .text(Obj/bsp_trap_c.o), (0 bytes).
	Removing .data(Obj/bsp_trap_c.o), (0 bytes).
	Removing .bss(Obj/bsp_trap_c.o), (0 bytes).
	Removing .data(Obj/bsp_vectors.o), (0 bytes).
	Removing .text(Obj/bsp_board_init.o), (0 bytes).
	Removing .data(Obj/bsp_board_init.o), (0 bytes).
	Removing .bss(Obj/bsp_board_init.o), (0 bytes).
	Removing .text(Obj/libc_libc_port.o), (0 bytes).
	Removing .data(Obj/libc_libc_port.o), (0 bytes).
	Removing .bss(Obj/libc_libc_port.o), (0 bytes).
	Removing .text._out_buffer(Obj/libc_libc_port.o), (10 bytes).
	Removing .text.sendchar(Obj/libc_libc_port.o), (24 bytes).
	Removing .text.sendchar1(Obj/libc_libc_port.o), (24 bytes).
	Removing .text.fgetc(Obj/libc_libc_port.o), (4 bytes).
	Removing .text._write_r(Obj/libc_libc_port.o), (48 bytes).
	Removing .text.strntoumax(Obj/libc_libc_port.o), (324 bytes).
	Removing .text.wm_vsscanf(Obj/libc_libc_port.o), (1546 bytes).
	Removing .rodata.wm_vsscanf(Obj/libc_libc_port.o), (552 bytes).
	Removing .text.wm_vsnprintf(Obj/libc_libc_port.o), (28 bytes).
	Removing .text.wm_vprintf(Obj/libc_libc_port.o), (28 bytes).
	Removing .text.sscanf(Obj/libc_libc_port.o), (26 bytes).
	Removing .text.__cskyvscanfsscanf(Obj/libc_libc_port.o), (26 bytes).
	Removing .text.__cskyvprintfsprintf(Obj/libc_libc_port.o), (48 bytes).
	Removing .text.__cskyvprintfsnprintf(Obj/libc_libc_port.o), (44 bytes).
	Removing .text.__cskyvprintfvsnprintf(Obj/libc_libc_port.o), (28 bytes).
	Removing .text.__cskyvprintfvsprintf(Obj/libc_libc_port.o), (28 bytes).
	Removing .text.__assert_fail(Obj/libc_libc_port.o), (48 bytes).
	Removing .rodata.__assert_fail.str1.4(Obj/libc_libc_port.o), (68 bytes).
	Removing .text(Obj/__rt_entry.o), (240 bytes).
	Removing .data(Obj/__rt_entry.o), (0 bytes).
	Removing .bss(Obj/__rt_entry.o), (0 bytes).
	Removing .debug_line(Obj/__rt_entry.o), (131 bytes).
	Removing .debug_info(Obj/__rt_entry.o), (171 bytes).
	Removing .debug_abbrev(Obj/__rt_entry.o), (20 bytes).
	Removing .debug_aranges(Obj/__rt_entry.o), (32 bytes).
	Removing .csky.attributes(Obj/__rt_entry.o), (54 bytes).
	Removing .data(_fixunsdfsi.o), (0 bytes).
	Removing .bss(_fixunsdfsi.o), (0 bytes).
	Removing .data(_udivdi3.o), (0 bytes).
	Removing .bss(_udivdi3.o), (0 bytes).
	Removing .data(_umoddi3.o), (0 bytes).
	Removing .bss(_umoddi3.o), (0 bytes).
	Removing .data(_addsub_df.o), (0 bytes).
	Removing .bss(_addsub_df.o), (0 bytes).
	Removing .data(_mul_df.o), (0 bytes).
	Removing .bss(_mul_df.o), (0 bytes).
	Removing .data(_div_df.o), (0 bytes).
	Removing .bss(_div_df.o), (0 bytes).
	Removing .data(_ne_df.o), (0 bytes).
	Removing .bss(_ne_df.o), (0 bytes).
	Removing .data(_gt_df.o), (0 bytes).
	Removing .bss(_gt_df.o), (0 bytes).
	Removing .data(_ge_df.o), (0 bytes).
	Removing .bss(_ge_df.o), (0 bytes).
	Removing .data(_lt_df.o), (0 bytes).
	Removing .bss(_lt_df.o), (0 bytes).
	Removing .data(_si_to_df.o), (0 bytes).
	Removing .bss(_si_to_df.o), (0 bytes).
	Removing .data(_df_to_si.o), (0 bytes).
	Removing .bss(_df_to_si.o), (0 bytes).
	Removing .text(_thenan_df.o), (0 bytes).
	Removing .data(_thenan_df.o), (0 bytes).
	Removing .bss(_thenan_df.o), (0 bytes).
	Removing .data(_usi_to_df.o), (0 bytes).
	Removing .bss(_usi_to_df.o), (0 bytes).
	Removing .data(_muldi3.o), (0 bytes).
	Removing .bss(_muldi3.o), (0 bytes).
	Removing .text(_clz.o), (0 bytes).
	Removing .data(_clz.o), (0 bytes).
	Removing .bss(_clz.o), (0 bytes).
	Removing .data(_pack_df.o), (0 bytes).
	Removing .bss(_pack_df.o), (0 bytes).
	Removing .data(_unpack_df.o), (0 bytes).
	Removing .bss(_unpack_df.o), (0 bytes).
	Removing .data(_fpcmp_parts_df.o), (0 bytes).
	Removing .bss(_fpcmp_parts_df.o), (0 bytes).
	Removing .text(isspace.o), (20 bytes).
	Removing .data(isspace.o), (0 bytes).
	Removing .bss(isspace.o), (0 bytes).
	Removing .csky.attributes(isspace.o), (50 bytes).
	Removing .data(putchar.o), (0 bytes).
	Removing .bss(putchar.o), (0 bytes).
	Removing .data(puts.o), (0 bytes).
	Removing .bss(puts.o), (0 bytes).
	Removing .text(stdinit.o), (0 bytes).
	Removing .bss(stdinit.o), (0 bytes).
	Removing .data(fputs.o), (0 bytes).
	Removing .bss(fputs.o), (0 bytes).
	Removing .text(strtod.o), (612 bytes).
	Removing .data(strtod.o), (0 bytes).
	Removing .bss(strtod.o), (0 bytes).
	Removing .rodata(strtod.o), (40 bytes).
	Removing .comment(strtod.o), (67 bytes).
	Removing .csky.attributes(strtod.o), (52 bytes).
	Removing .text(strtof.o), (12 bytes).
	Removing .data(strtof.o), (0 bytes).
	Removing .bss(strtof.o), (0 bytes).
	Removing .comment(strtof.o), (67 bytes).
	Removing .csky.attributes(strtof.o), (52 bytes).
	Removing .text(memcpy_fast.o), (126 bytes).
	Removing .data(memcpy_fast.o), (0 bytes).
	Removing .bss(memcpy_fast.o), (0 bytes).
	Removing .csky.attributes(memcpy_fast.o), (50 bytes).
	Removing .text(isdigit.o), (8 bytes).
	Removing .data(isdigit.o), (0 bytes).
	Removing .bss(isdigit.o), (0 bytes).
	Removing .csky.attributes(isdigit.o), (50 bytes).
	Removing .text(minilibc_init.o), (56 bytes).
	Removing .data(minilibc_init.o), (0 bytes).
	Removing .bss(minilibc_init.o), (0 bytes).
	Removing .comment(minilibc_init.o), (67 bytes).
	Removing .csky.attributes(minilibc_init.o), (52 bytes).
	Removing COMMON(minilibc_init.o), (8 bytes).
	Removing .data(critical.o), (0 bytes).
	Removing .bss(critical.o), (0 bytes).
	Removing .data(putc.o), (0 bytes).
	Removing .bss(putc.o), (0 bytes).
	Removing .text(abs.o), (6 bytes).
	Removing .data(abs.o), (0 bytes).
	Removing .bss(abs.o), (0 bytes).
	Removing .csky.attributes(abs.o), (50 bytes).
	Removing .text(_eq_df.o), (56 bytes).
	Removing .data(_eq_df.o), (0 bytes).
	Removing .bss(_eq_df.o), (0 bytes).
	Removing .comment(_eq_df.o), (67 bytes).
	Removing .csky.attributes(_eq_df.o), (52 bytes).
	Removing .text(_df_to_sf.o), (52 bytes).
	Removing .data(_df_to_sf.o), (0 bytes).
	Removing .bss(_df_to_sf.o), (0 bytes).
	Removing .comment(_df_to_sf.o), (67 bytes).
	Removing .csky.attributes(_df_to_sf.o), (52 bytes).
	Removing .text(_make_sf.o), (22 bytes).
	Removing .data(_make_sf.o), (0 bytes).
	Removing .bss(_make_sf.o), (0 bytes).
	Removing .comment(_make_sf.o), (67 bytes).
	Removing .csky.attributes(_make_sf.o), (52 bytes).
	Removing .text(_pack_sf.o), (192 bytes).
	Removing .data(_pack_sf.o), (0 bytes).
	Removing .bss(_pack_sf.o), (0 bytes).
	Removing .comment(_pack_sf.o), (67 bytes).
	Removing .csky.attributes(_pack_sf.o), (52 bytes).

491 unused seciton(s) (total 1797810 bytes) removed from the image.

======================================================================

Image Symbol Table 

	Local Symbols

	Symbol Name                        Value        Type   Size  Section
	Obj/bsp_board_init.o               0x00000000     df        0  *ABS*
	Obj/bsp_startup.o                  0x00000000     df        0  *ABS*
	Obj/bsp_system.o                   0x00000000     df        0  *ABS*
	Obj/bsp_trap_c.o                   0x00000000     df        0  *ABS*
	Obj/bsp_vectors.o                  0x00000000     df        0  *ABS*
	Obj/drivers_wm_cpu.o               0x00000000     df        0  *ABS*
	Obj/libc_libc_port.o               0x00000000     df        0  *ABS*
	Obj/src_main.o                     0x00000000     df        0  *ABS*
	Obj/src_wm_it.o                    0x00000000     df        0  *ABS*
	_addsub_df.o                       0x00000000     df        0  *ABS*
	_df_to_si.o                        0x00000000     df        0  *ABS*
	_div_df.o                          0x00000000     df        0  *ABS*
	_fixunsdfsi.o                      0x00000000     df        0  *ABS*
	_fpcmp_parts_df.o                  0x00000000     df        0  *ABS*
	_ge_df.o                           0x00000000     df        0  *ABS*
	_gt_df.o                           0x00000000     df        0  *ABS*
	_lt_df.o                           0x00000000     df        0  *ABS*
	_mul_df.o                          0x00000000     df        0  *ABS*
	_muldi3.o                          0x00000000     df        0  *ABS*
	_ne_df.o                           0x00000000     df        0  *ABS*
	_pack_df.o                         0x00000000     df        0  *ABS*
	_si_to_df.o                        0x00000000     df        0  *ABS*
	_udivdi3.o                         0x00000000     df        0  *ABS*
	_umoddi3.o                         0x00000000     df        0  *ABS*
	_unpack_df.o                       0x00000000     df        0  *ABS*
	_usi_to_df.o                       0x00000000     df        0  *ABS*
	critical.o                         0x00000000     df        0  *ABS*
	fputs.o                            0x00000000     df        0  *ABS*
	putc.o                             0x00000000     df        0  *ABS*
	putchar.o                          0x00000000     df        0  *ABS*
	puts.o                             0x00000000     df        0  *ABS*
	stdinit.o                          0x00000000     df        0  *ABS*
	$d                                 0x08010500               0  .text
	$t                                 0x08010500               0  .text
	_start                             0x08010500               0  .text
	__exit                             0x08010560               0  .text
	$d                                 0x08010562               0  .text
	$t                                 0x0801058c               0  .text
	$d                                 0x080105d2               0  .text
	$d                                 0x080105dc               0  .text
	$t                                 0x080105dc               0  .text
	$d                                 0x08010614               0  .text
	$t                                 0x08010614               0  .text
	$d                                 0x08010942               0  .text
	$d                                 0x08010948               0  .text
	$t                                 0x08010948               0  .text
	$d                                 0x08010c68               0  .text
	_fpadd_parts                       0x08010c6c      F      706  .text
	$d                                 0x08010c6c               0  .text
	$t                                 0x08010c6c               0  .text
	$d                                 0x08010f98               0  .text
	$d                                 0x08010f9c               0  .text
	$t                                 0x08010f9c               0  .text
	$d                                 0x08011198               0  .text
	$d                                 0x0801119c               0  .text
	$t                                 0x0801119c               0  .text
	$d                                 0x080112ae               0  .text
	$d                                 0x080112b4               0  .text
	$t                                 0x080112b4               0  .text
	$d                                 0x080112ec               0  .text
	$t                                 0x080112ec               0  .text
	$d                                 0x0801132c               0  .text
	$t                                 0x0801132c               0  .text
	$d                                 0x0801136c               0  .text
	$t                                 0x0801136c               0  .text
	$d                                 0x080113a4               0  .text
	$t                                 0x080113a4               0  .text
	$d                                 0x0801140c               0  .text
	$t                                 0x0801140c               0  .text
	$d                                 0x0801147c               0  .text
	$t                                 0x0801147c               0  .text
	$d                                 0x080114d4               0  .text
	$t                                 0x080114d4               0  .text
	$d                                 0x08011520               0  .text
	$t                                 0x08011520               0  .text
	$d                                 0x080116b0               0  .text
	$t                                 0x080116b0               0  .text
	$d                                 0x08011794               0  .text
	$t                                 0x08011794               0  .text
	$d                                 0x08011858               0  .text
	$t                                 0x08011858               0  .text
	$d                                 0x08011864               0  .text
	$d                                 0x08011868               0  .text
	$t                                 0x08011868               0  .text
	$d                                 0x0801187c               0  .text
	$d                                 0x08011880               0  .text
	$t                                 0x08011880               0  .text
	$d                                 0x080118cc               0  .text
	$t                                 0x080118cc               0  .text
	$d                                 0x080118dc               0  .text
	$t                                 0x080118dc               0  .text
	$d                                 0x080118e4               0  .text
	$t                                 0x080118e4               0  .text
	$d                                 0x08011948               0  .text
	$d                                 0x08011954               0  .text
	$t                                 0x08011954               0  .text
	$d                                 0x080119b4               0  .text
	$t                                 0x080119b4               0  .text
	$d                                 0x080119be               0  .text
	$d                                 0x080119c4               0  .text
	$t                                 0x080119c4               0  .text
	$d                                 0x080119ca               0  .text
	$d                                 0x080119d0               0  .text
	$t                                 0x080119d0               0  .text
	$d                                 0x080119e8               0  .text
	$t                                 0x080119e8               0  .text
	$d                                 0x08011a06               0  .text
	$d                                 0x08011a10               0  .text
	$t                                 0x08011a10               0  .text
	$d                                 0x08011a40               0  .text
	$d                                 0x08011a44               0  .text
	$t                                 0x08011a44               0  .text
	$d                                 0x08011a6a               0  .text
	$d                                 0x08011a74               0  .text
	$t                                 0x08011a74               0  .text
	$d                                 0x08011ade               0  .text
	$d                                 0x08011af0               0  .text
	$t                                 0x08011af0               0  .text
	$d                                 0x08011b16               0  .text
	_out_uart                          0x08011b20      F       16  .text
	$d                                 0x08011b20               0  .text
	$t                                 0x08011b20               0  .text
	$d                                 0x08011b30               0  .text
	_out_null                          0x08011b34      F        2  .text
	$d                                 0x08011b34               0  .text
	$t                                 0x08011b34               0  .text
	_out_rev                           0x08011b38      F      154  .text
	$d                                 0x08011b38               0  .text
	$t                                 0x08011b38               0  .text
	_ntoa_format                       0x08011bd4      F      486  .text
	$d                                 0x08011bd4               0  .text
	$t                                 0x08011bd4               0  .text
	_ntoa_long                         0x08011dbc      F      192  .text
	$d                                 0x08011dbc               0  .text
	$t                                 0x08011dbc               0  .text
	_ntoa_long_long                    0x08011e7c      F      214  .text
	$d                                 0x08011e7c               0  .text
	$t                                 0x08011e7c               0  .text
	_ftoa                              0x08011f54      F     1170  .text
	$d                                 0x08011f54               0  .text
	$t                                 0x08011f54               0  .text
	$d                                 0x080122d2               0  .text
	$t                                 0x080122f4               0  .text
	$d                                 0x080123e6               0  .text
	_etoa                              0x080123ec      F     1162  .text
	$d                                 0x080123ec               0  .text
	$t                                 0x080123ec               0  .text
	$d                                 0x080127ec               0  .text
	$t                                 0x08012828               0  .text
	_vsnprintf                         0x08012878      F     2694  .text
	$d                                 0x08012878               0  .text
	$t                                 0x08012878               0  .text
	$d                                 0x080128ba               0  .text
	$t                                 0x080128c4               0  .text
	$d                                 0x0801291e               0  .text
	$t                                 0x08012924               0  .text
	$d                                 0x08012940               0  .text
	$t                                 0x08012944               0  .text
	$d                                 0x08013300               0  .text
	$t                                 0x08013300               0  .text
	$d                                 0x08013316               0  .text
	$d                                 0x0801331c               0  .text
	$t                                 0x0801331c               0  .text
	$d                                 0x0801334a               0  .text
	pow10.6118                         0x080136ac      O       80  .rodata
	__stderr                           0x20000104      O       28  .data
	__stdout                           0x20000124      O       28  .data
	__stdin                            0x20000144      O       28  .data

	Global Symbols

	Symbol Name                        Value        Type   Size  Section
	__min_heap_size                    0x00000000               0  *ABS*
	__Vectors                          0x08010400      O      256  .text
	Reset_Handler                      0x08010500      F       96  .text
	__stext                            0x08010500               0  .text
	trap                               0x0801058c      F        0  .text
	ADC_IRQHandler                     0x080105d0    w F        2  .text
	BLE_IRQHandler                     0x080105d0    w F        2  .text
	BT_IRQHandler                      0x080105d0    w F        2  .text
	DMA_BRUST_IRQHandler               0x080105d0    w F        2  .text
	DMA_Channel0_IRQHandler            0x080105d0    w F        2  .text
	DMA_Channel1_IRQHandler            0x080105d0    w F        2  .text
	DMA_Channel2_IRQHandler            0x080105d0    w F        2  .text
	DMA_Channel3_IRQHandler            0x080105d0    w F        2  .text
	DMA_Channel4_7_IRQHandler          0x080105d0    w F        2  .text
	Default_Handler                    0x080105d0    w F        2  .text
	FLASH_IRQHandler                   0x080105d0    w F        2  .text
	GPIOA_IRQHandler                   0x080105d0    w F        2  .text
	GPIOB_IRQHandler                   0x080105d0    w F        2  .text
	GPSEC_IRQHandler                   0x080105d0    w F        2  .text
	I2C_IRQHandler                     0x080105d0    w F        2  .text
	I2S_IRQHandler                     0x080105d0    w F        2  .text
	MAC_IRQHandler                     0x080105d0    w F        2  .text
	PMU_IRQHandler                     0x080105d0    w F        2  .text
	PWM_IRQHandler                     0x080105d0    w F        2  .text
	RF_Cfg_IRQHandler                  0x080105d0    w F        2  .text
	RSA_IRQHandler                     0x080105d0    w F        2  .text
	SDIO_HOST_IRQHandler               0x080105d0    w F        2  .text
	SDIO_IRQHandler                    0x080105d0    w F        2  .text
	SEC_IRQHandler                     0x080105d0    w F        2  .text
	SPI_HS_IRQHandler                  0x080105d0    w F        2  .text
	SPI_LS_IRQHandler                  0x080105d0    w F        2  .text
	TIM0_5_IRQHandler                  0x080105d0    w F        2  .text
	TOUCH_IRQHandler                   0x080105d0    w F        2  .text
	UART0_IRQHandler                   0x080105d0    w F        2  .text
	UART1_IRQHandler                   0x080105d0    w F        2  .text
	UART2_5_IRQHandler                 0x080105d0    w F        2  .text
	WDG_IRQHandler                     0x080105d0    w F        2  .text
	tspend_handler                     0x080105d0    w F        2  .text
	__fixunsdfsi                       0x080105dc      F       56  .text
	__udivdi3                          0x08010614      F      814  .text
	__umoddi3                          0x08010948      F      800  .text
	__adddf3                           0x08010f30      F       48  .text
	__subdf3                           0x08010f60      F       56  .text
	__muldf3                           0x08010f9c      F      508  .text
	__divdf3                           0x0801119c      F      274  .text
	__nedf2                            0x080112b4      F       56  .text
	__gtdf2                            0x080112ec      F       64  .text
	__gedf2                            0x0801132c      F       64  .text
	__ltdf2                            0x0801136c      F       56  .text
	__floatsidf                        0x080113a4      F      104  .text
	__fixdfsi                          0x0801140c      F      112  .text
	__floatunsidf                      0x0801147c      F       86  .text
	__muldi3                           0x080114d4      F       74  .text
	__pack_d                           0x08011520      F      398  .text
	__unpack_d                         0x080116b0      F      228  .text
	__fpcmp_parts_d                    0x08011794      F      194  .text
	__GI_putchar                       0x08011858      F       12  .text
	putchar                            0x08011858    w F       12  .text
	__GI_puts                          0x08011868      F       20  .text
	puts                               0x08011868    w F       20  .text
	__GI_fputs                         0x08011880      F       74  .text
	fputs                              0x08011880    w F       74  .text
	__GI_os_critical_open              0x080118cc      F        4  .text
	os_critical_open                   0x080118cc    w F        4  .text
	__GI_os_critical_enter             0x080118d0      F        4  .text
	os_critical_enter                  0x080118d0    w F        4  .text
	__GI_os_critical_exit              0x080118d4      F        4  .text
	os_critical_exit                   0x080118d4    w F        4  .text
	__GI_os_critical_close             0x080118d8      F        4  .text
	os_critical_close                  0x080118d8    w F        4  .text
	__GI_putc                          0x080118dc      F        8  .text
	putc                               0x080118dc    w F        8  .text
	HAL_InitTick                       0x080118e4    w F      100  .text
	SystemClock_Config                 0x08011954      F       96  .text
	HAL_IncTick                        0x080119b4    w F       10  .text
	HAL_GetTick                        0x080119c4    w F        6  .text
	HAL_Delay                          0x080119d0    w F       22  .text
	main                               0x080119e8      F       30  .text
	CORET_IRQHandler                   0x08011a10      F       48  .text
	SystemInit                         0x08011a44      F       38  .text
	trap_c                             0x08011a74      F      106  .text
	board_init                         0x08011af0      F       38  .text
	fputc                              0x08013300      F       22  .text
	wm_printf                          0x0801331c      F       46  .text
	__cskyvprintfprintf                0x0801331c    w F       46  .text
	__etext                            0x08013350               0  .text
	__srodata                          0x08013350               0  .rodata
	__thenan_df                        0x08013350      O       20  .rodata
	__clz_tab                          0x08013364      O      256  .rodata
	__erodata                          0x080136fc               0  .rodata
	__vdata_start__                    0x20000000               0  .vdata
	irq_vectors                        0x20000000      O      256  .vdata
	__vdata_end__                      0x20000100               0  .vdata
	irq_vectors_end                    0x20000100               0  .vdata
	__data_start__                     0x20000100               0  .data
	__sdata                            0x20000100               0  .data
	data_start                         0x20000100               0  .data
	stderr                             0x20000100      O        4  .data
	stdout                             0x20000120      O        4  .data
	stdin                              0x20000140      O        4  .data
	__data_end__                       0x20000160               0  .data
	__edata                            0x20000160               0  .data
	__start_cmd                        0x20000160               0  .data
	__start_init_call                  0x20000160               0  .data
	__stop_cmd                         0x20000160               0  .data
	__stop_init_call                   0x20000160               0  .data
	__bss_start__                      0x20000160               0  .bss
	__sbss                             0x20000160               0  .bss
	g_intstackalloc                    0x20000160               0  .bss
	g_intstackbase                     0x20000160               0  .bss
	g_top_irqstack                     0x20001160               0  .bss
	g_trapstackalloc                   0x20001160               0  .bss
	g_trapstackbase                    0x20001160               0  .bss
	g_top_trapstack                    0x20001360               0  .bss
	g_trap_sp                          0x20001360      O        4  .bss
	uwTick                             0x20001364      O        4  .bss
	uwTickPrio                         0x20001368      O        4  .bss
	__bss_end__                        0x2000136c               0  .bss
	__ebss                             0x2000136c               0  .bss
	__end                              0x2000136c               0  .bss
	end                                0x2000136c               0  .bss
	__heap_start                       0x2000136c               0  ._user_heap

	(w:Weak    d:Deubg    F:Function    f:File name    O:Zero)


======================================================================

Memory Map of the image

    Image Entry point : 0x08010500

    Region I-SRAM (Base: 0x08010400, Size: 0x0000335c, Max: 0x000efc00)

    Base Addr    Size         Type   Attr      Idx   Section Name       Object
    0x08010500   0x0000008c   Code   RO        436  .text          	Obj/bsp_startup.o
    0x0801058c   0x00000050   Code   RO        481  .text          	Obj/bsp_vectors.o
    0x080105dc   0x00000038   Code   RO        573  .text          	_fixunsdfsi.o
    0x08010614   0x00000334   Code   RO        580  .text          	_udivdi3.o
    0x08010948   0x00000324   Code   RO        587  .text          	_umoddi3.o
    0x08010c6c   0x00000330   Code   RO        594  .text          	_addsub_df.o
    0x08010f9c   0x00000200   Code   RO        601  .text          	_mul_df.o
    0x0801119c   0x00000118   Code   RO        608  .text          	_div_df.o
    0x080112b4   0x00000038   Code   RO        615  .text          	_ne_df.o
    0x080112ec   0x00000040   Code   RO        622  .text          	_gt_df.o
    0x0801132c   0x00000040   Code   RO        629  .text          	_ge_df.o
    0x0801136c   0x00000038   Code   RO        636  .text          	_lt_df.o
    0x080113a4   0x00000068   Code   RO        643  .text          	_si_to_df.o
    0x0801140c   0x00000070   Code   RO        650  .text          	_df_to_si.o
    0x0801147c   0x00000056   Code   RO        664  .text          	_usi_to_df.o
    0x080114d2   0x00000002   PAD
    0x080114d4   0x0000004a   Code   RO        671  .text          	_muldi3.o
    0x0801151e   0x00000002   PAD
    0x08011520   0x0000018e   Code   RO        685  .text          	_pack_df.o
    0x080116ae   0x00000002   PAD
    0x080116b0   0x000000e4   Code   RO        692  .text          	_unpack_df.o
    0x08011794   0x000000c2   Code   RO        699  .text          	_fpcmp_parts_df.o
    0x08011856   0x00000002   PAD
    0x08011858   0x00000010   Code   RO        717  .text          	putchar.o
    0x08011868   0x00000018   Code   RO        724  .text          	puts.o
    0x08011880   0x0000004a   Code   RO        737  .text          	fputs.o
    0x080118ca   0x00000002   PAD
    0x080118cc   0x00000010   Code   RO        778  .text          	critical.o
    0x080118dc   0x00000008   Code   RO        784  .text          	putc.o
    0x080118e4   0x00000070   Code   RO         71  .text.HAL_InitTick	Obj/drivers_wm_cpu.o
    0x08011954   0x00000060   Code   RO         72  .text.SystemClock_Config	Obj/drivers_wm_cpu.o
    0x080119b4   0x00000010   Code   RO         73  .text.HAL_IncTick	Obj/drivers_wm_cpu.o
    0x080119c4   0x0000000c   Code   RO         74  .text.HAL_GetTick	Obj/drivers_wm_cpu.o
    0x080119d0   0x00000016   Code   RO         75  .text.HAL_Delay	Obj/drivers_wm_cpu.o
    0x080119e6   0x00000002   PAD
    0x080119e8   0x00000028   Code   RO        387  .text.startup.main	Obj/src_main.o
    0x08011a10   0x00000034   Code   RO        423  .text.CORET_IRQHandler	Obj/src_wm_it.o
    0x08011a44   0x00000030   Code   RO        450  .text.SystemInit	Obj/bsp_system.o
    0x08011a74   0x0000007c   Code   RO        466  .text.trap_c   	Obj/bsp_trap_c.o
    0x08011af0   0x00000030   Code   RO        493  .text.board_init	Obj/bsp_board_init.o
    0x08011b20   0x00000014   Code   RO        509  .text._out_uart	Obj/libc_libc_port.o
    0x08011b34   0x00000002   Code   RO        510  .text._out_null	Obj/libc_libc_port.o
    0x08011b36   0x00000002   PAD
    0x08011b38   0x0000009a   Code   RO        511  .text._out_rev 	Obj/libc_libc_port.o
    0x08011bd2   0x00000002   PAD
    0x08011bd4   0x000001e6   Code   RO        512  .text._ntoa_format	Obj/libc_libc_port.o
    0x08011dba   0x00000002   PAD
    0x08011dbc   0x000000c0   Code   RO        513  .text._ntoa_long	Obj/libc_libc_port.o
    0x08011e7c   0x000000d6   Code   RO        514  .text._ntoa_long_long	Obj/libc_libc_port.o
    0x08011f52   0x00000002   PAD
    0x08011f54   0x00000498   Code   RO        515  .text._ftoa    	Obj/libc_libc_port.o
    0x080123ec   0x0000048a   Code   RO        516  .text._etoa    	Obj/libc_libc_port.o
    0x08012876   0x00000002   PAD
    0x08012878   0x00000a86   Code   RO        517  .text._vsnprintf	Obj/libc_libc_port.o
    0x080132fe   0x00000002   PAD
    0x08013300   0x0000001c   Code   RO        521  .text.fputc    	Obj/libc_libc_port.o
    0x0801331c   0x00000034   Code   RO        528  .text.wm_printf	Obj/libc_libc_port.o
    0x08013350   0x00000014   Data   RO        660  .rodata        	_thenan_df.o
    0x08013364   0x00000100   Data   RO        681  .rodata        	_clz.o
    0x08013464   0x00000017   Data   RO        391  .rodata.main.str1.4	Obj/src_main.o
    0x0801347b   0x00000001   PAD
    0x0801347c   0x00000037   Data   RO        467  .rodata.trap_c.str1.4	Obj/bsp_trap_c.o
    0x080134b3   0x00000001   PAD
    0x080134b4   0x000001e0   Data   RO        518  .rodata._vsnprintf	Obj/libc_libc_port.o
    0x08013694   0x00000018   Data   RO        538  .rodata._ftoa.str1.4	Obj/libc_libc_port.o
    0x080136ac   0x00000050   Data   RO        539  .rodata.pow10.6118	Obj/libc_libc_port.o

    Region D-SRAM (Base: 0x20000100, Size: 0x0000126c, Max: 0x00047f00)

    Base Addr    Size         Type   Attr      Idx   Section Name       Object
    0x20000100   0x00000060   Data   RW        732  .data          	stdinit.o
    0x20000160   0x00001000   Zero   RW        438  .bss           	Obj/bsp_startup.o
    0x20001160   0x00000204   Zero   RW        483  .bss           	Obj/bsp_vectors.o
    0x20001364   0x00000008   Zero   RW         92  COMMON         	Obj/drivers_wm_cpu.o

    Region V-SRAM (Base: 0x20000000, Size: 0x00000000, Max: 0x00000100)

    Region *default* (Base: 0x00000000, Size: 0x00000000, Max: 0xffffffff)


======================================================================

Image component sizes

       Code    RO Data    RW Data    ZI Data      Debug   Object Name

          0          0          0          0          0   linker stubs
          0          0          0          0          0   Obj/drivers_wm_gpio.o
          0          0          0          0          0   Obj/drivers_wm_uart.o
        258          0          0          8     127604   Obj/drivers_wm_cpu.o
          0          0          0          0          0   Obj/drivers_wm_hal.o
          0          0          0          0          0   Obj/drivers_wm_spi.o
          0          0          0          0          0   Obj/drivers_wm_wdg.o
          0          0          0          0          0   Obj/drivers_wm_tim.o
          0          0          0          0          0   Obj/drivers_wm_internal_flash.o
          0          0          0          0          0   Obj/drivers_wm_adc.o
          0          0          0          0          0   Obj/drivers_wm_pwm.o
          0          0          0          0          0   Obj/drivers_wm_pmu.o
          0          0          0          0          0   Obj/drivers_wm_spi_flash.o
          0          0          0          0          0   Obj/drivers_wm_i2c.o
          0          0          0          0          0   Obj/drivers_wm_touch.o
         40         23          0          0     122936   Obj/src_main.o
          0          0          0          0          0   Obj/src_wm_hal_msp.o
         52          0          0          0     122476   Obj/src_wm_it.o
        140          0          0       4096        409   Obj/bsp_startup.o
         48          0          0          0      24070   Obj/bsp_system.o
        124         55          0          0      14759   Obj/bsp_trap_c.o
         80          0          0        516        382   Obj/bsp_vectors.o
         48          0          0          0     124150   Obj/bsp_board_init.o
       6180        584          0          0     151778   Obj/libc_libc_port.o
          0          0          0          0          0   Obj/__rt_entry.o
	------------------------------------------------------------
       6970        662          0       4620     688564   Object Totals
         24          2          0          0          0   Pad
          0          0          0          0          0   LD_GEN

	------------------------------------------------------------
    [Library Name]: d:/software/project_software/c-sky_cdk/csky/mingw/csky-abiv2-elf-toolchain/bin/../lib/gcc/csky-elfabiv2/6.3.0/ck803/hard-fp\libgcc.a
	------------------------------------------------------------
       Code    RO Data    RW Data    ZI Data      Debug   Library Member Name

         56          0          0          0          0   _fixunsdfsi.o
        820          0          0          0          0   _udivdi3.o
        804          0          0          0          0   _umoddi3.o
        816          0          0          0          0   _addsub_df.o
        512          0          0          0          0   _mul_df.o
        280          0          0          0          0   _div_df.o
         56          0          0          0          0   _ne_df.o
         64          0          0          0          0   _gt_df.o
         64          0          0          0          0   _ge_df.o
         56          0          0          0          0   _lt_df.o
        104          0          0          0          0   _si_to_df.o
        112          0          0          0          0   _df_to_si.o
          0         20          0          0          0   _thenan_df.o
         86          0          0          0          0   _usi_to_df.o
         74          0          0          0          0   _muldi3.o
          0        256          0          0          0   _clz.o
        398          0          0          0          0   _pack_df.o
        228          0          0          0          0   _unpack_df.o
        194          0          0          0          0   _fpcmp_parts_df.o
	------------------------------------------------------------
       4724        276          0          0          0   Library Totals
          0          0          0          0          0   Pad
          0          0          0          0          0   LD_GEN

	------------------------------------------------------------
    [Library Name]: d:/software/project_software/c-sky_cdk/csky/mingw/csky-abiv2-elf-toolchain/bin/../lib/gcc/csky-elfabiv2/6.3.0/../../../../csky-elfabiv2/lib/ck803/hard-fp\libc.a
	------------------------------------------------------------
       Code    RO Data    RW Data    ZI Data      Debug   Library Member Name

          0          0          0          0          0   isspace.o
         16          0          0          0          0   putchar.o
         24          0          0          0          0   puts.o
          0          0         96          0          0   stdinit.o
         74          0          0          0          0   fputs.o
          0          0          0          0          0   strtod.o
          0          0          0          0          0   strtof.o
          0          0          0          0          0   memcpy_fast.o
          0          0          0          0          0   isdigit.o
          0          0          0          0          0   minilibc_init.o
         16          0          0          0          0   critical.o
          8          0          0          0          0   putc.o
          0          0          0          0          0   abs.o
	------------------------------------------------------------
        138          0         96          0          0   Library Totals
          0          0          0          0          0   Pad
          0          0          0          0          0   LD_GEN

	------------------------------------------------------------
    [Library Name]: d:/software/project_software/c-sky_cdk/csky/mingw/csky-abiv2-elf-toolchain/bin/../lib/gcc/csky-elfabiv2/6.3.0/ck803/hard-fp\libgcc.a
	------------------------------------------------------------
       Code    RO Data    RW Data    ZI Data      Debug   Library Member Name

          0          0          0          0          0   _eq_df.o
          0          0          0          0          0   _df_to_sf.o
          0          0          0          0          0   _make_sf.o
          0          0          0          0          0   _pack_sf.o
	------------------------------------------------------------
          0          0          0          0          0   Library Totals
          0          0          0          0          0   Pad
          0          0          0          0          0   LD_GEN

	------------------------------------------------------------

======================================================================


       Code    RO Data    RW Data    ZI Data      Debug
      11856        940         96       4620     688564   Grand Totals
      11856        940         96       4620     688564   Elf Image Totals
      11856        940         96          0          0   ROM Totals

======================================================================

Total	RO	Size (Code + RO Data)				12796 (  12.50kB)
Total	RW	Size (RW Data + ZI Data)			4716 (  4.61kB)
Total	ROM	Size (Code + RO Data + RW Data)		12892 (  12.59kB)

======================================================================
