ARM GAS  C:\Users\ADMINI~1\AppData\Local\Temp\cczaNC0b.s 			page 1


   1              		.cpu cortex-m0
   2              		.arch armv6s-m
   3              		.fpu softvfp
   4              		.eabi_attribute 20, 1
   5              		.eabi_attribute 21, 1
   6              		.eabi_attribute 23, 3
   7              		.eabi_attribute 24, 1
   8              		.eabi_attribute 25, 1
   9              		.eabi_attribute 26, 1
  10              		.eabi_attribute 30, 1
  11              		.eabi_attribute 34, 0
  12              		.eabi_attribute 18, 4
  13              		.file	"i2c.c"
  14              		.text
  15              	.Ltext0:
  16              		.cfi_sections	.debug_frame
  17              		.file 1 "Core/Src/i2c.c"
  18              		.section	.text.MX_I2C1_Init,"ax",%progbits
  19              		.align	1
  20              		.global	MX_I2C1_Init
  21              		.syntax unified
  22              		.code	16
  23              		.thumb_func
  25              	MX_I2C1_Init:
  26              	.LFB40:
   1:Core/Src/i2c.c **** /* USER CODE BEGIN Header */
   2:Core/Src/i2c.c **** /**
   3:Core/Src/i2c.c ****   ******************************************************************************
   4:Core/Src/i2c.c ****   * @file    i2c.c
   5:Core/Src/i2c.c ****   * @brief   This file provides code for the configuration
   6:Core/Src/i2c.c ****   *          of the I2C instances.
   7:Core/Src/i2c.c ****   ******************************************************************************
   8:Core/Src/i2c.c ****   * @attention
   9:Core/Src/i2c.c ****   *
  10:Core/Src/i2c.c ****   * Copyright (c) 2025 STMicroelectronics.
  11:Core/Src/i2c.c ****   * All rights reserved.
  12:Core/Src/i2c.c ****   *
  13:Core/Src/i2c.c ****   * This software is licensed under terms that can be found in the LICENSE file
  14:Core/Src/i2c.c ****   * in the root directory of this software component.
  15:Core/Src/i2c.c ****   * If no LICENSE file comes with this software, it is provided AS-IS.
  16:Core/Src/i2c.c ****   *
  17:Core/Src/i2c.c ****   ******************************************************************************
  18:Core/Src/i2c.c ****   */
  19:Core/Src/i2c.c **** /* USER CODE END Header */
  20:Core/Src/i2c.c **** /* Includes ------------------------------------------------------------------*/
  21:Core/Src/i2c.c **** #include "i2c.h"
  22:Core/Src/i2c.c **** 
  23:Core/Src/i2c.c **** /* USER CODE BEGIN 0 */
  24:Core/Src/i2c.c **** 
  25:Core/Src/i2c.c **** /* USER CODE END 0 */
  26:Core/Src/i2c.c **** 
  27:Core/Src/i2c.c **** I2C_HandleTypeDef hi2c1;
  28:Core/Src/i2c.c **** 
  29:Core/Src/i2c.c **** /* I2C1 init function */
  30:Core/Src/i2c.c **** void MX_I2C1_Init(void)
  31:Core/Src/i2c.c **** {
  27              		.loc 1 31 1 view -0
ARM GAS  C:\Users\ADMINI~1\AppData\Local\Temp\cczaNC0b.s 			page 2


  28              		.cfi_startproc
  29              		@ args = 0, pretend = 0, frame = 0
  30              		@ frame_needed = 0, uses_anonymous_args = 0
  31 0000 10B5     		push	{r4, lr}
  32              		.cfi_def_cfa_offset 8
  33              		.cfi_offset 4, -8
  34              		.cfi_offset 14, -4
  32:Core/Src/i2c.c **** 
  33:Core/Src/i2c.c ****   /* USER CODE BEGIN I2C1_Init 0 */
  34:Core/Src/i2c.c **** 
  35:Core/Src/i2c.c ****   /* USER CODE END I2C1_Init 0 */
  36:Core/Src/i2c.c **** 
  37:Core/Src/i2c.c ****   /* USER CODE BEGIN I2C1_Init 1 */
  38:Core/Src/i2c.c **** 
  39:Core/Src/i2c.c ****   /* USER CODE END I2C1_Init 1 */
  40:Core/Src/i2c.c ****   hi2c1.Instance = I2C1;
  35              		.loc 1 40 3 view .LVU1
  36              		.loc 1 40 18 is_stmt 0 view .LVU2
  37 0002 1448     		ldr	r0, .L8
  38 0004 144B     		ldr	r3, .L8+4
  39 0006 0360     		str	r3, [r0]
  41:Core/Src/i2c.c ****   hi2c1.Init.Timing = 0x20303E5D;
  40              		.loc 1 41 3 is_stmt 1 view .LVU3
  41              		.loc 1 41 21 is_stmt 0 view .LVU4
  42 0008 144B     		ldr	r3, .L8+8
  43 000a 4360     		str	r3, [r0, #4]
  42:Core/Src/i2c.c ****   hi2c1.Init.OwnAddress1 = 0;
  44              		.loc 1 42 3 is_stmt 1 view .LVU5
  45              		.loc 1 42 26 is_stmt 0 view .LVU6
  46 000c 0023     		movs	r3, #0
  47 000e 8360     		str	r3, [r0, #8]
  43:Core/Src/i2c.c ****   hi2c1.Init.AddressingMode = I2C_ADDRESSINGMODE_7BIT;
  48              		.loc 1 43 3 is_stmt 1 view .LVU7
  49              		.loc 1 43 29 is_stmt 0 view .LVU8
  50 0010 0122     		movs	r2, #1
  51 0012 C260     		str	r2, [r0, #12]
  44:Core/Src/i2c.c ****   hi2c1.Init.DualAddressMode = I2C_DUALADDRESS_DISABLE;
  52              		.loc 1 44 3 is_stmt 1 view .LVU9
  53              		.loc 1 44 30 is_stmt 0 view .LVU10
  54 0014 0361     		str	r3, [r0, #16]
  45:Core/Src/i2c.c ****   hi2c1.Init.OwnAddress2 = 0;
  55              		.loc 1 45 3 is_stmt 1 view .LVU11
  56              		.loc 1 45 26 is_stmt 0 view .LVU12
  57 0016 4361     		str	r3, [r0, #20]
  46:Core/Src/i2c.c ****   hi2c1.Init.OwnAddress2Masks = I2C_OA2_NOMASK;
  58              		.loc 1 46 3 is_stmt 1 view .LVU13
  59              		.loc 1 46 31 is_stmt 0 view .LVU14
  60 0018 8361     		str	r3, [r0, #24]
  47:Core/Src/i2c.c ****   hi2c1.Init.GeneralCallMode = I2C_GENERALCALL_DISABLE;
  61              		.loc 1 47 3 is_stmt 1 view .LVU15
  62              		.loc 1 47 30 is_stmt 0 view .LVU16
  63 001a C361     		str	r3, [r0, #28]
  48:Core/Src/i2c.c ****   hi2c1.Init.NoStretchMode = I2C_NOSTRETCH_DISABLE;
  64              		.loc 1 48 3 is_stmt 1 view .LVU17
  65              		.loc 1 48 28 is_stmt 0 view .LVU18
  66 001c 0362     		str	r3, [r0, #32]
  49:Core/Src/i2c.c ****   if (HAL_I2C_Init(&hi2c1) != HAL_OK)
ARM GAS  C:\Users\ADMINI~1\AppData\Local\Temp\cczaNC0b.s 			page 3


  67              		.loc 1 49 3 is_stmt 1 view .LVU19
  68              		.loc 1 49 7 is_stmt 0 view .LVU20
  69 001e FFF7FEFF 		bl	HAL_I2C_Init
  70              	.LVL0:
  71              		.loc 1 49 6 discriminator 1 view .LVU21
  72 0022 0028     		cmp	r0, #0
  73 0024 0CD1     		bne	.L5
  74              	.L2:
  50:Core/Src/i2c.c ****   {
  51:Core/Src/i2c.c ****     Error_Handler();
  52:Core/Src/i2c.c ****   }
  53:Core/Src/i2c.c **** 
  54:Core/Src/i2c.c ****   /** Configure Analogue filter
  55:Core/Src/i2c.c ****   */
  56:Core/Src/i2c.c ****   if (HAL_I2CEx_ConfigAnalogFilter(&hi2c1, I2C_ANALOGFILTER_ENABLE) != HAL_OK)
  75              		.loc 1 56 3 is_stmt 1 view .LVU22
  76              		.loc 1 56 7 is_stmt 0 view .LVU23
  77 0026 0B48     		ldr	r0, .L8
  78 0028 0021     		movs	r1, #0
  79 002a FFF7FEFF 		bl	HAL_I2CEx_ConfigAnalogFilter
  80              	.LVL1:
  81              		.loc 1 56 6 discriminator 1 view .LVU24
  82 002e 0028     		cmp	r0, #0
  83 0030 09D1     		bne	.L6
  84              	.L3:
  57:Core/Src/i2c.c ****   {
  58:Core/Src/i2c.c ****     Error_Handler();
  59:Core/Src/i2c.c ****   }
  60:Core/Src/i2c.c **** 
  61:Core/Src/i2c.c ****   /** Configure Digital filter
  62:Core/Src/i2c.c ****   */
  63:Core/Src/i2c.c ****   if (HAL_I2CEx_ConfigDigitalFilter(&hi2c1, 0) != HAL_OK)
  85              		.loc 1 63 3 is_stmt 1 view .LVU25
  86              		.loc 1 63 7 is_stmt 0 view .LVU26
  87 0032 0848     		ldr	r0, .L8
  88 0034 0021     		movs	r1, #0
  89 0036 FFF7FEFF 		bl	HAL_I2CEx_ConfigDigitalFilter
  90              	.LVL2:
  91              		.loc 1 63 6 discriminator 1 view .LVU27
  92 003a 0028     		cmp	r0, #0
  93 003c 06D1     		bne	.L7
  94              	.L1:
  64:Core/Src/i2c.c ****   {
  65:Core/Src/i2c.c ****     Error_Handler();
  66:Core/Src/i2c.c ****   }
  67:Core/Src/i2c.c ****   /* USER CODE BEGIN I2C1_Init 2 */
  68:Core/Src/i2c.c **** 
  69:Core/Src/i2c.c ****   /* USER CODE END I2C1_Init 2 */
  70:Core/Src/i2c.c **** 
  71:Core/Src/i2c.c **** }
  95              		.loc 1 71 1 view .LVU28
  96              		@ sp needed
  97 003e 10BD     		pop	{r4, pc}
  98              	.L5:
  51:Core/Src/i2c.c ****   }
  99              		.loc 1 51 5 is_stmt 1 view .LVU29
 100 0040 FFF7FEFF 		bl	Error_Handler
ARM GAS  C:\Users\ADMINI~1\AppData\Local\Temp\cczaNC0b.s 			page 4


 101              	.LVL3:
 102 0044 EFE7     		b	.L2
 103              	.L6:
  58:Core/Src/i2c.c ****   }
 104              		.loc 1 58 5 view .LVU30
 105 0046 FFF7FEFF 		bl	Error_Handler
 106              	.LVL4:
 107 004a F2E7     		b	.L3
 108              	.L7:
  65:Core/Src/i2c.c ****   }
 109              		.loc 1 65 5 view .LVU31
 110 004c FFF7FEFF 		bl	Error_Handler
 111              	.LVL5:
 112              		.loc 1 71 1 is_stmt 0 view .LVU32
 113 0050 F5E7     		b	.L1
 114              	.L9:
 115 0052 C046     		.align	2
 116              	.L8:
 117 0054 00000000 		.word	hi2c1
 118 0058 00540040 		.word	1073763328
 119 005c 5D3E3020 		.word	540032605
 120              		.cfi_endproc
 121              	.LFE40:
 123              		.section	.text.HAL_I2C_MspInit,"ax",%progbits
 124              		.align	1
 125              		.global	HAL_I2C_MspInit
 126              		.syntax unified
 127              		.code	16
 128              		.thumb_func
 130              	HAL_I2C_MspInit:
 131              	.LVL6:
 132              	.LFB41:
  72:Core/Src/i2c.c **** 
  73:Core/Src/i2c.c **** void HAL_I2C_MspInit(I2C_HandleTypeDef* i2cHandle)
  74:Core/Src/i2c.c **** {
 133              		.loc 1 74 1 is_stmt 1 view -0
 134              		.cfi_startproc
 135              		@ args = 0, pretend = 0, frame = 32
 136              		@ frame_needed = 0, uses_anonymous_args = 0
 137              		.loc 1 74 1 is_stmt 0 view .LVU34
 138 0000 10B5     		push	{r4, lr}
 139              		.cfi_def_cfa_offset 8
 140              		.cfi_offset 4, -8
 141              		.cfi_offset 14, -4
 142 0002 88B0     		sub	sp, sp, #32
 143              		.cfi_def_cfa_offset 40
 144 0004 0400     		movs	r4, r0
  75:Core/Src/i2c.c **** 
  76:Core/Src/i2c.c ****   GPIO_InitTypeDef GPIO_InitStruct = {0};
 145              		.loc 1 76 3 is_stmt 1 view .LVU35
 146              		.loc 1 76 20 is_stmt 0 view .LVU36
 147 0006 1422     		movs	r2, #20
 148 0008 0021     		movs	r1, #0
 149 000a 03A8     		add	r0, sp, #12
 150              	.LVL7:
 151              		.loc 1 76 20 view .LVU37
 152 000c FFF7FEFF 		bl	memset
ARM GAS  C:\Users\ADMINI~1\AppData\Local\Temp\cczaNC0b.s 			page 5


 153              	.LVL8:
  77:Core/Src/i2c.c ****   if(i2cHandle->Instance==I2C1)
 154              		.loc 1 77 3 is_stmt 1 view .LVU38
 155              		.loc 1 77 15 is_stmt 0 view .LVU39
 156 0010 2268     		ldr	r2, [r4]
 157              		.loc 1 77 5 view .LVU40
 158 0012 134B     		ldr	r3, .L13
 159 0014 9A42     		cmp	r2, r3
 160 0016 01D0     		beq	.L12
 161              	.LVL9:
 162              	.L10:
  78:Core/Src/i2c.c ****   {
  79:Core/Src/i2c.c ****   /* USER CODE BEGIN I2C1_MspInit 0 */
  80:Core/Src/i2c.c **** 
  81:Core/Src/i2c.c ****   /* USER CODE END I2C1_MspInit 0 */
  82:Core/Src/i2c.c **** 
  83:Core/Src/i2c.c ****     __HAL_RCC_GPIOB_CLK_ENABLE();
  84:Core/Src/i2c.c ****     /**I2C1 GPIO Configuration
  85:Core/Src/i2c.c ****     PB10     ------> I2C1_SCL
  86:Core/Src/i2c.c ****     PB11     ------> I2C1_SDA
  87:Core/Src/i2c.c ****     */
  88:Core/Src/i2c.c ****     GPIO_InitStruct.Pin = GPIO_PIN_10|GPIO_PIN_11;
  89:Core/Src/i2c.c ****     GPIO_InitStruct.Mode = GPIO_MODE_AF_OD;
  90:Core/Src/i2c.c ****     GPIO_InitStruct.Pull = GPIO_NOPULL;
  91:Core/Src/i2c.c ****     GPIO_InitStruct.Speed = GPIO_SPEED_FREQ_HIGH;
  92:Core/Src/i2c.c ****     GPIO_InitStruct.Alternate = GPIO_AF1_I2C1;
  93:Core/Src/i2c.c ****     HAL_GPIO_Init(GPIOB, &GPIO_InitStruct);
  94:Core/Src/i2c.c **** 
  95:Core/Src/i2c.c ****     /* I2C1 clock enable */
  96:Core/Src/i2c.c ****     __HAL_RCC_I2C1_CLK_ENABLE();
  97:Core/Src/i2c.c ****   /* USER CODE BEGIN I2C1_MspInit 1 */
  98:Core/Src/i2c.c **** 
  99:Core/Src/i2c.c ****   /* USER CODE END I2C1_MspInit 1 */
 100:Core/Src/i2c.c ****   }
 101:Core/Src/i2c.c **** }
 163              		.loc 1 101 1 view .LVU41
 164 0018 08B0     		add	sp, sp, #32
 165              		@ sp needed
 166 001a 10BD     		pop	{r4, pc}
 167              	.LVL10:
 168              	.L12:
  83:Core/Src/i2c.c ****     /**I2C1 GPIO Configuration
 169              		.loc 1 83 5 is_stmt 1 view .LVU42
 170              	.LBB2:
  83:Core/Src/i2c.c ****     /**I2C1 GPIO Configuration
 171              		.loc 1 83 5 view .LVU43
  83:Core/Src/i2c.c ****     /**I2C1 GPIO Configuration
 172              		.loc 1 83 5 view .LVU44
 173 001c 114C     		ldr	r4, .L13+4
 174              	.LVL11:
  83:Core/Src/i2c.c ****     /**I2C1 GPIO Configuration
 175              		.loc 1 83 5 is_stmt 0 view .LVU45
 176 001e 6369     		ldr	r3, [r4, #20]
 177 0020 8022     		movs	r2, #128
 178 0022 D202     		lsls	r2, r2, #11
 179 0024 1343     		orrs	r3, r2
 180 0026 6361     		str	r3, [r4, #20]
ARM GAS  C:\Users\ADMINI~1\AppData\Local\Temp\cczaNC0b.s 			page 6


  83:Core/Src/i2c.c ****     /**I2C1 GPIO Configuration
 181              		.loc 1 83 5 is_stmt 1 view .LVU46
 182 0028 6369     		ldr	r3, [r4, #20]
 183 002a 1340     		ands	r3, r2
 184 002c 0193     		str	r3, [sp, #4]
  83:Core/Src/i2c.c ****     /**I2C1 GPIO Configuration
 185              		.loc 1 83 5 view .LVU47
 186 002e 019B     		ldr	r3, [sp, #4]
 187              	.LBE2:
  83:Core/Src/i2c.c ****     /**I2C1 GPIO Configuration
 188              		.loc 1 83 5 view .LVU48
  88:Core/Src/i2c.c ****     GPIO_InitStruct.Mode = GPIO_MODE_AF_OD;
 189              		.loc 1 88 5 view .LVU49
  88:Core/Src/i2c.c ****     GPIO_InitStruct.Mode = GPIO_MODE_AF_OD;
 190              		.loc 1 88 25 is_stmt 0 view .LVU50
 191 0030 03A9     		add	r1, sp, #12
 192 0032 C023     		movs	r3, #192
 193 0034 1B01     		lsls	r3, r3, #4
 194 0036 0393     		str	r3, [sp, #12]
  89:Core/Src/i2c.c ****     GPIO_InitStruct.Pull = GPIO_NOPULL;
 195              		.loc 1 89 5 is_stmt 1 view .LVU51
  89:Core/Src/i2c.c ****     GPIO_InitStruct.Pull = GPIO_NOPULL;
 196              		.loc 1 89 26 is_stmt 0 view .LVU52
 197 0038 1223     		movs	r3, #18
 198 003a 4B60     		str	r3, [r1, #4]
  90:Core/Src/i2c.c ****     GPIO_InitStruct.Speed = GPIO_SPEED_FREQ_HIGH;
 199              		.loc 1 90 5 is_stmt 1 view .LVU53
  91:Core/Src/i2c.c ****     GPIO_InitStruct.Alternate = GPIO_AF1_I2C1;
 200              		.loc 1 91 5 view .LVU54
  91:Core/Src/i2c.c ****     GPIO_InitStruct.Alternate = GPIO_AF1_I2C1;
 201              		.loc 1 91 27 is_stmt 0 view .LVU55
 202 003c 0F3B     		subs	r3, r3, #15
 203 003e CB60     		str	r3, [r1, #12]
  92:Core/Src/i2c.c ****     HAL_GPIO_Init(GPIOB, &GPIO_InitStruct);
 204              		.loc 1 92 5 is_stmt 1 view .LVU56
  92:Core/Src/i2c.c ****     HAL_GPIO_Init(GPIOB, &GPIO_InitStruct);
 205              		.loc 1 92 31 is_stmt 0 view .LVU57
 206 0040 023B     		subs	r3, r3, #2
 207 0042 0B61     		str	r3, [r1, #16]
  93:Core/Src/i2c.c **** 
 208              		.loc 1 93 5 is_stmt 1 view .LVU58
 209 0044 0848     		ldr	r0, .L13+8
 210 0046 FFF7FEFF 		bl	HAL_GPIO_Init
 211              	.LVL12:
  96:Core/Src/i2c.c ****   /* USER CODE BEGIN I2C1_MspInit 1 */
 212              		.loc 1 96 5 view .LVU59
 213              	.LBB3:
  96:Core/Src/i2c.c ****   /* USER CODE BEGIN I2C1_MspInit 1 */
 214              		.loc 1 96 5 view .LVU60
  96:Core/Src/i2c.c ****   /* USER CODE BEGIN I2C1_MspInit 1 */
 215              		.loc 1 96 5 view .LVU61
 216 004a E369     		ldr	r3, [r4, #28]
 217 004c 8022     		movs	r2, #128
 218 004e 9203     		lsls	r2, r2, #14
 219 0050 1343     		orrs	r3, r2
 220 0052 E361     		str	r3, [r4, #28]
  96:Core/Src/i2c.c ****   /* USER CODE BEGIN I2C1_MspInit 1 */
ARM GAS  C:\Users\ADMINI~1\AppData\Local\Temp\cczaNC0b.s 			page 7


 221              		.loc 1 96 5 view .LVU62
 222 0054 E369     		ldr	r3, [r4, #28]
 223 0056 1340     		ands	r3, r2
 224 0058 0293     		str	r3, [sp, #8]
  96:Core/Src/i2c.c ****   /* USER CODE BEGIN I2C1_MspInit 1 */
 225              		.loc 1 96 5 view .LVU63
 226 005a 029B     		ldr	r3, [sp, #8]
 227              	.LBE3:
  96:Core/Src/i2c.c ****   /* USER CODE BEGIN I2C1_MspInit 1 */
 228              		.loc 1 96 5 discriminator 1 view .LVU64
 229              		.loc 1 101 1 is_stmt 0 view .LVU65
 230 005c DCE7     		b	.L10
 231              	.L14:
 232 005e C046     		.align	2
 233              	.L13:
 234 0060 00540040 		.word	1073763328
 235 0064 00100240 		.word	1073876992
 236 0068 00040048 		.word	1207960576
 237              		.cfi_endproc
 238              	.LFE41:
 240              		.section	.text.HAL_I2C_MspDeInit,"ax",%progbits
 241              		.align	1
 242              		.global	HAL_I2C_MspDeInit
 243              		.syntax unified
 244              		.code	16
 245              		.thumb_func
 247              	HAL_I2C_MspDeInit:
 248              	.LVL13:
 249              	.LFB42:
 102:Core/Src/i2c.c **** 
 103:Core/Src/i2c.c **** void HAL_I2C_MspDeInit(I2C_HandleTypeDef* i2cHandle)
 104:Core/Src/i2c.c **** {
 250              		.loc 1 104 1 is_stmt 1 view -0
 251              		.cfi_startproc
 252              		@ args = 0, pretend = 0, frame = 0
 253              		@ frame_needed = 0, uses_anonymous_args = 0
 254              		.loc 1 104 1 is_stmt 0 view .LVU67
 255 0000 10B5     		push	{r4, lr}
 256              		.cfi_def_cfa_offset 8
 257              		.cfi_offset 4, -8
 258              		.cfi_offset 14, -4
 105:Core/Src/i2c.c **** 
 106:Core/Src/i2c.c ****   if(i2cHandle->Instance==I2C1)
 259              		.loc 1 106 3 is_stmt 1 view .LVU68
 260              		.loc 1 106 15 is_stmt 0 view .LVU69
 261 0002 0268     		ldr	r2, [r0]
 262              		.loc 1 106 5 view .LVU70
 263 0004 0A4B     		ldr	r3, .L18
 264 0006 9A42     		cmp	r2, r3
 265 0008 00D0     		beq	.L17
 266              	.LVL14:
 267              	.L15:
 107:Core/Src/i2c.c ****   {
 108:Core/Src/i2c.c ****   /* USER CODE BEGIN I2C1_MspDeInit 0 */
 109:Core/Src/i2c.c **** 
 110:Core/Src/i2c.c ****   /* USER CODE END I2C1_MspDeInit 0 */
 111:Core/Src/i2c.c ****     /* Peripheral clock disable */
ARM GAS  C:\Users\ADMINI~1\AppData\Local\Temp\cczaNC0b.s 			page 8


 112:Core/Src/i2c.c ****     __HAL_RCC_I2C1_CLK_DISABLE();
 113:Core/Src/i2c.c **** 
 114:Core/Src/i2c.c ****     /**I2C1 GPIO Configuration
 115:Core/Src/i2c.c ****     PB10     ------> I2C1_SCL
 116:Core/Src/i2c.c ****     PB11     ------> I2C1_SDA
 117:Core/Src/i2c.c ****     */
 118:Core/Src/i2c.c ****     HAL_GPIO_DeInit(GPIOB, GPIO_PIN_10);
 119:Core/Src/i2c.c **** 
 120:Core/Src/i2c.c ****     HAL_GPIO_DeInit(GPIOB, GPIO_PIN_11);
 121:Core/Src/i2c.c **** 
 122:Core/Src/i2c.c ****   /* USER CODE BEGIN I2C1_MspDeInit 1 */
 123:Core/Src/i2c.c **** 
 124:Core/Src/i2c.c ****   /* USER CODE END I2C1_MspDeInit 1 */
 125:Core/Src/i2c.c ****   }
 126:Core/Src/i2c.c **** }
 268              		.loc 1 126 1 view .LVU71
 269              		@ sp needed
 270 000a 10BD     		pop	{r4, pc}
 271              	.LVL15:
 272              	.L17:
 112:Core/Src/i2c.c **** 
 273              		.loc 1 112 5 is_stmt 1 view .LVU72
 274 000c 094A     		ldr	r2, .L18+4
 275 000e D369     		ldr	r3, [r2, #28]
 276 0010 0949     		ldr	r1, .L18+8
 277 0012 0B40     		ands	r3, r1
 278 0014 D361     		str	r3, [r2, #28]
 118:Core/Src/i2c.c **** 
 279              		.loc 1 118 5 view .LVU73
 280 0016 8021     		movs	r1, #128
 281 0018 084C     		ldr	r4, .L18+12
 282 001a C900     		lsls	r1, r1, #3
 283 001c 2000     		movs	r0, r4
 284              	.LVL16:
 118:Core/Src/i2c.c **** 
 285              		.loc 1 118 5 is_stmt 0 view .LVU74
 286 001e FFF7FEFF 		bl	HAL_GPIO_DeInit
 287              	.LVL17:
 120:Core/Src/i2c.c **** 
 288              		.loc 1 120 5 is_stmt 1 view .LVU75
 289 0022 8021     		movs	r1, #128
 290 0024 0901     		lsls	r1, r1, #4
 291 0026 2000     		movs	r0, r4
 292 0028 FFF7FEFF 		bl	HAL_GPIO_DeInit
 293              	.LVL18:
 294              		.loc 1 126 1 is_stmt 0 view .LVU76
 295 002c EDE7     		b	.L15
 296              	.L19:
 297 002e C046     		.align	2
 298              	.L18:
 299 0030 00540040 		.word	1073763328
 300 0034 00100240 		.word	1073876992
 301 0038 FFFFDFFF 		.word	-2097153
 302 003c 00040048 		.word	1207960576
 303              		.cfi_endproc
 304              	.LFE42:
 306              		.global	hi2c1
ARM GAS  C:\Users\ADMINI~1\AppData\Local\Temp\cczaNC0b.s 			page 9


 307              		.section	.bss.hi2c1,"aw",%nobits
 308              		.align	2
 311              	hi2c1:
 312 0000 00000000 		.space	84
 312      00000000 
 312      00000000 
 312      00000000 
 312      00000000 
 313              		.text
 314              	.Letext0:
 315              		.file 2 "D:/software/Tools/GCC/arm-gnu-toolchain-14.2.rel1-mingw-w64-x86_64-arm-none-eabi/arm-none
 316              		.file 3 "D:/software/Tools/GCC/arm-gnu-toolchain-14.2.rel1-mingw-w64-x86_64-arm-none-eabi/arm-none
 317              		.file 4 "Drivers/CMSIS/Device/ST/STM32F0xx/Include/stm32f031x6.h"
 318              		.file 5 "Drivers/STM32F0xx_HAL_Driver/Inc/stm32f0xx_hal_def.h"
 319              		.file 6 "Drivers/STM32F0xx_HAL_Driver/Inc/stm32f0xx_hal_gpio.h"
 320              		.file 7 "Drivers/STM32F0xx_HAL_Driver/Inc/stm32f0xx_hal_dma.h"
 321              		.file 8 "Drivers/STM32F0xx_HAL_Driver/Inc/stm32f0xx_hal_i2c.h"
 322              		.file 9 "Drivers/STM32F0xx_HAL_Driver/Inc/stm32f0xx_hal_i2c_ex.h"
 323              		.file 10 "Core/Inc/i2c.h"
 324              		.file 11 "Core/Inc/main.h"
 325              		.file 12 "<built-in>"
ARM GAS  C:\Users\ADMINI~1\AppData\Local\Temp\cczaNC0b.s 			page 10


DEFINED SYMBOLS
                            *ABS*:00000000 i2c.c
C:\Users\ADMINI~1\AppData\Local\Temp\cczaNC0b.s:19     .text.MX_I2C1_Init:00000000 $t
C:\Users\ADMINI~1\AppData\Local\Temp\cczaNC0b.s:25     .text.MX_I2C1_Init:00000000 MX_I2C1_Init
C:\Users\ADMINI~1\AppData\Local\Temp\cczaNC0b.s:117    .text.MX_I2C1_Init:00000054 $d
C:\Users\ADMINI~1\AppData\Local\Temp\cczaNC0b.s:311    .bss.hi2c1:00000000 hi2c1
C:\Users\ADMINI~1\AppData\Local\Temp\cczaNC0b.s:124    .text.HAL_I2C_MspInit:00000000 $t
C:\Users\ADMINI~1\AppData\Local\Temp\cczaNC0b.s:130    .text.HAL_I2C_MspInit:00000000 HAL_I2C_MspInit
C:\Users\ADMINI~1\AppData\Local\Temp\cczaNC0b.s:234    .text.HAL_I2C_MspInit:00000060 $d
C:\Users\ADMINI~1\AppData\Local\Temp\cczaNC0b.s:241    .text.HAL_I2C_MspDeInit:00000000 $t
C:\Users\ADMINI~1\AppData\Local\Temp\cczaNC0b.s:247    .text.HAL_I2C_MspDeInit:00000000 HAL_I2C_MspDeInit
C:\Users\ADMINI~1\AppData\Local\Temp\cczaNC0b.s:299    .text.HAL_I2C_MspDeInit:00000030 $d
C:\Users\ADMINI~1\AppData\Local\Temp\cczaNC0b.s:308    .bss.hi2c1:00000000 $d

UNDEFINED SYMBOLS
HAL_I2C_Init
HAL_I2CEx_ConfigAnalogFilter
HAL_I2CEx_ConfigDigitalFilter
Error_Handler
memset
HAL_GPIO_Init
HAL_GPIO_DeInit
