ARM GAS  C:\Users\ADMINI~1\AppData\Local\Temp\cclPNj1j.s 			page 1


   1              		.cpu cortex-m0
   2              		.arch armv6s-m
   3              		.fpu softvfp
   4              		.eabi_attribute 20, 1
   5              		.eabi_attribute 21, 1
   6              		.eabi_attribute 23, 3
   7              		.eabi_attribute 24, 1
   8              		.eabi_attribute 25, 1
   9              		.eabi_attribute 26, 1
  10              		.eabi_attribute 30, 1
  11              		.eabi_attribute 34, 0
  12              		.eabi_attribute 18, 4
  13              		.file	"main.c"
  14              		.text
  15              	.Ltext0:
  16              		.cfi_sections	.debug_frame
  17              		.file 1 "Core/Src/main.c"
  18              		.section	.rodata.HAL_GPIO_EXTI_Callback.str1.4,"aMS",%progbits,1
  19              		.align	2
  20              	.LC0:
  21 0000 73746172 		.ascii	"start:%d\015\012\000"
  21      743A2564 
  21      0D0A00
  22 000b 00       		.align	2
  23              	.LC2:
  24 000c 656E643A 		.ascii	"end:%d fault:%d\015\012\000"
  24      25642066 
  24      61756C74 
  24      3A25640D 
  24      0A00
  25              		.section	.text.HAL_GPIO_EXTI_Callback,"ax",%progbits
  26              		.align	1
  27              		.global	HAL_GPIO_EXTI_Callback
  28              		.syntax unified
  29              		.code	16
  30              		.thumb_func
  32              	HAL_GPIO_EXTI_Callback:
  33              	.LVL0:
  34              	.LFB45:
   1:Core/Src/main.c **** /* USER CODE BEGIN Header */
   2:Core/Src/main.c **** /**
   3:Core/Src/main.c ****  ******************************************************************************
   4:Core/Src/main.c ****  * @file           : main.c
   5:Core/Src/main.c ****  * @brief          : Main program body
   6:Core/Src/main.c ****  ******************************************************************************
   7:Core/Src/main.c ****  * @attention
   8:Core/Src/main.c ****  *
   9:Core/Src/main.c ****  * Copyright (c) 2025 STMicroelectronics.
  10:Core/Src/main.c ****  * All rights reserved.
  11:Core/Src/main.c ****  *
  12:Core/Src/main.c ****  * This software is licensed under terms that can be found in the LICENSE file
  13:Core/Src/main.c ****  * in the root directory of this software component.
  14:Core/Src/main.c ****  * If no LICENSE file comes with this software, it is provided AS-IS.
  15:Core/Src/main.c ****  *
  16:Core/Src/main.c ****  ******************************************************************************
  17:Core/Src/main.c ****  */
  18:Core/Src/main.c **** /* USER CODE END Header */
ARM GAS  C:\Users\ADMINI~1\AppData\Local\Temp\cclPNj1j.s 			page 2


  19:Core/Src/main.c **** /* Includes ------------------------------------------------------------------*/
  20:Core/Src/main.c **** #include "main.h"
  21:Core/Src/main.c **** #include "adc.h"
  22:Core/Src/main.c **** #include "i2c.h"
  23:Core/Src/main.c **** #include "spi.h"
  24:Core/Src/main.c **** #include "usart.h"
  25:Core/Src/main.c **** #include "gpio.h"
  26:Core/Src/main.c **** 
  27:Core/Src/main.c **** /* Private includes ----------------------------------------------------------*/
  28:Core/Src/main.c **** /* USER CODE BEGIN Includes */
  29:Core/Src/main.c **** #include "drv8301.h"
  30:Core/Src/main.c **** #include "utils.h"
  31:Core/Src/main.c **** /* USER CODE END Includes */
  32:Core/Src/main.c **** 
  33:Core/Src/main.c **** /* Private typedef -----------------------------------------------------------*/
  34:Core/Src/main.c **** /* USER CODE BEGIN PTD */
  35:Core/Src/main.c **** 
  36:Core/Src/main.c **** /* USER CODE END PTD */
  37:Core/Src/main.c **** 
  38:Core/Src/main.c **** /* Private define ------------------------------------------------------------*/
  39:Core/Src/main.c **** /* USER CODE BEGIN PD */
  40:Core/Src/main.c **** 
  41:Core/Src/main.c **** /* USER CODE END PD */
  42:Core/Src/main.c **** 
  43:Core/Src/main.c **** /* Private macro -------------------------------------------------------------*/
  44:Core/Src/main.c **** /* USER CODE BEGIN PM */
  45:Core/Src/main.c **** 
  46:Core/Src/main.c **** /* USER CODE END PM */
  47:Core/Src/main.c **** 
  48:Core/Src/main.c **** /* Private variables ---------------------------------------------------------*/
  49:Core/Src/main.c **** 
  50:Core/Src/main.c **** /* USER CODE BEGIN PV */
  51:Core/Src/main.c **** 
  52:Core/Src/main.c **** /* USER CODE END PV */
  53:Core/Src/main.c **** 
  54:Core/Src/main.c **** /* Private function prototypes -----------------------------------------------*/
  55:Core/Src/main.c **** void SystemClock_Config(void);
  56:Core/Src/main.c **** /* USER CODE BEGIN PFP */
  57:Core/Src/main.c **** 
  58:Core/Src/main.c **** /* USER CODE END PFP */
  59:Core/Src/main.c **** 
  60:Core/Src/main.c **** /* Private user code ---------------------------------------------------------*/
  61:Core/Src/main.c **** /* USER CODE BEGIN 0 */
  62:Core/Src/main.c **** 
  63:Core/Src/main.c **** /* USER CODE END 0 */
  64:Core/Src/main.c **** 
  65:Core/Src/main.c **** /**
  66:Core/Src/main.c ****  * @brief  The application entry point.
  67:Core/Src/main.c ****  * @retval int
  68:Core/Src/main.c ****  */
  69:Core/Src/main.c **** int main(void)
  70:Core/Src/main.c **** {
  71:Core/Src/main.c **** 
  72:Core/Src/main.c ****   /* USER CODE BEGIN 1 */
  73:Core/Src/main.c **** 
  74:Core/Src/main.c ****   /* USER CODE END 1 */
  75:Core/Src/main.c **** 
ARM GAS  C:\Users\ADMINI~1\AppData\Local\Temp\cclPNj1j.s 			page 3


  76:Core/Src/main.c ****   /* MCU Configuration--------------------------------------------------------*/
  77:Core/Src/main.c **** 
  78:Core/Src/main.c ****   /* Reset of all peripherals, Initializes the Flash interface and the Systick. */
  79:Core/Src/main.c ****   HAL_Init();
  80:Core/Src/main.c **** 
  81:Core/Src/main.c ****   /* USER CODE BEGIN Init */
  82:Core/Src/main.c **** 
  83:Core/Src/main.c ****   /* USER CODE END Init */
  84:Core/Src/main.c **** 
  85:Core/Src/main.c ****   /* Configure the system clock */
  86:Core/Src/main.c ****   SystemClock_Config();
  87:Core/Src/main.c **** 
  88:Core/Src/main.c ****   /* USER CODE BEGIN SysInit */
  89:Core/Src/main.c **** 
  90:Core/Src/main.c ****   /* USER CODE END SysInit */
  91:Core/Src/main.c **** 
  92:Core/Src/main.c ****   /* Initialize all configured peripherals */
  93:Core/Src/main.c ****   MX_GPIO_Init();
  94:Core/Src/main.c ****   MX_ADC_Init();
  95:Core/Src/main.c ****   MX_I2C1_Init();
  96:Core/Src/main.c ****   MX_SPI1_Init();
  97:Core/Src/main.c ****   MX_USART1_UART_Init();
  98:Core/Src/main.c ****   /* USER CODE BEGIN 2 */
  99:Core/Src/main.c ****   HAL_GPIO_WritePin(AH_GPIO_Port, AH_Pin, GPIO_PIN_SET);
 100:Core/Src/main.c ****   HAL_GPIO_WritePin(BL_GPIO_Port, BL_Pin, GPIO_PIN_SET);
 101:Core/Src/main.c **** 
 102:Core/Src/main.c ****   int16_t ret = 0;
 103:Core/Src/main.c ****   RegisterFile regs_;
 104:Core/Src/main.c ****   ret = DRV8301_Config(&regs_, 40.0f, NULL);
 105:Core/Src/main.c ****   if (ret != 0)
 106:Core/Src/main.c ****   {
 107:Core/Src/main.c ****     printf("DRV8301_Config Err:%d\r\n", ret);
 108:Core/Src/main.c ****   }
 109:Core/Src/main.c ****   ret = DRV8301_Init(&regs_);
 110:Core/Src/main.c ****   if (ret != 0)
 111:Core/Src/main.c ****   {
 112:Core/Src/main.c ****     printf("DRV8301_Init Err:%d\r\n", ret);
 113:Core/Src/main.c ****   }
 114:Core/Src/main.c ****   /* USER CODE END 2 */
 115:Core/Src/main.c **** 
 116:Core/Src/main.c ****   /* Infinite loop */
 117:Core/Src/main.c ****   /* USER CODE BEGIN WHILE */
 118:Core/Src/main.c ****   while (1)
 119:Core/Src/main.c ****   {
 120:Core/Src/main.c ****     /* USER CODE END WHILE */
 121:Core/Src/main.c **** 
 122:Core/Src/main.c ****     /* USER CODE BEGIN 3 */
 123:Core/Src/main.c ****     HAL_GPIO_TogglePin(LED_GPIO_Port, LED_Pin);
 124:Core/Src/main.c **** 		HAL_Delay(1*1000);
 125:Core/Src/main.c ****   }
 126:Core/Src/main.c ****   /* USER CODE END 3 */
 127:Core/Src/main.c **** }
 128:Core/Src/main.c **** 
 129:Core/Src/main.c **** /**
 130:Core/Src/main.c ****  * @brief System Clock Configuration
 131:Core/Src/main.c ****  * @retval None
 132:Core/Src/main.c ****  */
ARM GAS  C:\Users\ADMINI~1\AppData\Local\Temp\cclPNj1j.s 			page 4


 133:Core/Src/main.c **** void SystemClock_Config(void)
 134:Core/Src/main.c **** {
 135:Core/Src/main.c ****   RCC_OscInitTypeDef RCC_OscInitStruct = {0};
 136:Core/Src/main.c ****   RCC_ClkInitTypeDef RCC_ClkInitStruct = {0};
 137:Core/Src/main.c ****   RCC_PeriphCLKInitTypeDef PeriphClkInit = {0};
 138:Core/Src/main.c **** 
 139:Core/Src/main.c ****   /** Initializes the RCC Oscillators according to the specified parameters
 140:Core/Src/main.c ****    * in the RCC_OscInitTypeDef structure.
 141:Core/Src/main.c ****    */
 142:Core/Src/main.c ****   RCC_OscInitStruct.OscillatorType = RCC_OSCILLATORTYPE_HSI14 | RCC_OSCILLATORTYPE_HSE;
 143:Core/Src/main.c ****   RCC_OscInitStruct.HSEState = RCC_HSE_ON;
 144:Core/Src/main.c ****   RCC_OscInitStruct.HSI14State = RCC_HSI14_ON;
 145:Core/Src/main.c ****   RCC_OscInitStruct.HSI14CalibrationValue = 16;
 146:Core/Src/main.c ****   RCC_OscInitStruct.PLL.PLLState = RCC_PLL_ON;
 147:Core/Src/main.c ****   RCC_OscInitStruct.PLL.PLLSource = RCC_PLLSOURCE_HSE;
 148:Core/Src/main.c ****   RCC_OscInitStruct.PLL.PLLMUL = RCC_PLL_MUL12;
 149:Core/Src/main.c ****   RCC_OscInitStruct.PLL.PREDIV = RCC_PREDIV_DIV6;
 150:Core/Src/main.c ****   if (HAL_RCC_OscConfig(&RCC_OscInitStruct) != HAL_OK)
 151:Core/Src/main.c ****   {
 152:Core/Src/main.c ****     Error_Handler();
 153:Core/Src/main.c ****   }
 154:Core/Src/main.c **** 
 155:Core/Src/main.c ****   /** Initializes the CPU, AHB and APB buses clocks
 156:Core/Src/main.c ****    */
 157:Core/Src/main.c ****   RCC_ClkInitStruct.ClockType = RCC_CLOCKTYPE_HCLK | RCC_CLOCKTYPE_SYSCLK | RCC_CLOCKTYPE_PCLK1;
 158:Core/Src/main.c ****   RCC_ClkInitStruct.SYSCLKSource = RCC_SYSCLKSOURCE_PLLCLK;
 159:Core/Src/main.c ****   RCC_ClkInitStruct.AHBCLKDivider = RCC_SYSCLK_DIV1;
 160:Core/Src/main.c ****   RCC_ClkInitStruct.APB1CLKDivider = RCC_HCLK_DIV1;
 161:Core/Src/main.c **** 
 162:Core/Src/main.c ****   if (HAL_RCC_ClockConfig(&RCC_ClkInitStruct, FLASH_LATENCY_1) != HAL_OK)
 163:Core/Src/main.c ****   {
 164:Core/Src/main.c ****     Error_Handler();
 165:Core/Src/main.c ****   }
 166:Core/Src/main.c ****   PeriphClkInit.PeriphClockSelection = RCC_PERIPHCLK_USART1 | RCC_PERIPHCLK_I2C1;
 167:Core/Src/main.c ****   PeriphClkInit.Usart1ClockSelection = RCC_USART1CLKSOURCE_PCLK1;
 168:Core/Src/main.c ****   PeriphClkInit.I2c1ClockSelection = RCC_I2C1CLKSOURCE_SYSCLK;
 169:Core/Src/main.c ****   if (HAL_RCCEx_PeriphCLKConfig(&PeriphClkInit) != HAL_OK)
 170:Core/Src/main.c ****   {
 171:Core/Src/main.c ****     Error_Handler();
 172:Core/Src/main.c ****   }
 173:Core/Src/main.c **** }
 174:Core/Src/main.c **** 
 175:Core/Src/main.c **** /* USER CODE BEGIN 4 */
 176:Core/Src/main.c **** void HAL_GPIO_EXTI_Callback(uint16_t GPIO_Pin)
 177:Core/Src/main.c **** {
  35              		.loc 1 177 1 view -0
  36              		.cfi_startproc
  37              		@ args = 0, pretend = 0, frame = 0
  38              		@ frame_needed = 0, uses_anonymous_args = 0
  39              		.loc 1 177 1 is_stmt 0 view .LVU1
  40 0000 10B5     		push	{r4, lr}
  41              		.cfi_def_cfa_offset 8
  42              		.cfi_offset 4, -8
  43              		.cfi_offset 14, -4
 178:Core/Src/main.c ****     if (GPIO_Pin == GPIO_PIN_2)
  44              		.loc 1 178 5 is_stmt 1 view .LVU2
  45              		.loc 1 178 8 is_stmt 0 view .LVU3
ARM GAS  C:\Users\ADMINI~1\AppData\Local\Temp\cclPNj1j.s 			page 5


  46 0002 0428     		cmp	r0, #4
  47 0004 00D0     		beq	.L3
  48              	.LVL1:
  49              	.L1:
 179:Core/Src/main.c ****     {
 180:Core/Src/main.c ****         //HAL_GPIO_TogglePin(LED_GPIO_Port, LED_Pin);
 181:Core/Src/main.c **** 				printf("start:%d\r\n",HAL_GetTick());
 182:Core/Src/main.c **** //				if(motor_status)
 183:Core/Src/main.c **** //				{
 184:Core/Src/main.c **** //					motor_status=0;
 185:Core/Src/main.c **** //					HAL_GPIO_WritePin(LED_GPIO_Port, LED_Pin, GPIO_PIN_SET);
 186:Core/Src/main.c **** //				}
 187:Core/Src/main.c **** //				else
 188:Core/Src/main.c **** //				{
 189:Core/Src/main.c **** //					motor_status=1;
 190:Core/Src/main.c **** //					HAL_GPIO_WritePin(LED_GPIO_Port, LED_Pin, GPIO_PIN_RESET);
 191:Core/Src/main.c **** //				}
 192:Core/Src/main.c **** 				printf("end:%d fault:%d\r\n",HAL_GetTick(),HAL_GPIO_ReadPin(FAULT_GPIO_Port, FAULT_Pin));
 193:Core/Src/main.c ****     }
 194:Core/Src/main.c **** }
  50              		.loc 1 194 1 view .LVU4
  51              		@ sp needed
  52 0006 10BD     		pop	{r4, pc}
  53              	.LVL2:
  54              	.L3:
 181:Core/Src/main.c **** //				if(motor_status)
  55              		.loc 1 181 5 is_stmt 1 view .LVU5
  56 0008 FFF7FEFF 		bl	HAL_GetTick
  57              	.LVL3:
 181:Core/Src/main.c **** //				if(motor_status)
  58              		.loc 1 181 5 is_stmt 0 view .LVU6
  59 000c 0100     		movs	r1, r0
 181:Core/Src/main.c **** //				if(motor_status)
  60              		.loc 1 181 5 discriminator 1 view .LVU7
  61 000e 094B     		ldr	r3, .L4
  62 0010 1800     		movs	r0, r3
  63 0012 FFF7FEFF 		bl	printf
  64              	.LVL4:
 192:Core/Src/main.c ****     }
  65              		.loc 1 192 5 is_stmt 1 view .LVU8
  66 0016 FFF7FEFF 		bl	HAL_GetTick
  67              	.LVL5:
  68 001a 0400     		movs	r4, r0
 192:Core/Src/main.c ****     }
  69              		.loc 1 192 48 is_stmt 0 discriminator 1 view .LVU9
  70 001c 8021     		movs	r1, #128
  71 001e 4900     		lsls	r1, r1, #1
  72 0020 0548     		ldr	r0, .L4+4
  73 0022 FFF7FEFF 		bl	HAL_GPIO_ReadPin
  74              	.LVL6:
  75 0026 0200     		movs	r2, r0
 192:Core/Src/main.c ****     }
  76              		.loc 1 192 5 discriminator 2 view .LVU10
  77 0028 044B     		ldr	r3, .L4+8
  78 002a 2100     		movs	r1, r4
  79 002c 1800     		movs	r0, r3
  80 002e FFF7FEFF 		bl	printf
ARM GAS  C:\Users\ADMINI~1\AppData\Local\Temp\cclPNj1j.s 			page 6


  81              	.LVL7:
  82              		.loc 1 194 1 view .LVU11
  83 0032 E8E7     		b	.L1
  84              	.L5:
  85              		.align	2
  86              	.L4:
  87 0034 00000000 		.word	.LC0
  88 0038 00040048 		.word	1207960576
  89 003c 0C000000 		.word	.LC2
  90              		.cfi_endproc
  91              	.LFE45:
  93              		.section	.text.Error_Handler,"ax",%progbits
  94              		.align	1
  95              		.global	Error_Handler
  96              		.syntax unified
  97              		.code	16
  98              		.thumb_func
 100              	Error_Handler:
 101              	.LFB46:
 195:Core/Src/main.c **** /* USER CODE END 4 */
 196:Core/Src/main.c **** 
 197:Core/Src/main.c **** /**
 198:Core/Src/main.c ****  * @brief  This function is executed in case of error occurrence.
 199:Core/Src/main.c ****  * @retval None
 200:Core/Src/main.c ****  */
 201:Core/Src/main.c **** void Error_Handler(void)
 202:Core/Src/main.c **** {
 102              		.loc 1 202 1 is_stmt 1 view -0
 103              		.cfi_startproc
 104              		@ Volatile: function does not return.
 105              		@ args = 0, pretend = 0, frame = 0
 106              		@ frame_needed = 0, uses_anonymous_args = 0
 107              		@ link register save eliminated.
 203:Core/Src/main.c ****   /* USER CODE BEGIN Error_Handler_Debug */
 204:Core/Src/main.c ****   /* User can add his own implementation to report the HAL error return state */
 205:Core/Src/main.c ****   __disable_irq();
 108              		.loc 1 205 3 view .LVU13
 109              	.LBB4:
 110              	.LBI4:
 111              		.file 2 "Drivers/CMSIS/Include/cmsis_gcc.h"
   1:Drivers/CMSIS/Include/cmsis_gcc.h **** /**************************************************************************//**
   2:Drivers/CMSIS/Include/cmsis_gcc.h ****  * @file     cmsis_gcc.h
   3:Drivers/CMSIS/Include/cmsis_gcc.h ****  * @brief    CMSIS compiler GCC header file
   4:Drivers/CMSIS/Include/cmsis_gcc.h ****  * @version  V5.0.4
   5:Drivers/CMSIS/Include/cmsis_gcc.h ****  * @date     09. April 2018
   6:Drivers/CMSIS/Include/cmsis_gcc.h ****  ******************************************************************************/
   7:Drivers/CMSIS/Include/cmsis_gcc.h **** /*
   8:Drivers/CMSIS/Include/cmsis_gcc.h ****  * Copyright (c) 2009-2018 Arm Limited. All rights reserved.
   9:Drivers/CMSIS/Include/cmsis_gcc.h ****  *
  10:Drivers/CMSIS/Include/cmsis_gcc.h ****  * SPDX-License-Identifier: Apache-2.0
  11:Drivers/CMSIS/Include/cmsis_gcc.h ****  *
  12:Drivers/CMSIS/Include/cmsis_gcc.h ****  * Licensed under the Apache License, Version 2.0 (the License); you may
  13:Drivers/CMSIS/Include/cmsis_gcc.h ****  * not use this file except in compliance with the License.
  14:Drivers/CMSIS/Include/cmsis_gcc.h ****  * You may obtain a copy of the License at
  15:Drivers/CMSIS/Include/cmsis_gcc.h ****  *
  16:Drivers/CMSIS/Include/cmsis_gcc.h ****  * www.apache.org/licenses/LICENSE-2.0
  17:Drivers/CMSIS/Include/cmsis_gcc.h ****  *
ARM GAS  C:\Users\ADMINI~1\AppData\Local\Temp\cclPNj1j.s 			page 7


  18:Drivers/CMSIS/Include/cmsis_gcc.h ****  * Unless required by applicable law or agreed to in writing, software
  19:Drivers/CMSIS/Include/cmsis_gcc.h ****  * distributed under the License is distributed on an AS IS BASIS, WITHOUT
  20:Drivers/CMSIS/Include/cmsis_gcc.h ****  * WARRANTIES OR CONDITIONS OF ANY KIND, either express or implied.
  21:Drivers/CMSIS/Include/cmsis_gcc.h ****  * See the License for the specific language governing permissions and
  22:Drivers/CMSIS/Include/cmsis_gcc.h ****  * limitations under the License.
  23:Drivers/CMSIS/Include/cmsis_gcc.h ****  */
  24:Drivers/CMSIS/Include/cmsis_gcc.h **** 
  25:Drivers/CMSIS/Include/cmsis_gcc.h **** #ifndef __CMSIS_GCC_H
  26:Drivers/CMSIS/Include/cmsis_gcc.h **** #define __CMSIS_GCC_H
  27:Drivers/CMSIS/Include/cmsis_gcc.h **** 
  28:Drivers/CMSIS/Include/cmsis_gcc.h **** /* ignore some GCC warnings */
  29:Drivers/CMSIS/Include/cmsis_gcc.h **** #pragma GCC diagnostic push
  30:Drivers/CMSIS/Include/cmsis_gcc.h **** #pragma GCC diagnostic ignored "-Wsign-conversion"
  31:Drivers/CMSIS/Include/cmsis_gcc.h **** #pragma GCC diagnostic ignored "-Wconversion"
  32:Drivers/CMSIS/Include/cmsis_gcc.h **** #pragma GCC diagnostic ignored "-Wunused-parameter"
  33:Drivers/CMSIS/Include/cmsis_gcc.h **** 
  34:Drivers/CMSIS/Include/cmsis_gcc.h **** /* Fallback for __has_builtin */
  35:Drivers/CMSIS/Include/cmsis_gcc.h **** #ifndef __has_builtin
  36:Drivers/CMSIS/Include/cmsis_gcc.h ****   #define __has_builtin(x) (0)
  37:Drivers/CMSIS/Include/cmsis_gcc.h **** #endif
  38:Drivers/CMSIS/Include/cmsis_gcc.h **** 
  39:Drivers/CMSIS/Include/cmsis_gcc.h **** /* CMSIS compiler specific defines */
  40:Drivers/CMSIS/Include/cmsis_gcc.h **** #ifndef   __ASM
  41:Drivers/CMSIS/Include/cmsis_gcc.h ****   #define __ASM                                  __asm
  42:Drivers/CMSIS/Include/cmsis_gcc.h **** #endif
  43:Drivers/CMSIS/Include/cmsis_gcc.h **** #ifndef   __INLINE
  44:Drivers/CMSIS/Include/cmsis_gcc.h ****   #define __INLINE                               inline
  45:Drivers/CMSIS/Include/cmsis_gcc.h **** #endif
  46:Drivers/CMSIS/Include/cmsis_gcc.h **** #ifndef   __STATIC_INLINE
  47:Drivers/CMSIS/Include/cmsis_gcc.h ****   #define __STATIC_INLINE                        static inline
  48:Drivers/CMSIS/Include/cmsis_gcc.h **** #endif
  49:Drivers/CMSIS/Include/cmsis_gcc.h **** #ifndef   __STATIC_FORCEINLINE                 
  50:Drivers/CMSIS/Include/cmsis_gcc.h ****   #define __STATIC_FORCEINLINE                   __attribute__((always_inline)) static inline
  51:Drivers/CMSIS/Include/cmsis_gcc.h **** #endif                                           
  52:Drivers/CMSIS/Include/cmsis_gcc.h **** #ifndef   __NO_RETURN
  53:Drivers/CMSIS/Include/cmsis_gcc.h ****   #define __NO_RETURN                            __attribute__((__noreturn__))
  54:Drivers/CMSIS/Include/cmsis_gcc.h **** #endif
  55:Drivers/CMSIS/Include/cmsis_gcc.h **** #ifndef   __USED
  56:Drivers/CMSIS/Include/cmsis_gcc.h ****   #define __USED                                 __attribute__((used))
  57:Drivers/CMSIS/Include/cmsis_gcc.h **** #endif
  58:Drivers/CMSIS/Include/cmsis_gcc.h **** #ifndef   __WEAK
  59:Drivers/CMSIS/Include/cmsis_gcc.h ****   #define __WEAK                                 __attribute__((weak))
  60:Drivers/CMSIS/Include/cmsis_gcc.h **** #endif
  61:Drivers/CMSIS/Include/cmsis_gcc.h **** #ifndef   __PACKED
  62:Drivers/CMSIS/Include/cmsis_gcc.h ****   #define __PACKED                               __attribute__((packed, aligned(1)))
  63:Drivers/CMSIS/Include/cmsis_gcc.h **** #endif
  64:Drivers/CMSIS/Include/cmsis_gcc.h **** #ifndef   __PACKED_STRUCT
  65:Drivers/CMSIS/Include/cmsis_gcc.h ****   #define __PACKED_STRUCT                        struct __attribute__((packed, aligned(1)))
  66:Drivers/CMSIS/Include/cmsis_gcc.h **** #endif
  67:Drivers/CMSIS/Include/cmsis_gcc.h **** #ifndef   __PACKED_UNION
  68:Drivers/CMSIS/Include/cmsis_gcc.h ****   #define __PACKED_UNION                         union __attribute__((packed, aligned(1)))
  69:Drivers/CMSIS/Include/cmsis_gcc.h **** #endif
  70:Drivers/CMSIS/Include/cmsis_gcc.h **** #ifndef   __UNALIGNED_UINT32        /* deprecated */
  71:Drivers/CMSIS/Include/cmsis_gcc.h ****   #pragma GCC diagnostic push
  72:Drivers/CMSIS/Include/cmsis_gcc.h ****   #pragma GCC diagnostic ignored "-Wpacked"
  73:Drivers/CMSIS/Include/cmsis_gcc.h ****   #pragma GCC diagnostic ignored "-Wattributes"
  74:Drivers/CMSIS/Include/cmsis_gcc.h ****   struct __attribute__((packed)) T_UINT32 { uint32_t v; };
ARM GAS  C:\Users\ADMINI~1\AppData\Local\Temp\cclPNj1j.s 			page 8


  75:Drivers/CMSIS/Include/cmsis_gcc.h ****   #pragma GCC diagnostic pop
  76:Drivers/CMSIS/Include/cmsis_gcc.h ****   #define __UNALIGNED_UINT32(x)                  (((struct T_UINT32 *)(x))->v)
  77:Drivers/CMSIS/Include/cmsis_gcc.h **** #endif
  78:Drivers/CMSIS/Include/cmsis_gcc.h **** #ifndef   __UNALIGNED_UINT16_WRITE
  79:Drivers/CMSIS/Include/cmsis_gcc.h ****   #pragma GCC diagnostic push
  80:Drivers/CMSIS/Include/cmsis_gcc.h ****   #pragma GCC diagnostic ignored "-Wpacked"
  81:Drivers/CMSIS/Include/cmsis_gcc.h ****   #pragma GCC diagnostic ignored "-Wattributes"
  82:Drivers/CMSIS/Include/cmsis_gcc.h ****   __PACKED_STRUCT T_UINT16_WRITE { uint16_t v; };
  83:Drivers/CMSIS/Include/cmsis_gcc.h ****   #pragma GCC diagnostic pop
  84:Drivers/CMSIS/Include/cmsis_gcc.h ****   #define __UNALIGNED_UINT16_WRITE(addr, val)    (void)((((struct T_UINT16_WRITE *)(void *)(addr))-
  85:Drivers/CMSIS/Include/cmsis_gcc.h **** #endif
  86:Drivers/CMSIS/Include/cmsis_gcc.h **** #ifndef   __UNALIGNED_UINT16_READ
  87:Drivers/CMSIS/Include/cmsis_gcc.h ****   #pragma GCC diagnostic push
  88:Drivers/CMSIS/Include/cmsis_gcc.h ****   #pragma GCC diagnostic ignored "-Wpacked"
  89:Drivers/CMSIS/Include/cmsis_gcc.h ****   #pragma GCC diagnostic ignored "-Wattributes"
  90:Drivers/CMSIS/Include/cmsis_gcc.h ****   __PACKED_STRUCT T_UINT16_READ { uint16_t v; };
  91:Drivers/CMSIS/Include/cmsis_gcc.h ****   #pragma GCC diagnostic pop
  92:Drivers/CMSIS/Include/cmsis_gcc.h ****   #define __UNALIGNED_UINT16_READ(addr)          (((const struct T_UINT16_READ *)(const void *)(add
  93:Drivers/CMSIS/Include/cmsis_gcc.h **** #endif
  94:Drivers/CMSIS/Include/cmsis_gcc.h **** #ifndef   __UNALIGNED_UINT32_WRITE
  95:Drivers/CMSIS/Include/cmsis_gcc.h ****   #pragma GCC diagnostic push
  96:Drivers/CMSIS/Include/cmsis_gcc.h ****   #pragma GCC diagnostic ignored "-Wpacked"
  97:Drivers/CMSIS/Include/cmsis_gcc.h ****   #pragma GCC diagnostic ignored "-Wattributes"
  98:Drivers/CMSIS/Include/cmsis_gcc.h ****   __PACKED_STRUCT T_UINT32_WRITE { uint32_t v; };
  99:Drivers/CMSIS/Include/cmsis_gcc.h ****   #pragma GCC diagnostic pop
 100:Drivers/CMSIS/Include/cmsis_gcc.h ****   #define __UNALIGNED_UINT32_WRITE(addr, val)    (void)((((struct T_UINT32_WRITE *)(void *)(addr))-
 101:Drivers/CMSIS/Include/cmsis_gcc.h **** #endif
 102:Drivers/CMSIS/Include/cmsis_gcc.h **** #ifndef   __UNALIGNED_UINT32_READ
 103:Drivers/CMSIS/Include/cmsis_gcc.h ****   #pragma GCC diagnostic push
 104:Drivers/CMSIS/Include/cmsis_gcc.h ****   #pragma GCC diagnostic ignored "-Wpacked"
 105:Drivers/CMSIS/Include/cmsis_gcc.h ****   #pragma GCC diagnostic ignored "-Wattributes"
 106:Drivers/CMSIS/Include/cmsis_gcc.h ****   __PACKED_STRUCT T_UINT32_READ { uint32_t v; };
 107:Drivers/CMSIS/Include/cmsis_gcc.h ****   #pragma GCC diagnostic pop
 108:Drivers/CMSIS/Include/cmsis_gcc.h ****   #define __UNALIGNED_UINT32_READ(addr)          (((const struct T_UINT32_READ *)(const void *)(add
 109:Drivers/CMSIS/Include/cmsis_gcc.h **** #endif
 110:Drivers/CMSIS/Include/cmsis_gcc.h **** #ifndef   __ALIGNED
 111:Drivers/CMSIS/Include/cmsis_gcc.h ****   #define __ALIGNED(x)                           __attribute__((aligned(x)))
 112:Drivers/CMSIS/Include/cmsis_gcc.h **** #endif
 113:Drivers/CMSIS/Include/cmsis_gcc.h **** #ifndef   __RESTRICT
 114:Drivers/CMSIS/Include/cmsis_gcc.h ****   #define __RESTRICT                             __restrict
 115:Drivers/CMSIS/Include/cmsis_gcc.h **** #endif
 116:Drivers/CMSIS/Include/cmsis_gcc.h **** 
 117:Drivers/CMSIS/Include/cmsis_gcc.h **** 
 118:Drivers/CMSIS/Include/cmsis_gcc.h **** /* ###########################  Core Function Access  ########################### */
 119:Drivers/CMSIS/Include/cmsis_gcc.h **** /** \ingroup  CMSIS_Core_FunctionInterface
 120:Drivers/CMSIS/Include/cmsis_gcc.h ****     \defgroup CMSIS_Core_RegAccFunctions CMSIS Core Register Access Functions
 121:Drivers/CMSIS/Include/cmsis_gcc.h ****   @{
 122:Drivers/CMSIS/Include/cmsis_gcc.h ****  */
 123:Drivers/CMSIS/Include/cmsis_gcc.h **** 
 124:Drivers/CMSIS/Include/cmsis_gcc.h **** /**
 125:Drivers/CMSIS/Include/cmsis_gcc.h ****   \brief   Enable IRQ Interrupts
 126:Drivers/CMSIS/Include/cmsis_gcc.h ****   \details Enables IRQ interrupts by clearing the I-bit in the CPSR.
 127:Drivers/CMSIS/Include/cmsis_gcc.h ****            Can only be executed in Privileged modes.
 128:Drivers/CMSIS/Include/cmsis_gcc.h ****  */
 129:Drivers/CMSIS/Include/cmsis_gcc.h **** __STATIC_FORCEINLINE void __enable_irq(void)
 130:Drivers/CMSIS/Include/cmsis_gcc.h **** {
 131:Drivers/CMSIS/Include/cmsis_gcc.h ****   __ASM volatile ("cpsie i" : : : "memory");
ARM GAS  C:\Users\ADMINI~1\AppData\Local\Temp\cclPNj1j.s 			page 9


 132:Drivers/CMSIS/Include/cmsis_gcc.h **** }
 133:Drivers/CMSIS/Include/cmsis_gcc.h **** 
 134:Drivers/CMSIS/Include/cmsis_gcc.h **** 
 135:Drivers/CMSIS/Include/cmsis_gcc.h **** /**
 136:Drivers/CMSIS/Include/cmsis_gcc.h ****   \brief   Disable IRQ Interrupts
 137:Drivers/CMSIS/Include/cmsis_gcc.h ****   \details Disables IRQ interrupts by setting the I-bit in the CPSR.
 138:Drivers/CMSIS/Include/cmsis_gcc.h ****            Can only be executed in Privileged modes.
 139:Drivers/CMSIS/Include/cmsis_gcc.h ****  */
 140:Drivers/CMSIS/Include/cmsis_gcc.h **** __STATIC_FORCEINLINE void __disable_irq(void)
 112              		.loc 2 140 27 view .LVU14
 113              	.LBB5:
 141:Drivers/CMSIS/Include/cmsis_gcc.h **** {
 142:Drivers/CMSIS/Include/cmsis_gcc.h ****   __ASM volatile ("cpsid i" : : : "memory");
 114              		.loc 2 142 3 view .LVU15
 115              		.syntax divided
 116              	@ 142 "Drivers/CMSIS/Include/cmsis_gcc.h" 1
 117 0000 72B6     		cpsid i
 118              	@ 0 "" 2
 119              		.thumb
 120              		.syntax unified
 121              	.L7:
 122              	.LBE5:
 123              	.LBE4:
 206:Core/Src/main.c ****   while (1)
 124              		.loc 1 206 3 view .LVU16
 207:Core/Src/main.c ****   {
 208:Core/Src/main.c ****   }
 125              		.loc 1 208 3 view .LVU17
 206:Core/Src/main.c ****   while (1)
 126              		.loc 1 206 9 view .LVU18
 127 0002 FEE7     		b	.L7
 128              		.cfi_endproc
 129              	.LFE46:
 131              		.section	.text.SystemClock_Config,"ax",%progbits
 132              		.align	1
 133              		.global	SystemClock_Config
 134              		.syntax unified
 135              		.code	16
 136              		.thumb_func
 138              	SystemClock_Config:
 139              	.LFB44:
 134:Core/Src/main.c ****   RCC_OscInitTypeDef RCC_OscInitStruct = {0};
 140              		.loc 1 134 1 view -0
 141              		.cfi_startproc
 142              		@ args = 0, pretend = 0, frame = 80
 143              		@ frame_needed = 0, uses_anonymous_args = 0
 144 0000 10B5     		push	{r4, lr}
 145              		.cfi_def_cfa_offset 8
 146              		.cfi_offset 4, -8
 147              		.cfi_offset 14, -4
 148 0002 94B0     		sub	sp, sp, #80
 149              		.cfi_def_cfa_offset 88
 135:Core/Src/main.c ****   RCC_ClkInitTypeDef RCC_ClkInitStruct = {0};
 150              		.loc 1 135 3 view .LVU20
 135:Core/Src/main.c ****   RCC_ClkInitTypeDef RCC_ClkInitStruct = {0};
 151              		.loc 1 135 22 is_stmt 0 view .LVU21
 152 0004 08AC     		add	r4, sp, #32
ARM GAS  C:\Users\ADMINI~1\AppData\Local\Temp\cclPNj1j.s 			page 10


 153 0006 3022     		movs	r2, #48
 154 0008 0021     		movs	r1, #0
 155 000a 2000     		movs	r0, r4
 156 000c FFF7FEFF 		bl	memset
 157              	.LVL8:
 136:Core/Src/main.c ****   RCC_PeriphCLKInitTypeDef PeriphClkInit = {0};
 158              		.loc 1 136 3 is_stmt 1 view .LVU22
 136:Core/Src/main.c ****   RCC_PeriphCLKInitTypeDef PeriphClkInit = {0};
 159              		.loc 1 136 22 is_stmt 0 view .LVU23
 160 0010 1022     		movs	r2, #16
 161 0012 0021     		movs	r1, #0
 162 0014 04A8     		add	r0, sp, #16
 163 0016 FFF7FEFF 		bl	memset
 164              	.LVL9:
 137:Core/Src/main.c **** 
 165              		.loc 1 137 3 is_stmt 1 view .LVU24
 137:Core/Src/main.c **** 
 166              		.loc 1 137 28 is_stmt 0 view .LVU25
 167 001a 1022     		movs	r2, #16
 168 001c 0021     		movs	r1, #0
 169 001e 6846     		mov	r0, sp
 170 0020 FFF7FEFF 		bl	memset
 171              	.LVL10:
 142:Core/Src/main.c ****   RCC_OscInitStruct.HSEState = RCC_HSE_ON;
 172              		.loc 1 142 3 is_stmt 1 view .LVU26
 142:Core/Src/main.c ****   RCC_OscInitStruct.HSEState = RCC_HSE_ON;
 173              		.loc 1 142 36 is_stmt 0 view .LVU27
 174 0024 1123     		movs	r3, #17
 175 0026 0893     		str	r3, [sp, #32]
 143:Core/Src/main.c ****   RCC_OscInitStruct.HSI14State = RCC_HSI14_ON;
 176              		.loc 1 143 3 is_stmt 1 view .LVU28
 143:Core/Src/main.c ****   RCC_OscInitStruct.HSI14State = RCC_HSI14_ON;
 177              		.loc 1 143 30 is_stmt 0 view .LVU29
 178 0028 103B     		subs	r3, r3, #16
 179 002a 0993     		str	r3, [sp, #36]
 144:Core/Src/main.c ****   RCC_OscInitStruct.HSI14CalibrationValue = 16;
 180              		.loc 1 144 3 is_stmt 1 view .LVU30
 144:Core/Src/main.c ****   RCC_OscInitStruct.HSI14CalibrationValue = 16;
 181              		.loc 1 144 32 is_stmt 0 view .LVU31
 182 002c 0D93     		str	r3, [sp, #52]
 145:Core/Src/main.c ****   RCC_OscInitStruct.PLL.PLLState = RCC_PLL_ON;
 183              		.loc 1 145 3 is_stmt 1 view .LVU32
 145:Core/Src/main.c ****   RCC_OscInitStruct.PLL.PLLState = RCC_PLL_ON;
 184              		.loc 1 145 43 is_stmt 0 view .LVU33
 185 002e 0F33     		adds	r3, r3, #15
 186 0030 0E93     		str	r3, [sp, #56]
 146:Core/Src/main.c ****   RCC_OscInitStruct.PLL.PLLSource = RCC_PLLSOURCE_HSE;
 187              		.loc 1 146 3 is_stmt 1 view .LVU34
 146:Core/Src/main.c ****   RCC_OscInitStruct.PLL.PLLSource = RCC_PLLSOURCE_HSE;
 188              		.loc 1 146 34 is_stmt 0 view .LVU35
 189 0032 0E3B     		subs	r3, r3, #14
 190 0034 1093     		str	r3, [sp, #64]
 147:Core/Src/main.c ****   RCC_OscInitStruct.PLL.PLLMUL = RCC_PLL_MUL12;
 191              		.loc 1 147 3 is_stmt 1 view .LVU36
 147:Core/Src/main.c ****   RCC_OscInitStruct.PLL.PLLMUL = RCC_PLL_MUL12;
 192              		.loc 1 147 35 is_stmt 0 view .LVU37
 193 0036 8023     		movs	r3, #128
ARM GAS  C:\Users\ADMINI~1\AppData\Local\Temp\cclPNj1j.s 			page 11


 194 0038 5B02     		lsls	r3, r3, #9
 195 003a 1193     		str	r3, [sp, #68]
 148:Core/Src/main.c ****   RCC_OscInitStruct.PLL.PREDIV = RCC_PREDIV_DIV6;
 196              		.loc 1 148 3 is_stmt 1 view .LVU38
 148:Core/Src/main.c ****   RCC_OscInitStruct.PLL.PREDIV = RCC_PREDIV_DIV6;
 197              		.loc 1 148 32 is_stmt 0 view .LVU39
 198 003c A023     		movs	r3, #160
 199 003e 9B03     		lsls	r3, r3, #14
 200 0040 1293     		str	r3, [sp, #72]
 149:Core/Src/main.c ****   if (HAL_RCC_OscConfig(&RCC_OscInitStruct) != HAL_OK)
 201              		.loc 1 149 3 is_stmt 1 view .LVU40
 149:Core/Src/main.c ****   if (HAL_RCC_OscConfig(&RCC_OscInitStruct) != HAL_OK)
 202              		.loc 1 149 32 is_stmt 0 view .LVU41
 203 0042 0523     		movs	r3, #5
 204 0044 1393     		str	r3, [sp, #76]
 150:Core/Src/main.c ****   {
 205              		.loc 1 150 3 is_stmt 1 view .LVU42
 150:Core/Src/main.c ****   {
 206              		.loc 1 150 7 is_stmt 0 view .LVU43
 207 0046 2000     		movs	r0, r4
 208 0048 FFF7FEFF 		bl	HAL_RCC_OscConfig
 209              	.LVL11:
 150:Core/Src/main.c ****   {
 210              		.loc 1 150 6 discriminator 1 view .LVU44
 211 004c 0028     		cmp	r0, #0
 212 004e 19D1     		bne	.L12
 157:Core/Src/main.c ****   RCC_ClkInitStruct.SYSCLKSource = RCC_SYSCLKSOURCE_PLLCLK;
 213              		.loc 1 157 3 is_stmt 1 view .LVU45
 157:Core/Src/main.c ****   RCC_ClkInitStruct.SYSCLKSource = RCC_SYSCLKSOURCE_PLLCLK;
 214              		.loc 1 157 31 is_stmt 0 view .LVU46
 215 0050 04A8     		add	r0, sp, #16
 216 0052 0723     		movs	r3, #7
 217 0054 0493     		str	r3, [sp, #16]
 158:Core/Src/main.c ****   RCC_ClkInitStruct.AHBCLKDivider = RCC_SYSCLK_DIV1;
 218              		.loc 1 158 3 is_stmt 1 view .LVU47
 158:Core/Src/main.c ****   RCC_ClkInitStruct.AHBCLKDivider = RCC_SYSCLK_DIV1;
 219              		.loc 1 158 34 is_stmt 0 view .LVU48
 220 0056 053B     		subs	r3, r3, #5
 221 0058 4360     		str	r3, [r0, #4]
 159:Core/Src/main.c ****   RCC_ClkInitStruct.APB1CLKDivider = RCC_HCLK_DIV1;
 222              		.loc 1 159 3 is_stmt 1 view .LVU49
 159:Core/Src/main.c ****   RCC_ClkInitStruct.APB1CLKDivider = RCC_HCLK_DIV1;
 223              		.loc 1 159 35 is_stmt 0 view .LVU50
 224 005a 0023     		movs	r3, #0
 225 005c 8360     		str	r3, [r0, #8]
 160:Core/Src/main.c **** 
 226              		.loc 1 160 3 is_stmt 1 view .LVU51
 160:Core/Src/main.c **** 
 227              		.loc 1 160 36 is_stmt 0 view .LVU52
 228 005e C360     		str	r3, [r0, #12]
 162:Core/Src/main.c ****   {
 229              		.loc 1 162 3 is_stmt 1 view .LVU53
 162:Core/Src/main.c ****   {
 230              		.loc 1 162 7 is_stmt 0 view .LVU54
 231 0060 0121     		movs	r1, #1
 232 0062 FFF7FEFF 		bl	HAL_RCC_ClockConfig
 233              	.LVL12:
ARM GAS  C:\Users\ADMINI~1\AppData\Local\Temp\cclPNj1j.s 			page 12


 162:Core/Src/main.c ****   {
 234              		.loc 1 162 6 discriminator 1 view .LVU55
 235 0066 0028     		cmp	r0, #0
 236 0068 0ED1     		bne	.L13
 166:Core/Src/main.c ****   PeriphClkInit.Usart1ClockSelection = RCC_USART1CLKSOURCE_PCLK1;
 237              		.loc 1 166 3 is_stmt 1 view .LVU56
 166:Core/Src/main.c ****   PeriphClkInit.Usart1ClockSelection = RCC_USART1CLKSOURCE_PCLK1;
 238              		.loc 1 166 38 is_stmt 0 view .LVU57
 239 006a 6846     		mov	r0, sp
 240 006c 2123     		movs	r3, #33
 241 006e 0093     		str	r3, [sp]
 167:Core/Src/main.c ****   PeriphClkInit.I2c1ClockSelection = RCC_I2C1CLKSOURCE_SYSCLK;
 242              		.loc 1 167 3 is_stmt 1 view .LVU58
 167:Core/Src/main.c ****   PeriphClkInit.I2c1ClockSelection = RCC_I2C1CLKSOURCE_SYSCLK;
 243              		.loc 1 167 38 is_stmt 0 view .LVU59
 244 0070 0023     		movs	r3, #0
 245 0072 0293     		str	r3, [sp, #8]
 168:Core/Src/main.c ****   if (HAL_RCCEx_PeriphCLKConfig(&PeriphClkInit) != HAL_OK)
 246              		.loc 1 168 3 is_stmt 1 view .LVU60
 168:Core/Src/main.c ****   if (HAL_RCCEx_PeriphCLKConfig(&PeriphClkInit) != HAL_OK)
 247              		.loc 1 168 36 is_stmt 0 view .LVU61
 248 0074 1033     		adds	r3, r3, #16
 249 0076 0393     		str	r3, [sp, #12]
 169:Core/Src/main.c ****   {
 250              		.loc 1 169 3 is_stmt 1 view .LVU62
 169:Core/Src/main.c ****   {
 251              		.loc 1 169 7 is_stmt 0 view .LVU63
 252 0078 FFF7FEFF 		bl	HAL_RCCEx_PeriphCLKConfig
 253              	.LVL13:
 169:Core/Src/main.c ****   {
 254              		.loc 1 169 6 discriminator 1 view .LVU64
 255 007c 0028     		cmp	r0, #0
 256 007e 05D1     		bne	.L14
 173:Core/Src/main.c **** 
 257              		.loc 1 173 1 view .LVU65
 258 0080 14B0     		add	sp, sp, #80
 259              		@ sp needed
 260 0082 10BD     		pop	{r4, pc}
 261              	.L12:
 152:Core/Src/main.c ****   }
 262              		.loc 1 152 5 is_stmt 1 view .LVU66
 263 0084 FFF7FEFF 		bl	Error_Handler
 264              	.LVL14:
 265              	.L13:
 164:Core/Src/main.c ****   }
 266              		.loc 1 164 5 view .LVU67
 267 0088 FFF7FEFF 		bl	Error_Handler
 268              	.LVL15:
 269              	.L14:
 171:Core/Src/main.c ****   }
 270              		.loc 1 171 5 view .LVU68
 271 008c FFF7FEFF 		bl	Error_Handler
 272              	.LVL16:
 273              		.cfi_endproc
 274              	.LFE44:
 276              		.section	.rodata.main.str1.4,"aMS",%progbits,1
 277              		.align	2
ARM GAS  C:\Users\ADMINI~1\AppData\Local\Temp\cclPNj1j.s 			page 13


 278              	.LC4:
 279 0000 44525638 		.ascii	"DRV8301_Config Err:%d\015\012\000"
 279      3330315F 
 279      436F6E66 
 279      69672045 
 279      72723A25 
 280              		.align	2
 281              	.LC6:
 282 0018 44525638 		.ascii	"DRV8301_Init Err:%d\015\012\000"
 282      3330315F 
 282      496E6974 
 282      20457272 
 282      3A25640D 
 283              		.section	.text.main,"ax",%progbits
 284              		.align	1
 285              		.global	main
 286              		.syntax unified
 287              		.code	16
 288              		.thumb_func
 290              	main:
 291              	.LFB43:
  70:Core/Src/main.c **** 
 292              		.loc 1 70 1 view -0
 293              		.cfi_startproc
 294              		@ args = 0, pretend = 0, frame = 8
 295              		@ frame_needed = 0, uses_anonymous_args = 0
 296 0000 00B5     		push	{lr}
 297              		.cfi_def_cfa_offset 4
 298              		.cfi_offset 14, -4
 299 0002 83B0     		sub	sp, sp, #12
 300              		.cfi_def_cfa_offset 16
  79:Core/Src/main.c **** 
 301              		.loc 1 79 3 view .LVU70
 302 0004 FFF7FEFF 		bl	HAL_Init
 303              	.LVL17:
  86:Core/Src/main.c **** 
 304              		.loc 1 86 3 view .LVU71
 305 0008 FFF7FEFF 		bl	SystemClock_Config
 306              	.LVL18:
  93:Core/Src/main.c ****   MX_ADC_Init();
 307              		.loc 1 93 3 view .LVU72
 308 000c FFF7FEFF 		bl	MX_GPIO_Init
 309              	.LVL19:
  94:Core/Src/main.c ****   MX_I2C1_Init();
 310              		.loc 1 94 3 view .LVU73
 311 0010 FFF7FEFF 		bl	MX_ADC_Init
 312              	.LVL20:
  95:Core/Src/main.c ****   MX_SPI1_Init();
 313              		.loc 1 95 3 view .LVU74
 314 0014 FFF7FEFF 		bl	MX_I2C1_Init
 315              	.LVL21:
  96:Core/Src/main.c ****   MX_USART1_UART_Init();
 316              		.loc 1 96 3 view .LVU75
 317 0018 FFF7FEFF 		bl	MX_SPI1_Init
 318              	.LVL22:
  97:Core/Src/main.c ****   /* USER CODE BEGIN 2 */
 319              		.loc 1 97 3 view .LVU76
ARM GAS  C:\Users\ADMINI~1\AppData\Local\Temp\cclPNj1j.s 			page 14


 320 001c FFF7FEFF 		bl	MX_USART1_UART_Init
 321              	.LVL23:
  99:Core/Src/main.c ****   HAL_GPIO_WritePin(BL_GPIO_Port, BL_Pin, GPIO_PIN_SET);
 322              		.loc 1 99 3 view .LVU77
 323 0020 8021     		movs	r1, #128
 324 0022 9020     		movs	r0, #144
 325 0024 0122     		movs	r2, #1
 326 0026 4900     		lsls	r1, r1, #1
 327 0028 C005     		lsls	r0, r0, #23
 328 002a FFF7FEFF 		bl	HAL_GPIO_WritePin
 329              	.LVL24:
 100:Core/Src/main.c **** 
 330              		.loc 1 100 3 view .LVU78
 331 002e 0122     		movs	r2, #1
 332 0030 0121     		movs	r1, #1
 333 0032 1048     		ldr	r0, .L21
 334 0034 FFF7FEFF 		bl	HAL_GPIO_WritePin
 335              	.LVL25:
 102:Core/Src/main.c ****   RegisterFile regs_;
 336              		.loc 1 102 3 view .LVU79
 103:Core/Src/main.c ****   ret = DRV8301_Config(&regs_, 40.0f, NULL);
 337              		.loc 1 103 3 view .LVU80
 104:Core/Src/main.c ****   if (ret != 0)
 338              		.loc 1 104 3 view .LVU81
 104:Core/Src/main.c ****   if (ret != 0)
 339              		.loc 1 104 9 is_stmt 0 view .LVU82
 340 0038 0022     		movs	r2, #0
 341 003a 0F49     		ldr	r1, .L21+4
 342 003c 01A8     		add	r0, sp, #4
 343 003e FFF7FEFF 		bl	DRV8301_Config
 344              	.LVL26:
 345 0042 011E     		subs	r1, r0, #0
 346              	.LVL27:
 105:Core/Src/main.c ****   {
 347              		.loc 1 105 3 is_stmt 1 view .LVU83
 105:Core/Src/main.c ****   {
 348              		.loc 1 105 6 is_stmt 0 view .LVU84
 349 0044 0ED1     		bne	.L19
 350              	.LVL28:
 351              	.L16:
 109:Core/Src/main.c ****   if (ret != 0)
 352              		.loc 1 109 3 is_stmt 1 view .LVU85
 109:Core/Src/main.c ****   if (ret != 0)
 353              		.loc 1 109 9 is_stmt 0 view .LVU86
 354 0046 01A8     		add	r0, sp, #4
 355 0048 FFF7FEFF 		bl	DRV8301_Init
 356              	.LVL29:
 357 004c 011E     		subs	r1, r0, #0
 358              	.LVL30:
 110:Core/Src/main.c ****   {
 359              		.loc 1 110 3 is_stmt 1 view .LVU87
 110:Core/Src/main.c ****   {
 360              		.loc 1 110 6 is_stmt 0 view .LVU88
 361 004e 0DD1     		bne	.L20
 362              	.LVL31:
 363              	.L18:
 118:Core/Src/main.c ****   {
ARM GAS  C:\Users\ADMINI~1\AppData\Local\Temp\cclPNj1j.s 			page 15


 364              		.loc 1 118 3 is_stmt 1 view .LVU89
 123:Core/Src/main.c **** 		HAL_Delay(1*1000);
 365              		.loc 1 123 5 view .LVU90
 366 0050 8021     		movs	r1, #128
 367 0052 8901     		lsls	r1, r1, #6
 368 0054 0948     		ldr	r0, .L21+8
 369 0056 FFF7FEFF 		bl	HAL_GPIO_TogglePin
 370              	.LVL32:
 124:Core/Src/main.c ****   }
 371              		.loc 1 124 3 discriminator 1 view .LVU91
 372 005a FA20     		movs	r0, #250
 373 005c 8000     		lsls	r0, r0, #2
 374 005e FFF7FEFF 		bl	HAL_Delay
 375              	.LVL33:
 118:Core/Src/main.c ****   {
 376              		.loc 1 118 9 view .LVU92
 377 0062 F5E7     		b	.L18
 378              	.LVL34:
 379              	.L19:
 107:Core/Src/main.c ****   }
 380              		.loc 1 107 5 view .LVU93
 381 0064 0648     		ldr	r0, .L21+12
 382              	.LVL35:
 107:Core/Src/main.c ****   }
 383              		.loc 1 107 5 is_stmt 0 view .LVU94
 384 0066 FFF7FEFF 		bl	printf
 385              	.LVL36:
 386 006a ECE7     		b	.L16
 387              	.LVL37:
 388              	.L20:
 112:Core/Src/main.c ****   }
 389              		.loc 1 112 5 is_stmt 1 view .LVU95
 390 006c 0548     		ldr	r0, .L21+16
 391              	.LVL38:
 112:Core/Src/main.c ****   }
 392              		.loc 1 112 5 is_stmt 0 view .LVU96
 393 006e FFF7FEFF 		bl	printf
 394              	.LVL39:
 395 0072 EDE7     		b	.L18
 396              	.L22:
 397              		.align	2
 398              	.L21:
 399 0074 00040048 		.word	1207960576
 400 0078 00002042 		.word	1109393408
 401 007c 00080048 		.word	1207961600
 402 0080 00000000 		.word	.LC4
 403 0084 18000000 		.word	.LC6
 404              		.cfi_endproc
 405              	.LFE43:
 407              		.text
 408              	.Letext0:
 409              		.file 3 "D:/software/Tools/GCC/arm-gnu-toolchain-14.2.rel1-mingw-w64-x86_64-arm-none-eabi/arm-none
 410              		.file 4 "D:/software/Tools/GCC/arm-gnu-toolchain-14.2.rel1-mingw-w64-x86_64-arm-none-eabi/arm-none
 411              		.file 5 "Drivers/CMSIS/Device/ST/STM32F0xx/Include/stm32f031x6.h"
 412              		.file 6 "Drivers/STM32F0xx_HAL_Driver/Inc/stm32f0xx_hal_def.h"
 413              		.file 7 "Drivers/STM32F0xx_HAL_Driver/Inc/stm32f0xx_hal_rcc.h"
 414              		.file 8 "Drivers/STM32F0xx_HAL_Driver/Inc/stm32f0xx_hal_rcc_ex.h"
ARM GAS  C:\Users\ADMINI~1\AppData\Local\Temp\cclPNj1j.s 			page 16


 415              		.file 9 "Drivers/STM32F0xx_HAL_Driver/Inc/stm32f0xx_hal_gpio.h"
 416              		.file 10 "APP/inc/drv8301.h"
 417              		.file 11 "Drivers/STM32F0xx_HAL_Driver/Inc/stm32f0xx_hal.h"
 418              		.file 12 "D:/software/Tools/GCC/arm-gnu-toolchain-14.2.rel1-mingw-w64-x86_64-arm-none-eabi/arm-non
 419              		.file 13 "Core/Inc/usart.h"
 420              		.file 14 "Core/Inc/spi.h"
 421              		.file 15 "Core/Inc/i2c.h"
 422              		.file 16 "Core/Inc/adc.h"
 423              		.file 17 "Core/Inc/gpio.h"
 424              		.file 18 "<built-in>"
ARM GAS  C:\Users\ADMINI~1\AppData\Local\Temp\cclPNj1j.s 			page 17


DEFINED SYMBOLS
                            *ABS*:00000000 main.c
C:\Users\ADMINI~1\AppData\Local\Temp\cclPNj1j.s:19     .rodata.HAL_GPIO_EXTI_Callback.str1.4:00000000 $d
C:\Users\ADMINI~1\AppData\Local\Temp\cclPNj1j.s:26     .text.HAL_GPIO_EXTI_Callback:00000000 $t
C:\Users\ADMINI~1\AppData\Local\Temp\cclPNj1j.s:32     .text.HAL_GPIO_EXTI_Callback:00000000 HAL_GPIO_EXTI_Callback
C:\Users\ADMINI~1\AppData\Local\Temp\cclPNj1j.s:87     .text.HAL_GPIO_EXTI_Callback:00000034 $d
C:\Users\ADMINI~1\AppData\Local\Temp\cclPNj1j.s:94     .text.Error_Handler:00000000 $t
C:\Users\ADMINI~1\AppData\Local\Temp\cclPNj1j.s:100    .text.Error_Handler:00000000 Error_Handler
C:\Users\ADMINI~1\AppData\Local\Temp\cclPNj1j.s:132    .text.SystemClock_Config:00000000 $t
C:\Users\ADMINI~1\AppData\Local\Temp\cclPNj1j.s:138    .text.SystemClock_Config:00000000 SystemClock_Config
C:\Users\ADMINI~1\AppData\Local\Temp\cclPNj1j.s:277    .rodata.main.str1.4:00000000 $d
C:\Users\ADMINI~1\AppData\Local\Temp\cclPNj1j.s:284    .text.main:00000000 $t
C:\Users\ADMINI~1\AppData\Local\Temp\cclPNj1j.s:290    .text.main:00000000 main
C:\Users\ADMINI~1\AppData\Local\Temp\cclPNj1j.s:399    .text.main:00000074 $d

UNDEFINED SYMBOLS
HAL_GetTick
printf
HAL_GPIO_ReadPin
memset
HAL_RCC_OscConfig
HAL_RCC_ClockConfig
HAL_RCCEx_PeriphCLKConfig
HAL_Init
MX_GPIO_Init
MX_ADC_Init
MX_I2C1_Init
MX_SPI1_Init
MX_USART1_UART_Init
HAL_GPIO_WritePin
DRV8301_Config
DRV8301_Init
HAL_GPIO_TogglePin
HAL_Delay
