ARM GAS  C:\Users\ADMINI~1\AppData\Local\Temp\ccCN0gnf.s 			page 1


   1              		.cpu cortex-m0
   2              		.arch armv6s-m
   3              		.fpu softvfp
   4              		.eabi_attribute 20, 1
   5              		.eabi_attribute 21, 1
   6              		.eabi_attribute 23, 3
   7              		.eabi_attribute 24, 1
   8              		.eabi_attribute 25, 1
   9              		.eabi_attribute 26, 1
  10              		.eabi_attribute 30, 1
  11              		.eabi_attribute 34, 0
  12              		.eabi_attribute 18, 4
  13              		.file	"spi.c"
  14              		.text
  15              	.Ltext0:
  16              		.cfi_sections	.debug_frame
  17              		.file 1 "Core/Src/spi.c"
  18              		.section	.text.MX_SPI1_Init,"ax",%progbits
  19              		.align	1
  20              		.global	MX_SPI1_Init
  21              		.syntax unified
  22              		.code	16
  23              		.thumb_func
  25              	MX_SPI1_Init:
  26              	.LFB40:
   1:Core/Src/spi.c **** /* USER CODE BEGIN Header */
   2:Core/Src/spi.c **** /**
   3:Core/Src/spi.c ****   ******************************************************************************
   4:Core/Src/spi.c ****   * @file    spi.c
   5:Core/Src/spi.c ****   * @brief   This file provides code for the configuration
   6:Core/Src/spi.c ****   *          of the SPI instances.
   7:Core/Src/spi.c ****   ******************************************************************************
   8:Core/Src/spi.c ****   * @attention
   9:Core/Src/spi.c ****   *
  10:Core/Src/spi.c ****   * Copyright (c) 2025 STMicroelectronics.
  11:Core/Src/spi.c ****   * All rights reserved.
  12:Core/Src/spi.c ****   *
  13:Core/Src/spi.c ****   * This software is licensed under terms that can be found in the LICENSE file
  14:Core/Src/spi.c ****   * in the root directory of this software component.
  15:Core/Src/spi.c ****   * If no LICENSE file comes with this software, it is provided AS-IS.
  16:Core/Src/spi.c ****   *
  17:Core/Src/spi.c ****   ******************************************************************************
  18:Core/Src/spi.c ****   */
  19:Core/Src/spi.c **** /* USER CODE END Header */
  20:Core/Src/spi.c **** /* Includes ------------------------------------------------------------------*/
  21:Core/Src/spi.c **** #include "spi.h"
  22:Core/Src/spi.c **** 
  23:Core/Src/spi.c **** /* USER CODE BEGIN 0 */
  24:Core/Src/spi.c **** 
  25:Core/Src/spi.c **** /* USER CODE END 0 */
  26:Core/Src/spi.c **** 
  27:Core/Src/spi.c **** SPI_HandleTypeDef hspi1;
  28:Core/Src/spi.c **** 
  29:Core/Src/spi.c **** /* SPI1 init function */
  30:Core/Src/spi.c **** void MX_SPI1_Init(void)
  31:Core/Src/spi.c **** {
  27              		.loc 1 31 1 view -0
ARM GAS  C:\Users\ADMINI~1\AppData\Local\Temp\ccCN0gnf.s 			page 2


  28              		.cfi_startproc
  29              		@ args = 0, pretend = 0, frame = 0
  30              		@ frame_needed = 0, uses_anonymous_args = 0
  31 0000 10B5     		push	{r4, lr}
  32              		.cfi_def_cfa_offset 8
  33              		.cfi_offset 4, -8
  34              		.cfi_offset 14, -4
  32:Core/Src/spi.c **** 
  33:Core/Src/spi.c ****   /* USER CODE BEGIN SPI1_Init 0 */
  34:Core/Src/spi.c **** 
  35:Core/Src/spi.c ****   /* USER CODE END SPI1_Init 0 */
  36:Core/Src/spi.c **** 
  37:Core/Src/spi.c ****   /* USER CODE BEGIN SPI1_Init 1 */
  38:Core/Src/spi.c **** 
  39:Core/Src/spi.c ****   /* USER CODE END SPI1_Init 1 */
  40:Core/Src/spi.c ****   hspi1.Instance = SPI1;
  35              		.loc 1 40 3 view .LVU1
  36              		.loc 1 40 18 is_stmt 0 view .LVU2
  37 0002 1148     		ldr	r0, .L4
  38 0004 114B     		ldr	r3, .L4+4
  39 0006 0360     		str	r3, [r0]
  41:Core/Src/spi.c ****   hspi1.Init.Mode = SPI_MODE_MASTER;
  40              		.loc 1 41 3 is_stmt 1 view .LVU3
  41              		.loc 1 41 19 is_stmt 0 view .LVU4
  42 0008 8223     		movs	r3, #130
  43 000a 5B00     		lsls	r3, r3, #1
  44 000c 4360     		str	r3, [r0, #4]
  42:Core/Src/spi.c ****   hspi1.Init.Direction = SPI_DIRECTION_2LINES;
  45              		.loc 1 42 3 is_stmt 1 view .LVU5
  46              		.loc 1 42 24 is_stmt 0 view .LVU6
  47 000e 0023     		movs	r3, #0
  48 0010 8360     		str	r3, [r0, #8]
  43:Core/Src/spi.c ****   hspi1.Init.DataSize = SPI_DATASIZE_16BIT;
  49              		.loc 1 43 3 is_stmt 1 view .LVU7
  50              		.loc 1 43 23 is_stmt 0 view .LVU8
  51 0012 F022     		movs	r2, #240
  52 0014 1201     		lsls	r2, r2, #4
  53 0016 C260     		str	r2, [r0, #12]
  44:Core/Src/spi.c ****   hspi1.Init.CLKPolarity = SPI_POLARITY_LOW;
  54              		.loc 1 44 3 is_stmt 1 view .LVU9
  55              		.loc 1 44 26 is_stmt 0 view .LVU10
  56 0018 0361     		str	r3, [r0, #16]
  45:Core/Src/spi.c ****   hspi1.Init.CLKPhase = SPI_PHASE_2EDGE;
  57              		.loc 1 45 3 is_stmt 1 view .LVU11
  58              		.loc 1 45 23 is_stmt 0 view .LVU12
  59 001a 0122     		movs	r2, #1
  60 001c 4261     		str	r2, [r0, #20]
  46:Core/Src/spi.c ****   hspi1.Init.NSS = SPI_NSS_SOFT;
  61              		.loc 1 46 3 is_stmt 1 view .LVU13
  62              		.loc 1 46 18 is_stmt 0 view .LVU14
  63 001e 8022     		movs	r2, #128
  64 0020 9200     		lsls	r2, r2, #2
  65 0022 8261     		str	r2, [r0, #24]
  47:Core/Src/spi.c ****   hspi1.Init.BaudRatePrescaler = SPI_BAUDRATEPRESCALER_8;
  66              		.loc 1 47 3 is_stmt 1 view .LVU15
  67              		.loc 1 47 32 is_stmt 0 view .LVU16
  68 0024 F13A     		subs	r2, r2, #241
ARM GAS  C:\Users\ADMINI~1\AppData\Local\Temp\ccCN0gnf.s 			page 3


  69 0026 FF3A     		subs	r2, r2, #255
  70 0028 C261     		str	r2, [r0, #28]
  48:Core/Src/spi.c ****   hspi1.Init.FirstBit = SPI_FIRSTBIT_MSB;
  71              		.loc 1 48 3 is_stmt 1 view .LVU17
  72              		.loc 1 48 23 is_stmt 0 view .LVU18
  73 002a 0362     		str	r3, [r0, #32]
  49:Core/Src/spi.c ****   hspi1.Init.TIMode = SPI_TIMODE_DISABLE;
  74              		.loc 1 49 3 is_stmt 1 view .LVU19
  75              		.loc 1 49 21 is_stmt 0 view .LVU20
  76 002c 4362     		str	r3, [r0, #36]
  50:Core/Src/spi.c ****   hspi1.Init.CRCCalculation = SPI_CRCCALCULATION_DISABLE;
  77              		.loc 1 50 3 is_stmt 1 view .LVU21
  78              		.loc 1 50 29 is_stmt 0 view .LVU22
  79 002e 8362     		str	r3, [r0, #40]
  51:Core/Src/spi.c ****   hspi1.Init.CRCPolynomial = 7;
  80              		.loc 1 51 3 is_stmt 1 view .LVU23
  81              		.loc 1 51 28 is_stmt 0 view .LVU24
  82 0030 093A     		subs	r2, r2, #9
  83 0032 C262     		str	r2, [r0, #44]
  52:Core/Src/spi.c ****   hspi1.Init.CRCLength = SPI_CRC_LENGTH_DATASIZE;
  84              		.loc 1 52 3 is_stmt 1 view .LVU25
  85              		.loc 1 52 24 is_stmt 0 view .LVU26
  86 0034 0363     		str	r3, [r0, #48]
  53:Core/Src/spi.c ****   hspi1.Init.NSSPMode = SPI_NSS_PULSE_DISABLE;
  87              		.loc 1 53 3 is_stmt 1 view .LVU27
  88              		.loc 1 53 23 is_stmt 0 view .LVU28
  89 0036 4363     		str	r3, [r0, #52]
  54:Core/Src/spi.c ****   if (HAL_SPI_Init(&hspi1) != HAL_OK)
  90              		.loc 1 54 3 is_stmt 1 view .LVU29
  91              		.loc 1 54 7 is_stmt 0 view .LVU30
  92 0038 FFF7FEFF 		bl	HAL_SPI_Init
  93              	.LVL0:
  94              		.loc 1 54 6 discriminator 1 view .LVU31
  95 003c 0028     		cmp	r0, #0
  96 003e 00D1     		bne	.L3
  97              	.L1:
  55:Core/Src/spi.c ****   {
  56:Core/Src/spi.c ****     Error_Handler();
  57:Core/Src/spi.c ****   }
  58:Core/Src/spi.c ****   /* USER CODE BEGIN SPI1_Init 2 */
  59:Core/Src/spi.c **** 
  60:Core/Src/spi.c ****   /* USER CODE END SPI1_Init 2 */
  61:Core/Src/spi.c **** 
  62:Core/Src/spi.c **** }
  98              		.loc 1 62 1 view .LVU32
  99              		@ sp needed
 100 0040 10BD     		pop	{r4, pc}
 101              	.L3:
  56:Core/Src/spi.c ****   }
 102              		.loc 1 56 5 is_stmt 1 view .LVU33
 103 0042 FFF7FEFF 		bl	Error_Handler
 104              	.LVL1:
 105              		.loc 1 62 1 is_stmt 0 view .LVU34
 106 0046 FBE7     		b	.L1
 107              	.L5:
 108              		.align	2
 109              	.L4:
ARM GAS  C:\Users\ADMINI~1\AppData\Local\Temp\ccCN0gnf.s 			page 4


 110 0048 00000000 		.word	hspi1
 111 004c 00300140 		.word	1073819648
 112              		.cfi_endproc
 113              	.LFE40:
 115              		.section	.text.HAL_SPI_MspInit,"ax",%progbits
 116              		.align	1
 117              		.global	HAL_SPI_MspInit
 118              		.syntax unified
 119              		.code	16
 120              		.thumb_func
 122              	HAL_SPI_MspInit:
 123              	.LVL2:
 124              	.LFB41:
  63:Core/Src/spi.c **** 
  64:Core/Src/spi.c **** void HAL_SPI_MspInit(SPI_HandleTypeDef* spiHandle)
  65:Core/Src/spi.c **** {
 125              		.loc 1 65 1 is_stmt 1 view -0
 126              		.cfi_startproc
 127              		@ args = 0, pretend = 0, frame = 32
 128              		@ frame_needed = 0, uses_anonymous_args = 0
 129              		.loc 1 65 1 is_stmt 0 view .LVU36
 130 0000 10B5     		push	{r4, lr}
 131              		.cfi_def_cfa_offset 8
 132              		.cfi_offset 4, -8
 133              		.cfi_offset 14, -4
 134 0002 88B0     		sub	sp, sp, #32
 135              		.cfi_def_cfa_offset 40
 136 0004 0400     		movs	r4, r0
  66:Core/Src/spi.c **** 
  67:Core/Src/spi.c ****   GPIO_InitTypeDef GPIO_InitStruct = {0};
 137              		.loc 1 67 3 is_stmt 1 view .LVU37
 138              		.loc 1 67 20 is_stmt 0 view .LVU38
 139 0006 1422     		movs	r2, #20
 140 0008 0021     		movs	r1, #0
 141 000a 03A8     		add	r0, sp, #12
 142              	.LVL3:
 143              		.loc 1 67 20 view .LVU39
 144 000c FFF7FEFF 		bl	memset
 145              	.LVL4:
  68:Core/Src/spi.c ****   if(spiHandle->Instance==SPI1)
 146              		.loc 1 68 3 is_stmt 1 view .LVU40
 147              		.loc 1 68 15 is_stmt 0 view .LVU41
 148 0010 2268     		ldr	r2, [r4]
 149              		.loc 1 68 5 view .LVU42
 150 0012 134B     		ldr	r3, .L9
 151 0014 9A42     		cmp	r2, r3
 152 0016 01D0     		beq	.L8
 153              	.L6:
  69:Core/Src/spi.c ****   {
  70:Core/Src/spi.c ****   /* USER CODE BEGIN SPI1_MspInit 0 */
  71:Core/Src/spi.c **** 
  72:Core/Src/spi.c ****   /* USER CODE END SPI1_MspInit 0 */
  73:Core/Src/spi.c ****     /* SPI1 clock enable */
  74:Core/Src/spi.c ****     __HAL_RCC_SPI1_CLK_ENABLE();
  75:Core/Src/spi.c **** 
  76:Core/Src/spi.c ****     __HAL_RCC_GPIOB_CLK_ENABLE();
  77:Core/Src/spi.c ****     /**SPI1 GPIO Configuration
ARM GAS  C:\Users\ADMINI~1\AppData\Local\Temp\ccCN0gnf.s 			page 5


  78:Core/Src/spi.c ****     PB13     ------> SPI1_SCK
  79:Core/Src/spi.c ****     PB14     ------> SPI1_MISO
  80:Core/Src/spi.c ****     PB15     ------> SPI1_MOSI
  81:Core/Src/spi.c ****     */
  82:Core/Src/spi.c ****     GPIO_InitStruct.Pin = GPIO_PIN_13|GPIO_PIN_14|GPIO_PIN_15;
  83:Core/Src/spi.c ****     GPIO_InitStruct.Mode = GPIO_MODE_AF_PP;
  84:Core/Src/spi.c ****     GPIO_InitStruct.Pull = GPIO_PULLUP;
  85:Core/Src/spi.c ****     GPIO_InitStruct.Speed = GPIO_SPEED_FREQ_HIGH;
  86:Core/Src/spi.c ****     GPIO_InitStruct.Alternate = GPIO_AF0_SPI1;
  87:Core/Src/spi.c ****     HAL_GPIO_Init(GPIOB, &GPIO_InitStruct);
  88:Core/Src/spi.c **** 
  89:Core/Src/spi.c ****   /* USER CODE BEGIN SPI1_MspInit 1 */
  90:Core/Src/spi.c **** 
  91:Core/Src/spi.c ****   /* USER CODE END SPI1_MspInit 1 */
  92:Core/Src/spi.c ****   }
  93:Core/Src/spi.c **** }
 154              		.loc 1 93 1 view .LVU43
 155 0018 08B0     		add	sp, sp, #32
 156              		@ sp needed
 157              	.LVL5:
 158              		.loc 1 93 1 view .LVU44
 159 001a 10BD     		pop	{r4, pc}
 160              	.LVL6:
 161              	.L8:
  74:Core/Src/spi.c **** 
 162              		.loc 1 74 5 is_stmt 1 view .LVU45
 163              	.LBB2:
  74:Core/Src/spi.c **** 
 164              		.loc 1 74 5 view .LVU46
  74:Core/Src/spi.c **** 
 165              		.loc 1 74 5 view .LVU47
 166 001c 114B     		ldr	r3, .L9+4
 167 001e 9A69     		ldr	r2, [r3, #24]
 168 0020 8021     		movs	r1, #128
 169 0022 4901     		lsls	r1, r1, #5
 170 0024 0A43     		orrs	r2, r1
 171 0026 9A61     		str	r2, [r3, #24]
  74:Core/Src/spi.c **** 
 172              		.loc 1 74 5 view .LVU48
 173 0028 9A69     		ldr	r2, [r3, #24]
 174 002a 0A40     		ands	r2, r1
 175 002c 0192     		str	r2, [sp, #4]
  74:Core/Src/spi.c **** 
 176              		.loc 1 74 5 view .LVU49
 177 002e 019A     		ldr	r2, [sp, #4]
 178              	.LBE2:
  74:Core/Src/spi.c **** 
 179              		.loc 1 74 5 view .LVU50
  76:Core/Src/spi.c ****     /**SPI1 GPIO Configuration
 180              		.loc 1 76 5 view .LVU51
 181              	.LBB3:
  76:Core/Src/spi.c ****     /**SPI1 GPIO Configuration
 182              		.loc 1 76 5 view .LVU52
  76:Core/Src/spi.c ****     /**SPI1 GPIO Configuration
 183              		.loc 1 76 5 view .LVU53
 184 0030 5A69     		ldr	r2, [r3, #20]
 185 0032 8021     		movs	r1, #128
ARM GAS  C:\Users\ADMINI~1\AppData\Local\Temp\ccCN0gnf.s 			page 6


 186 0034 C902     		lsls	r1, r1, #11
 187 0036 0A43     		orrs	r2, r1
 188 0038 5A61     		str	r2, [r3, #20]
  76:Core/Src/spi.c ****     /**SPI1 GPIO Configuration
 189              		.loc 1 76 5 view .LVU54
 190 003a 5B69     		ldr	r3, [r3, #20]
 191 003c 0B40     		ands	r3, r1
 192 003e 0293     		str	r3, [sp, #8]
  76:Core/Src/spi.c ****     /**SPI1 GPIO Configuration
 193              		.loc 1 76 5 view .LVU55
 194 0040 029B     		ldr	r3, [sp, #8]
 195              	.LBE3:
  76:Core/Src/spi.c ****     /**SPI1 GPIO Configuration
 196              		.loc 1 76 5 view .LVU56
  82:Core/Src/spi.c ****     GPIO_InitStruct.Mode = GPIO_MODE_AF_PP;
 197              		.loc 1 82 5 view .LVU57
  82:Core/Src/spi.c ****     GPIO_InitStruct.Mode = GPIO_MODE_AF_PP;
 198              		.loc 1 82 25 is_stmt 0 view .LVU58
 199 0042 03A9     		add	r1, sp, #12
 200 0044 E023     		movs	r3, #224
 201 0046 1B02     		lsls	r3, r3, #8
 202 0048 0393     		str	r3, [sp, #12]
  83:Core/Src/spi.c ****     GPIO_InitStruct.Pull = GPIO_PULLUP;
 203              		.loc 1 83 5 is_stmt 1 view .LVU59
  83:Core/Src/spi.c ****     GPIO_InitStruct.Pull = GPIO_PULLUP;
 204              		.loc 1 83 26 is_stmt 0 view .LVU60
 205 004a 0223     		movs	r3, #2
 206 004c 4B60     		str	r3, [r1, #4]
  84:Core/Src/spi.c ****     GPIO_InitStruct.Speed = GPIO_SPEED_FREQ_HIGH;
 207              		.loc 1 84 5 is_stmt 1 view .LVU61
  84:Core/Src/spi.c ****     GPIO_InitStruct.Speed = GPIO_SPEED_FREQ_HIGH;
 208              		.loc 1 84 26 is_stmt 0 view .LVU62
 209 004e 013B     		subs	r3, r3, #1
 210 0050 8B60     		str	r3, [r1, #8]
  85:Core/Src/spi.c ****     GPIO_InitStruct.Alternate = GPIO_AF0_SPI1;
 211              		.loc 1 85 5 is_stmt 1 view .LVU63
  85:Core/Src/spi.c ****     GPIO_InitStruct.Alternate = GPIO_AF0_SPI1;
 212              		.loc 1 85 27 is_stmt 0 view .LVU64
 213 0052 0233     		adds	r3, r3, #2
 214 0054 CB60     		str	r3, [r1, #12]
  86:Core/Src/spi.c ****     HAL_GPIO_Init(GPIOB, &GPIO_InitStruct);
 215              		.loc 1 86 5 is_stmt 1 view .LVU65
  87:Core/Src/spi.c **** 
 216              		.loc 1 87 5 view .LVU66
 217 0056 0448     		ldr	r0, .L9+8
 218 0058 FFF7FEFF 		bl	HAL_GPIO_Init
 219              	.LVL7:
 220              		.loc 1 93 1 is_stmt 0 view .LVU67
 221 005c DCE7     		b	.L6
 222              	.L10:
 223 005e C046     		.align	2
 224              	.L9:
 225 0060 00300140 		.word	1073819648
 226 0064 00100240 		.word	1073876992
 227 0068 00040048 		.word	1207960576
 228              		.cfi_endproc
 229              	.LFE41:
ARM GAS  C:\Users\ADMINI~1\AppData\Local\Temp\ccCN0gnf.s 			page 7


 231              		.section	.text.HAL_SPI_MspDeInit,"ax",%progbits
 232              		.align	1
 233              		.global	HAL_SPI_MspDeInit
 234              		.syntax unified
 235              		.code	16
 236              		.thumb_func
 238              	HAL_SPI_MspDeInit:
 239              	.LVL8:
 240              	.LFB42:
  94:Core/Src/spi.c **** 
  95:Core/Src/spi.c **** void HAL_SPI_MspDeInit(SPI_HandleTypeDef* spiHandle)
  96:Core/Src/spi.c **** {
 241              		.loc 1 96 1 is_stmt 1 view -0
 242              		.cfi_startproc
 243              		@ args = 0, pretend = 0, frame = 0
 244              		@ frame_needed = 0, uses_anonymous_args = 0
 245              		.loc 1 96 1 is_stmt 0 view .LVU69
 246 0000 10B5     		push	{r4, lr}
 247              		.cfi_def_cfa_offset 8
 248              		.cfi_offset 4, -8
 249              		.cfi_offset 14, -4
  97:Core/Src/spi.c **** 
  98:Core/Src/spi.c ****   if(spiHandle->Instance==SPI1)
 250              		.loc 1 98 3 is_stmt 1 view .LVU70
 251              		.loc 1 98 15 is_stmt 0 view .LVU71
 252 0002 0268     		ldr	r2, [r0]
 253              		.loc 1 98 5 view .LVU72
 254 0004 074B     		ldr	r3, .L14
 255 0006 9A42     		cmp	r2, r3
 256 0008 00D0     		beq	.L13
 257              	.LVL9:
 258              	.L11:
  99:Core/Src/spi.c ****   {
 100:Core/Src/spi.c ****   /* USER CODE BEGIN SPI1_MspDeInit 0 */
 101:Core/Src/spi.c **** 
 102:Core/Src/spi.c ****   /* USER CODE END SPI1_MspDeInit 0 */
 103:Core/Src/spi.c ****     /* Peripheral clock disable */
 104:Core/Src/spi.c ****     __HAL_RCC_SPI1_CLK_DISABLE();
 105:Core/Src/spi.c **** 
 106:Core/Src/spi.c ****     /**SPI1 GPIO Configuration
 107:Core/Src/spi.c ****     PB13     ------> SPI1_SCK
 108:Core/Src/spi.c ****     PB14     ------> SPI1_MISO
 109:Core/Src/spi.c ****     PB15     ------> SPI1_MOSI
 110:Core/Src/spi.c ****     */
 111:Core/Src/spi.c ****     HAL_GPIO_DeInit(GPIOB, GPIO_PIN_13|GPIO_PIN_14|GPIO_PIN_15);
 112:Core/Src/spi.c **** 
 113:Core/Src/spi.c ****   /* USER CODE BEGIN SPI1_MspDeInit 1 */
 114:Core/Src/spi.c **** 
 115:Core/Src/spi.c ****   /* USER CODE END SPI1_MspDeInit 1 */
 116:Core/Src/spi.c ****   }
 117:Core/Src/spi.c **** }
 259              		.loc 1 117 1 view .LVU73
 260              		@ sp needed
 261 000a 10BD     		pop	{r4, pc}
 262              	.LVL10:
 263              	.L13:
 104:Core/Src/spi.c **** 
ARM GAS  C:\Users\ADMINI~1\AppData\Local\Temp\ccCN0gnf.s 			page 8


 264              		.loc 1 104 5 is_stmt 1 view .LVU74
 265 000c 064A     		ldr	r2, .L14+4
 266 000e 9369     		ldr	r3, [r2, #24]
 267 0010 0649     		ldr	r1, .L14+8
 268 0012 0B40     		ands	r3, r1
 269 0014 9361     		str	r3, [r2, #24]
 111:Core/Src/spi.c **** 
 270              		.loc 1 111 5 view .LVU75
 271 0016 E021     		movs	r1, #224
 272 0018 0902     		lsls	r1, r1, #8
 273 001a 0548     		ldr	r0, .L14+12
 274              	.LVL11:
 111:Core/Src/spi.c **** 
 275              		.loc 1 111 5 is_stmt 0 view .LVU76
 276 001c FFF7FEFF 		bl	HAL_GPIO_DeInit
 277              	.LVL12:
 278              		.loc 1 117 1 view .LVU77
 279 0020 F3E7     		b	.L11
 280              	.L15:
 281 0022 C046     		.align	2
 282              	.L14:
 283 0024 00300140 		.word	1073819648
 284 0028 00100240 		.word	1073876992
 285 002c FFEFFFFF 		.word	-4097
 286 0030 00040048 		.word	1207960576
 287              		.cfi_endproc
 288              	.LFE42:
 290              		.global	hspi1
 291              		.section	.bss.hspi1,"aw",%nobits
 292              		.align	2
 295              	hspi1:
 296 0000 00000000 		.space	100
 296      00000000 
 296      00000000 
 296      00000000 
 296      00000000 
 297              		.text
 298              	.Letext0:
 299              		.file 2 "D:/software/Tools/GCC/arm-gnu-toolchain-14.2.rel1-mingw-w64-x86_64-arm-none-eabi/arm-none
 300              		.file 3 "D:/software/Tools/GCC/arm-gnu-toolchain-14.2.rel1-mingw-w64-x86_64-arm-none-eabi/arm-none
 301              		.file 4 "Drivers/CMSIS/Device/ST/STM32F0xx/Include/stm32f031x6.h"
 302              		.file 5 "Drivers/STM32F0xx_HAL_Driver/Inc/stm32f0xx_hal_def.h"
 303              		.file 6 "Drivers/STM32F0xx_HAL_Driver/Inc/stm32f0xx_hal_gpio.h"
 304              		.file 7 "Drivers/STM32F0xx_HAL_Driver/Inc/stm32f0xx_hal_dma.h"
 305              		.file 8 "Drivers/STM32F0xx_HAL_Driver/Inc/stm32f0xx_hal_spi.h"
 306              		.file 9 "Core/Inc/spi.h"
 307              		.file 10 "Core/Inc/main.h"
 308              		.file 11 "<built-in>"
ARM GAS  C:\Users\ADMINI~1\AppData\Local\Temp\ccCN0gnf.s 			page 9


DEFINED SYMBOLS
                            *ABS*:00000000 spi.c
C:\Users\ADMINI~1\AppData\Local\Temp\ccCN0gnf.s:19     .text.MX_SPI1_Init:00000000 $t
C:\Users\ADMINI~1\AppData\Local\Temp\ccCN0gnf.s:25     .text.MX_SPI1_Init:00000000 MX_SPI1_Init
C:\Users\ADMINI~1\AppData\Local\Temp\ccCN0gnf.s:110    .text.MX_SPI1_Init:00000048 $d
C:\Users\ADMINI~1\AppData\Local\Temp\ccCN0gnf.s:295    .bss.hspi1:00000000 hspi1
C:\Users\ADMINI~1\AppData\Local\Temp\ccCN0gnf.s:116    .text.HAL_SPI_MspInit:00000000 $t
C:\Users\ADMINI~1\AppData\Local\Temp\ccCN0gnf.s:122    .text.HAL_SPI_MspInit:00000000 HAL_SPI_MspInit
C:\Users\ADMINI~1\AppData\Local\Temp\ccCN0gnf.s:225    .text.HAL_SPI_MspInit:00000060 $d
C:\Users\ADMINI~1\AppData\Local\Temp\ccCN0gnf.s:232    .text.HAL_SPI_MspDeInit:00000000 $t
C:\Users\ADMINI~1\AppData\Local\Temp\ccCN0gnf.s:238    .text.HAL_SPI_MspDeInit:00000000 HAL_SPI_MspDeInit
C:\Users\ADMINI~1\AppData\Local\Temp\ccCN0gnf.s:283    .text.HAL_SPI_MspDeInit:00000024 $d
C:\Users\ADMINI~1\AppData\Local\Temp\ccCN0gnf.s:292    .bss.hspi1:00000000 $d

UNDEFINED SYMBOLS
HAL_SPI_Init
Error_Handler
memset
HAL_GPIO_Init
HAL_GPIO_DeInit
