ARM GAS  C:\Users\ADMINI~1\AppData\Local\Temp\cccZOfAd.s 			page 1


   1              		.cpu cortex-m0
   2              		.arch armv6s-m
   3              		.fpu softvfp
   4              		.eabi_attribute 20, 1
   5              		.eabi_attribute 21, 1
   6              		.eabi_attribute 23, 3
   7              		.eabi_attribute 24, 1
   8              		.eabi_attribute 25, 1
   9              		.eabi_attribute 26, 1
  10              		.eabi_attribute 30, 1
  11              		.eabi_attribute 34, 0
  12              		.eabi_attribute 18, 4
  13              		.file	"usart.c"
  14              		.text
  15              	.Ltext0:
  16              		.cfi_sections	.debug_frame
  17              		.file 1 "Core/Src/usart.c"
  18              		.section	.text.MX_USART1_UART_Init,"ax",%progbits
  19              		.align	1
  20              		.global	MX_USART1_UART_Init
  21              		.syntax unified
  22              		.code	16
  23              		.thumb_func
  25              	MX_USART1_UART_Init:
  26              	.LFB43:
   1:Core/Src/usart.c **** /* USER CODE BEGIN Header */
   2:Core/Src/usart.c **** /**
   3:Core/Src/usart.c ****   ******************************************************************************
   4:Core/Src/usart.c ****   * @file    usart.c
   5:Core/Src/usart.c ****   * @brief   This file provides code for the configuration
   6:Core/Src/usart.c ****   *          of the USART instances.
   7:Core/Src/usart.c ****   ******************************************************************************
   8:Core/Src/usart.c ****   * @attention
   9:Core/Src/usart.c ****   *
  10:Core/Src/usart.c ****   * Copyright (c) 2025 STMicroelectronics.
  11:Core/Src/usart.c ****   * All rights reserved.
  12:Core/Src/usart.c ****   *
  13:Core/Src/usart.c ****   * This software is licensed under terms that can be found in the LICENSE file
  14:Core/Src/usart.c ****   * in the root directory of this software component.
  15:Core/Src/usart.c ****   * If no LICENSE file comes with this software, it is provided AS-IS.
  16:Core/Src/usart.c ****   *
  17:Core/Src/usart.c ****   ******************************************************************************
  18:Core/Src/usart.c ****   */
  19:Core/Src/usart.c **** /* USER CODE END Header */
  20:Core/Src/usart.c **** /* Includes ------------------------------------------------------------------*/
  21:Core/Src/usart.c **** #include "usart.h"
  22:Core/Src/usart.c **** 
  23:Core/Src/usart.c **** /* USER CODE BEGIN 0 */
  24:Core/Src/usart.c **** #include <stdio.h>
  25:Core/Src/usart.c **** int USART_IS_OK=0;
  26:Core/Src/usart.c **** /* USER CODE END 0 */
  27:Core/Src/usart.c **** 
  28:Core/Src/usart.c **** UART_HandleTypeDef huart1;
  29:Core/Src/usart.c **** 
  30:Core/Src/usart.c **** /* USART1 init function */
  31:Core/Src/usart.c **** 
  32:Core/Src/usart.c **** void MX_USART1_UART_Init(void)
ARM GAS  C:\Users\ADMINI~1\AppData\Local\Temp\cccZOfAd.s 			page 2


  33:Core/Src/usart.c **** {
  27              		.loc 1 33 1 view -0
  28              		.cfi_startproc
  29              		@ args = 0, pretend = 0, frame = 0
  30              		@ frame_needed = 0, uses_anonymous_args = 0
  31 0000 10B5     		push	{r4, lr}
  32              		.cfi_def_cfa_offset 8
  33              		.cfi_offset 4, -8
  34              		.cfi_offset 14, -4
  34:Core/Src/usart.c **** 
  35:Core/Src/usart.c ****   /* USER CODE BEGIN USART1_Init 0 */
  36:Core/Src/usart.c **** 
  37:Core/Src/usart.c ****   /* USER CODE END USART1_Init 0 */
  38:Core/Src/usart.c **** 
  39:Core/Src/usart.c ****   /* USER CODE BEGIN USART1_Init 1 */
  40:Core/Src/usart.c **** 
  41:Core/Src/usart.c ****   /* USER CODE END USART1_Init 1 */
  42:Core/Src/usart.c ****   huart1.Instance = USART1;
  35              		.loc 1 42 3 view .LVU1
  36              		.loc 1 42 19 is_stmt 0 view .LVU2
  37 0002 0D48     		ldr	r0, .L4
  38 0004 0D4B     		ldr	r3, .L4+4
  39 0006 0360     		str	r3, [r0]
  43:Core/Src/usart.c ****   huart1.Init.BaudRate = 115200;
  40              		.loc 1 43 3 is_stmt 1 view .LVU3
  41              		.loc 1 43 24 is_stmt 0 view .LVU4
  42 0008 E123     		movs	r3, #225
  43 000a 5B02     		lsls	r3, r3, #9
  44 000c 4360     		str	r3, [r0, #4]
  44:Core/Src/usart.c ****   huart1.Init.WordLength = UART_WORDLENGTH_8B;
  45              		.loc 1 44 3 is_stmt 1 view .LVU5
  46              		.loc 1 44 26 is_stmt 0 view .LVU6
  47 000e 0023     		movs	r3, #0
  48 0010 8360     		str	r3, [r0, #8]
  45:Core/Src/usart.c ****   huart1.Init.StopBits = UART_STOPBITS_1;
  49              		.loc 1 45 3 is_stmt 1 view .LVU7
  50              		.loc 1 45 24 is_stmt 0 view .LVU8
  51 0012 C360     		str	r3, [r0, #12]
  46:Core/Src/usart.c ****   huart1.Init.Parity = UART_PARITY_NONE;
  52              		.loc 1 46 3 is_stmt 1 view .LVU9
  53              		.loc 1 46 22 is_stmt 0 view .LVU10
  54 0014 0361     		str	r3, [r0, #16]
  47:Core/Src/usart.c ****   huart1.Init.Mode = UART_MODE_TX_RX;
  55              		.loc 1 47 3 is_stmt 1 view .LVU11
  56              		.loc 1 47 20 is_stmt 0 view .LVU12
  57 0016 0C22     		movs	r2, #12
  58 0018 4261     		str	r2, [r0, #20]
  48:Core/Src/usart.c ****   huart1.Init.HwFlowCtl = UART_HWCONTROL_NONE;
  59              		.loc 1 48 3 is_stmt 1 view .LVU13
  60              		.loc 1 48 25 is_stmt 0 view .LVU14
  61 001a 8361     		str	r3, [r0, #24]
  49:Core/Src/usart.c ****   huart1.Init.OverSampling = UART_OVERSAMPLING_16;
  62              		.loc 1 49 3 is_stmt 1 view .LVU15
  63              		.loc 1 49 28 is_stmt 0 view .LVU16
  64 001c C361     		str	r3, [r0, #28]
  50:Core/Src/usart.c ****   huart1.Init.OneBitSampling = UART_ONE_BIT_SAMPLE_DISABLE;
  65              		.loc 1 50 3 is_stmt 1 view .LVU17
ARM GAS  C:\Users\ADMINI~1\AppData\Local\Temp\cccZOfAd.s 			page 3


  66              		.loc 1 50 30 is_stmt 0 view .LVU18
  67 001e 0362     		str	r3, [r0, #32]
  51:Core/Src/usart.c ****   huart1.AdvancedInit.AdvFeatureInit = UART_ADVFEATURE_NO_INIT;
  68              		.loc 1 51 3 is_stmt 1 view .LVU19
  69              		.loc 1 51 38 is_stmt 0 view .LVU20
  70 0020 4362     		str	r3, [r0, #36]
  52:Core/Src/usart.c ****   if (HAL_UART_Init(&huart1) != HAL_OK)
  71              		.loc 1 52 3 is_stmt 1 view .LVU21
  72              		.loc 1 52 7 is_stmt 0 view .LVU22
  73 0022 FFF7FEFF 		bl	HAL_UART_Init
  74              	.LVL0:
  75              		.loc 1 52 6 discriminator 1 view .LVU23
  76 0026 0028     		cmp	r0, #0
  77 0028 03D1     		bne	.L3
  78              	.L2:
  53:Core/Src/usart.c ****   {
  54:Core/Src/usart.c ****     Error_Handler();
  55:Core/Src/usart.c ****   }
  56:Core/Src/usart.c ****   /* USER CODE BEGIN USART1_Init 2 */
  57:Core/Src/usart.c ****   USART_IS_OK=1;
  79              		.loc 1 57 3 is_stmt 1 view .LVU24
  80              		.loc 1 57 14 is_stmt 0 view .LVU25
  81 002a 054B     		ldr	r3, .L4+8
  82 002c 0122     		movs	r2, #1
  83 002e 1A60     		str	r2, [r3]
  58:Core/Src/usart.c ****   /* USER CODE END USART1_Init 2 */
  59:Core/Src/usart.c **** 
  60:Core/Src/usart.c **** }
  84              		.loc 1 60 1 view .LVU26
  85              		@ sp needed
  86 0030 10BD     		pop	{r4, pc}
  87              	.L3:
  54:Core/Src/usart.c ****   }
  88              		.loc 1 54 5 is_stmt 1 view .LVU27
  89 0032 FFF7FEFF 		bl	Error_Handler
  90              	.LVL1:
  91 0036 F8E7     		b	.L2
  92              	.L5:
  93              		.align	2
  94              	.L4:
  95 0038 00000000 		.word	huart1
  96 003c 00380140 		.word	1073821696
  97 0040 00000000 		.word	USART_IS_OK
  98              		.cfi_endproc
  99              	.LFE43:
 101              		.section	.text.HAL_UART_MspInit,"ax",%progbits
 102              		.align	1
 103              		.global	HAL_UART_MspInit
 104              		.syntax unified
 105              		.code	16
 106              		.thumb_func
 108              	HAL_UART_MspInit:
 109              	.LVL2:
 110              	.LFB44:
  61:Core/Src/usart.c **** 
  62:Core/Src/usart.c **** void HAL_UART_MspInit(UART_HandleTypeDef* uartHandle)
  63:Core/Src/usart.c **** {
ARM GAS  C:\Users\ADMINI~1\AppData\Local\Temp\cccZOfAd.s 			page 4


 111              		.loc 1 63 1 view -0
 112              		.cfi_startproc
 113              		@ args = 0, pretend = 0, frame = 32
 114              		@ frame_needed = 0, uses_anonymous_args = 0
 115              		.loc 1 63 1 is_stmt 0 view .LVU29
 116 0000 70B5     		push	{r4, r5, r6, lr}
 117              		.cfi_def_cfa_offset 16
 118              		.cfi_offset 4, -16
 119              		.cfi_offset 5, -12
 120              		.cfi_offset 6, -8
 121              		.cfi_offset 14, -4
 122 0002 88B0     		sub	sp, sp, #32
 123              		.cfi_def_cfa_offset 48
 124 0004 0400     		movs	r4, r0
  64:Core/Src/usart.c **** 
  65:Core/Src/usart.c ****   GPIO_InitTypeDef GPIO_InitStruct = {0};
 125              		.loc 1 65 3 is_stmt 1 view .LVU30
 126              		.loc 1 65 20 is_stmt 0 view .LVU31
 127 0006 1422     		movs	r2, #20
 128 0008 0021     		movs	r1, #0
 129 000a 03A8     		add	r0, sp, #12
 130              	.LVL3:
 131              		.loc 1 65 20 view .LVU32
 132 000c FFF7FEFF 		bl	memset
 133              	.LVL4:
  66:Core/Src/usart.c ****   if(uartHandle->Instance==USART1)
 134              		.loc 1 66 3 is_stmt 1 view .LVU33
 135              		.loc 1 66 16 is_stmt 0 view .LVU34
 136 0010 2268     		ldr	r2, [r4]
 137              		.loc 1 66 5 view .LVU35
 138 0012 1E4B     		ldr	r3, .L9
 139 0014 9A42     		cmp	r2, r3
 140 0016 01D0     		beq	.L8
 141              	.LVL5:
 142              	.L6:
  67:Core/Src/usart.c ****   {
  68:Core/Src/usart.c ****   /* USER CODE BEGIN USART1_MspInit 0 */
  69:Core/Src/usart.c **** 
  70:Core/Src/usart.c ****   /* USER CODE END USART1_MspInit 0 */
  71:Core/Src/usart.c ****     /* USART1 clock enable */
  72:Core/Src/usart.c ****     __HAL_RCC_USART1_CLK_ENABLE();
  73:Core/Src/usart.c **** 
  74:Core/Src/usart.c ****     __HAL_RCC_GPIOA_CLK_ENABLE();
  75:Core/Src/usart.c ****     __HAL_RCC_GPIOB_CLK_ENABLE();
  76:Core/Src/usart.c ****     /**USART1 GPIO Configuration
  77:Core/Src/usart.c ****     PA15     ------> USART1_RX
  78:Core/Src/usart.c ****     PB6     ------> USART1_TX
  79:Core/Src/usart.c ****     */
  80:Core/Src/usart.c ****     GPIO_InitStruct.Pin = GPIO_PIN_15;
  81:Core/Src/usart.c ****     GPIO_InitStruct.Mode = GPIO_MODE_AF_PP;
  82:Core/Src/usart.c ****     GPIO_InitStruct.Pull = GPIO_NOPULL;
  83:Core/Src/usart.c ****     GPIO_InitStruct.Speed = GPIO_SPEED_FREQ_HIGH;
  84:Core/Src/usart.c ****     GPIO_InitStruct.Alternate = GPIO_AF1_USART1;
  85:Core/Src/usart.c ****     HAL_GPIO_Init(GPIOA, &GPIO_InitStruct);
  86:Core/Src/usart.c **** 
  87:Core/Src/usart.c ****     GPIO_InitStruct.Pin = GPIO_PIN_6;
  88:Core/Src/usart.c ****     GPIO_InitStruct.Mode = GPIO_MODE_AF_PP;
ARM GAS  C:\Users\ADMINI~1\AppData\Local\Temp\cccZOfAd.s 			page 5


  89:Core/Src/usart.c ****     GPIO_InitStruct.Pull = GPIO_NOPULL;
  90:Core/Src/usart.c ****     GPIO_InitStruct.Speed = GPIO_SPEED_FREQ_HIGH;
  91:Core/Src/usart.c ****     GPIO_InitStruct.Alternate = GPIO_AF0_USART1;
  92:Core/Src/usart.c ****     HAL_GPIO_Init(GPIOB, &GPIO_InitStruct);
  93:Core/Src/usart.c **** 
  94:Core/Src/usart.c ****   /* USER CODE BEGIN USART1_MspInit 1 */
  95:Core/Src/usart.c **** 
  96:Core/Src/usart.c ****   /* USER CODE END USART1_MspInit 1 */
  97:Core/Src/usart.c ****   }
  98:Core/Src/usart.c **** }
 143              		.loc 1 98 1 view .LVU36
 144 0018 08B0     		add	sp, sp, #32
 145              		@ sp needed
 146 001a 70BD     		pop	{r4, r5, r6, pc}
 147              	.LVL6:
 148              	.L8:
  72:Core/Src/usart.c **** 
 149              		.loc 1 72 5 is_stmt 1 view .LVU37
 150              	.LBB2:
  72:Core/Src/usart.c **** 
 151              		.loc 1 72 5 view .LVU38
  72:Core/Src/usart.c **** 
 152              		.loc 1 72 5 view .LVU39
 153 001c 1C4B     		ldr	r3, .L9+4
 154 001e 9A69     		ldr	r2, [r3, #24]
 155 0020 8021     		movs	r1, #128
 156 0022 C901     		lsls	r1, r1, #7
 157 0024 0A43     		orrs	r2, r1
 158 0026 9A61     		str	r2, [r3, #24]
  72:Core/Src/usart.c **** 
 159              		.loc 1 72 5 view .LVU40
 160 0028 9A69     		ldr	r2, [r3, #24]
 161 002a 0A40     		ands	r2, r1
 162 002c 0092     		str	r2, [sp]
  72:Core/Src/usart.c **** 
 163              		.loc 1 72 5 view .LVU41
 164 002e 009A     		ldr	r2, [sp]
 165              	.LBE2:
  72:Core/Src/usart.c **** 
 166              		.loc 1 72 5 view .LVU42
  74:Core/Src/usart.c ****     __HAL_RCC_GPIOB_CLK_ENABLE();
 167              		.loc 1 74 5 view .LVU43
 168              	.LBB3:
  74:Core/Src/usart.c ****     __HAL_RCC_GPIOB_CLK_ENABLE();
 169              		.loc 1 74 5 view .LVU44
  74:Core/Src/usart.c ****     __HAL_RCC_GPIOB_CLK_ENABLE();
 170              		.loc 1 74 5 view .LVU45
 171 0030 5A69     		ldr	r2, [r3, #20]
 172 0032 8021     		movs	r1, #128
 173 0034 8902     		lsls	r1, r1, #10
 174 0036 0A43     		orrs	r2, r1
 175 0038 5A61     		str	r2, [r3, #20]
  74:Core/Src/usart.c ****     __HAL_RCC_GPIOB_CLK_ENABLE();
 176              		.loc 1 74 5 view .LVU46
 177 003a 5A69     		ldr	r2, [r3, #20]
 178 003c 0A40     		ands	r2, r1
 179 003e 0192     		str	r2, [sp, #4]
ARM GAS  C:\Users\ADMINI~1\AppData\Local\Temp\cccZOfAd.s 			page 6


  74:Core/Src/usart.c ****     __HAL_RCC_GPIOB_CLK_ENABLE();
 180              		.loc 1 74 5 view .LVU47
 181 0040 019A     		ldr	r2, [sp, #4]
 182              	.LBE3:
  74:Core/Src/usart.c ****     __HAL_RCC_GPIOB_CLK_ENABLE();
 183              		.loc 1 74 5 view .LVU48
  75:Core/Src/usart.c ****     /**USART1 GPIO Configuration
 184              		.loc 1 75 5 view .LVU49
 185              	.LBB4:
  75:Core/Src/usart.c ****     /**USART1 GPIO Configuration
 186              		.loc 1 75 5 view .LVU50
  75:Core/Src/usart.c ****     /**USART1 GPIO Configuration
 187              		.loc 1 75 5 view .LVU51
 188 0042 5A69     		ldr	r2, [r3, #20]
 189 0044 8021     		movs	r1, #128
 190 0046 C902     		lsls	r1, r1, #11
 191 0048 0A43     		orrs	r2, r1
 192 004a 5A61     		str	r2, [r3, #20]
  75:Core/Src/usart.c ****     /**USART1 GPIO Configuration
 193              		.loc 1 75 5 view .LVU52
 194 004c 5B69     		ldr	r3, [r3, #20]
 195 004e 0B40     		ands	r3, r1
 196 0050 0293     		str	r3, [sp, #8]
  75:Core/Src/usart.c ****     /**USART1 GPIO Configuration
 197              		.loc 1 75 5 view .LVU53
 198 0052 029B     		ldr	r3, [sp, #8]
 199              	.LBE4:
  75:Core/Src/usart.c ****     /**USART1 GPIO Configuration
 200              		.loc 1 75 5 view .LVU54
  80:Core/Src/usart.c ****     GPIO_InitStruct.Mode = GPIO_MODE_AF_PP;
 201              		.loc 1 80 5 view .LVU55
  80:Core/Src/usart.c ****     GPIO_InitStruct.Mode = GPIO_MODE_AF_PP;
 202              		.loc 1 80 25 is_stmt 0 view .LVU56
 203 0054 03AC     		add	r4, sp, #12
 204              	.LVL7:
  80:Core/Src/usart.c ****     GPIO_InitStruct.Mode = GPIO_MODE_AF_PP;
 205              		.loc 1 80 25 view .LVU57
 206 0056 8023     		movs	r3, #128
 207 0058 1B02     		lsls	r3, r3, #8
 208 005a 0393     		str	r3, [sp, #12]
  81:Core/Src/usart.c ****     GPIO_InitStruct.Pull = GPIO_NOPULL;
 209              		.loc 1 81 5 is_stmt 1 view .LVU58
  81:Core/Src/usart.c ****     GPIO_InitStruct.Pull = GPIO_NOPULL;
 210              		.loc 1 81 26 is_stmt 0 view .LVU59
 211 005c 0226     		movs	r6, #2
 212 005e 0496     		str	r6, [sp, #16]
  82:Core/Src/usart.c ****     GPIO_InitStruct.Speed = GPIO_SPEED_FREQ_HIGH;
 213              		.loc 1 82 5 is_stmt 1 view .LVU60
  83:Core/Src/usart.c ****     GPIO_InitStruct.Alternate = GPIO_AF1_USART1;
 214              		.loc 1 83 5 view .LVU61
  83:Core/Src/usart.c ****     GPIO_InitStruct.Alternate = GPIO_AF1_USART1;
 215              		.loc 1 83 27 is_stmt 0 view .LVU62
 216 0060 0325     		movs	r5, #3
 217 0062 0695     		str	r5, [sp, #24]
  84:Core/Src/usart.c ****     HAL_GPIO_Init(GPIOA, &GPIO_InitStruct);
 218              		.loc 1 84 5 is_stmt 1 view .LVU63
  84:Core/Src/usart.c ****     HAL_GPIO_Init(GPIOA, &GPIO_InitStruct);
ARM GAS  C:\Users\ADMINI~1\AppData\Local\Temp\cccZOfAd.s 			page 7


 219              		.loc 1 84 31 is_stmt 0 view .LVU64
 220 0064 0123     		movs	r3, #1
 221 0066 0793     		str	r3, [sp, #28]
  85:Core/Src/usart.c **** 
 222              		.loc 1 85 5 is_stmt 1 view .LVU65
 223 0068 9020     		movs	r0, #144
 224 006a 2100     		movs	r1, r4
 225 006c C005     		lsls	r0, r0, #23
 226 006e FFF7FEFF 		bl	HAL_GPIO_Init
 227              	.LVL8:
  87:Core/Src/usart.c ****     GPIO_InitStruct.Mode = GPIO_MODE_AF_PP;
 228              		.loc 1 87 5 view .LVU66
  87:Core/Src/usart.c ****     GPIO_InitStruct.Mode = GPIO_MODE_AF_PP;
 229              		.loc 1 87 25 is_stmt 0 view .LVU67
 230 0072 4023     		movs	r3, #64
 231 0074 0393     		str	r3, [sp, #12]
  88:Core/Src/usart.c ****     GPIO_InitStruct.Pull = GPIO_NOPULL;
 232              		.loc 1 88 5 is_stmt 1 view .LVU68
  88:Core/Src/usart.c ****     GPIO_InitStruct.Pull = GPIO_NOPULL;
 233              		.loc 1 88 26 is_stmt 0 view .LVU69
 234 0076 0496     		str	r6, [sp, #16]
  89:Core/Src/usart.c ****     GPIO_InitStruct.Speed = GPIO_SPEED_FREQ_HIGH;
 235              		.loc 1 89 5 is_stmt 1 view .LVU70
  89:Core/Src/usart.c ****     GPIO_InitStruct.Speed = GPIO_SPEED_FREQ_HIGH;
 236              		.loc 1 89 26 is_stmt 0 view .LVU71
 237 0078 0023     		movs	r3, #0
 238 007a 0593     		str	r3, [sp, #20]
  90:Core/Src/usart.c ****     GPIO_InitStruct.Alternate = GPIO_AF0_USART1;
 239              		.loc 1 90 5 is_stmt 1 view .LVU72
  90:Core/Src/usart.c ****     GPIO_InitStruct.Alternate = GPIO_AF0_USART1;
 240              		.loc 1 90 27 is_stmt 0 view .LVU73
 241 007c 0695     		str	r5, [sp, #24]
  91:Core/Src/usart.c ****     HAL_GPIO_Init(GPIOB, &GPIO_InitStruct);
 242              		.loc 1 91 5 is_stmt 1 view .LVU74
  91:Core/Src/usart.c ****     HAL_GPIO_Init(GPIOB, &GPIO_InitStruct);
 243              		.loc 1 91 31 is_stmt 0 view .LVU75
 244 007e 0793     		str	r3, [sp, #28]
  92:Core/Src/usart.c **** 
 245              		.loc 1 92 5 is_stmt 1 view .LVU76
 246 0080 2100     		movs	r1, r4
 247 0082 0448     		ldr	r0, .L9+8
 248 0084 FFF7FEFF 		bl	HAL_GPIO_Init
 249              	.LVL9:
 250              		.loc 1 98 1 is_stmt 0 view .LVU77
 251 0088 C6E7     		b	.L6
 252              	.L10:
 253 008a C046     		.align	2
 254              	.L9:
 255 008c 00380140 		.word	1073821696
 256 0090 00100240 		.word	1073876992
 257 0094 00040048 		.word	1207960576
 258              		.cfi_endproc
 259              	.LFE44:
 261              		.section	.text.HAL_UART_MspDeInit,"ax",%progbits
 262              		.align	1
 263              		.global	HAL_UART_MspDeInit
 264              		.syntax unified
ARM GAS  C:\Users\ADMINI~1\AppData\Local\Temp\cccZOfAd.s 			page 8


 265              		.code	16
 266              		.thumb_func
 268              	HAL_UART_MspDeInit:
 269              	.LVL10:
 270              	.LFB45:
  99:Core/Src/usart.c **** 
 100:Core/Src/usart.c **** void HAL_UART_MspDeInit(UART_HandleTypeDef* uartHandle)
 101:Core/Src/usart.c **** {
 271              		.loc 1 101 1 is_stmt 1 view -0
 272              		.cfi_startproc
 273              		@ args = 0, pretend = 0, frame = 0
 274              		@ frame_needed = 0, uses_anonymous_args = 0
 275              		.loc 1 101 1 is_stmt 0 view .LVU79
 276 0000 10B5     		push	{r4, lr}
 277              		.cfi_def_cfa_offset 8
 278              		.cfi_offset 4, -8
 279              		.cfi_offset 14, -4
 102:Core/Src/usart.c **** 
 103:Core/Src/usart.c ****   if(uartHandle->Instance==USART1)
 280              		.loc 1 103 3 is_stmt 1 view .LVU80
 281              		.loc 1 103 16 is_stmt 0 view .LVU81
 282 0002 0268     		ldr	r2, [r0]
 283              		.loc 1 103 5 view .LVU82
 284 0004 094B     		ldr	r3, .L14
 285 0006 9A42     		cmp	r2, r3
 286 0008 00D0     		beq	.L13
 287              	.LVL11:
 288              	.L11:
 104:Core/Src/usart.c ****   {
 105:Core/Src/usart.c ****   /* USER CODE BEGIN USART1_MspDeInit 0 */
 106:Core/Src/usart.c **** 
 107:Core/Src/usart.c ****   /* USER CODE END USART1_MspDeInit 0 */
 108:Core/Src/usart.c ****     /* Peripheral clock disable */
 109:Core/Src/usart.c ****     __HAL_RCC_USART1_CLK_DISABLE();
 110:Core/Src/usart.c **** 
 111:Core/Src/usart.c ****     /**USART1 GPIO Configuration
 112:Core/Src/usart.c ****     PA15     ------> USART1_RX
 113:Core/Src/usart.c ****     PB6     ------> USART1_TX
 114:Core/Src/usart.c ****     */
 115:Core/Src/usart.c ****     HAL_GPIO_DeInit(GPIOA, GPIO_PIN_15);
 116:Core/Src/usart.c **** 
 117:Core/Src/usart.c ****     HAL_GPIO_DeInit(GPIOB, GPIO_PIN_6);
 118:Core/Src/usart.c **** 
 119:Core/Src/usart.c ****   /* USER CODE BEGIN USART1_MspDeInit 1 */
 120:Core/Src/usart.c **** 
 121:Core/Src/usart.c ****   /* USER CODE END USART1_MspDeInit 1 */
 122:Core/Src/usart.c ****   }
 123:Core/Src/usart.c **** }
 289              		.loc 1 123 1 view .LVU83
 290              		@ sp needed
 291 000a 10BD     		pop	{r4, pc}
 292              	.LVL12:
 293              	.L13:
 109:Core/Src/usart.c **** 
 294              		.loc 1 109 5 is_stmt 1 view .LVU84
 295 000c 084A     		ldr	r2, .L14+4
 296 000e 9369     		ldr	r3, [r2, #24]
ARM GAS  C:\Users\ADMINI~1\AppData\Local\Temp\cccZOfAd.s 			page 9


 297 0010 0849     		ldr	r1, .L14+8
 298 0012 0B40     		ands	r3, r1
 299 0014 9361     		str	r3, [r2, #24]
 115:Core/Src/usart.c **** 
 300              		.loc 1 115 5 view .LVU85
 301 0016 8021     		movs	r1, #128
 302 0018 9020     		movs	r0, #144
 303              	.LVL13:
 115:Core/Src/usart.c **** 
 304              		.loc 1 115 5 is_stmt 0 view .LVU86
 305 001a 0902     		lsls	r1, r1, #8
 306 001c C005     		lsls	r0, r0, #23
 307 001e FFF7FEFF 		bl	HAL_GPIO_DeInit
 308              	.LVL14:
 117:Core/Src/usart.c **** 
 309              		.loc 1 117 5 is_stmt 1 view .LVU87
 310 0022 4021     		movs	r1, #64
 311 0024 0448     		ldr	r0, .L14+12
 312 0026 FFF7FEFF 		bl	HAL_GPIO_DeInit
 313              	.LVL15:
 314              		.loc 1 123 1 is_stmt 0 view .LVU88
 315 002a EEE7     		b	.L11
 316              	.L15:
 317              		.align	2
 318              	.L14:
 319 002c 00380140 		.word	1073821696
 320 0030 00100240 		.word	1073876992
 321 0034 FFBFFFFF 		.word	-16385
 322 0038 00040048 		.word	1207960576
 323              		.cfi_endproc
 324              	.LFE45:
 326              		.section	.text._write,"ax",%progbits
 327              		.align	1
 328              		.global	_write
 329              		.syntax unified
 330              		.code	16
 331              		.thumb_func
 333              	_write:
 334              	.LVL16:
 335              	.LFB46:
 124:Core/Src/usart.c **** 
 125:Core/Src/usart.c **** /* USER CODE BEGIN 1 */
 126:Core/Src/usart.c **** //标准库需要的支持函数
 127:Core/Src/usart.c **** 
 128:Core/Src/usart.c **** int _write(int fd, char *pBuffer, int size)
 129:Core/Src/usart.c **** {
 336              		.loc 1 129 1 is_stmt 1 view -0
 337              		.cfi_startproc
 338              		@ args = 0, pretend = 0, frame = 0
 339              		@ frame_needed = 0, uses_anonymous_args = 0
 340              		.loc 1 129 1 is_stmt 0 view .LVU90
 341 0000 10B5     		push	{r4, lr}
 342              		.cfi_def_cfa_offset 8
 343              		.cfi_offset 4, -8
 344              		.cfi_offset 14, -4
 345 0002 1400     		movs	r4, r2
 130:Core/Src/usart.c ****   if(USART_IS_OK==0) return 1;
ARM GAS  C:\Users\ADMINI~1\AppData\Local\Temp\cccZOfAd.s 			page 10


 346              		.loc 1 130 3 is_stmt 1 view .LVU91
 347              		.loc 1 130 17 is_stmt 0 view .LVU92
 348 0004 064B     		ldr	r3, .L20
 349 0006 1B68     		ldr	r3, [r3]
 350              		.loc 1 130 5 view .LVU93
 351 0008 002B     		cmp	r3, #0
 352 000a 01D1     		bne	.L19
 353              		.loc 1 130 29 discriminator 1 view .LVU94
 354 000c 0120     		movs	r0, #1
 355              	.LVL17:
 356              	.L16:
 131:Core/Src/usart.c ****   HAL_UART_Transmit(&huart1, (uint8_t *)pBuffer, size, 0xFFFF);
 132:Core/Src/usart.c ****   return size;
 133:Core/Src/usart.c **** }
 357              		.loc 1 133 1 view .LVU95
 358              		@ sp needed
 359              	.LVL18:
 360              		.loc 1 133 1 view .LVU96
 361 000e 10BD     		pop	{r4, pc}
 362              	.LVL19:
 363              	.L19:
 131:Core/Src/usart.c ****   HAL_UART_Transmit(&huart1, (uint8_t *)pBuffer, size, 0xFFFF);
 364              		.loc 1 131 3 is_stmt 1 view .LVU97
 365 0010 92B2     		uxth	r2, r2
 366              	.LVL20:
 131:Core/Src/usart.c ****   HAL_UART_Transmit(&huart1, (uint8_t *)pBuffer, size, 0xFFFF);
 367              		.loc 1 131 3 is_stmt 0 view .LVU98
 368 0012 0448     		ldr	r0, .L20+4
 369              	.LVL21:
 131:Core/Src/usart.c ****   HAL_UART_Transmit(&huart1, (uint8_t *)pBuffer, size, 0xFFFF);
 370              		.loc 1 131 3 view .LVU99
 371 0014 044B     		ldr	r3, .L20+8
 372 0016 FFF7FEFF 		bl	HAL_UART_Transmit
 373              	.LVL22:
 132:Core/Src/usart.c **** }
 374              		.loc 1 132 3 is_stmt 1 view .LVU100
 132:Core/Src/usart.c **** }
 375              		.loc 1 132 10 is_stmt 0 view .LVU101
 376 001a 2000     		movs	r0, r4
 377 001c F7E7     		b	.L16
 378              	.L21:
 379 001e C046     		.align	2
 380              	.L20:
 381 0020 00000000 		.word	USART_IS_OK
 382 0024 00000000 		.word	huart1
 383 0028 FFFF0000 		.word	65535
 384              		.cfi_endproc
 385              	.LFE46:
 387              		.global	huart1
 388              		.section	.bss.huart1,"aw",%nobits
 389              		.align	2
 392              	huart1:
 393 0000 00000000 		.space	136
 393      00000000 
 393      00000000 
 393      00000000 
 393      00000000 
ARM GAS  C:\Users\ADMINI~1\AppData\Local\Temp\cccZOfAd.s 			page 11


 394              		.global	USART_IS_OK
 395              		.section	.bss.USART_IS_OK,"aw",%nobits
 396              		.align	2
 399              	USART_IS_OK:
 400 0000 00000000 		.space	4
 401              		.text
 402              	.Letext0:
 403              		.file 2 "D:/software/Tools/GCC/arm-gnu-toolchain-14.2.rel1-mingw-w64-x86_64-arm-none-eabi/arm-none
 404              		.file 3 "D:/software/Tools/GCC/arm-gnu-toolchain-14.2.rel1-mingw-w64-x86_64-arm-none-eabi/arm-none
 405              		.file 4 "Drivers/CMSIS/Device/ST/STM32F0xx/Include/stm32f031x6.h"
 406              		.file 5 "Drivers/STM32F0xx_HAL_Driver/Inc/stm32f0xx_hal_def.h"
 407              		.file 6 "Drivers/STM32F0xx_HAL_Driver/Inc/stm32f0xx_hal_gpio.h"
 408              		.file 7 "Drivers/STM32F0xx_HAL_Driver/Inc/stm32f0xx_hal_dma.h"
 409              		.file 8 "Drivers/STM32F0xx_HAL_Driver/Inc/stm32f0xx_hal_uart.h"
 410              		.file 9 "Core/Inc/usart.h"
 411              		.file 10 "Core/Inc/main.h"
 412              		.file 11 "<built-in>"
ARM GAS  C:\Users\ADMINI~1\AppData\Local\Temp\cccZOfAd.s 			page 12


DEFINED SYMBOLS
                            *ABS*:00000000 usart.c
C:\Users\ADMINI~1\AppData\Local\Temp\cccZOfAd.s:19     .text.MX_USART1_UART_Init:00000000 $t
C:\Users\ADMINI~1\AppData\Local\Temp\cccZOfAd.s:25     .text.MX_USART1_UART_Init:00000000 MX_USART1_UART_Init
C:\Users\ADMINI~1\AppData\Local\Temp\cccZOfAd.s:95     .text.MX_USART1_UART_Init:00000038 $d
C:\Users\ADMINI~1\AppData\Local\Temp\cccZOfAd.s:392    .bss.huart1:00000000 huart1
C:\Users\ADMINI~1\AppData\Local\Temp\cccZOfAd.s:399    .bss.USART_IS_OK:00000000 USART_IS_OK
C:\Users\ADMINI~1\AppData\Local\Temp\cccZOfAd.s:102    .text.HAL_UART_MspInit:00000000 $t
C:\Users\ADMINI~1\AppData\Local\Temp\cccZOfAd.s:108    .text.HAL_UART_MspInit:00000000 HAL_UART_MspInit
C:\Users\ADMINI~1\AppData\Local\Temp\cccZOfAd.s:255    .text.HAL_UART_MspInit:0000008c $d
C:\Users\ADMINI~1\AppData\Local\Temp\cccZOfAd.s:262    .text.HAL_UART_MspDeInit:00000000 $t
C:\Users\ADMINI~1\AppData\Local\Temp\cccZOfAd.s:268    .text.HAL_UART_MspDeInit:00000000 HAL_UART_MspDeInit
C:\Users\ADMINI~1\AppData\Local\Temp\cccZOfAd.s:319    .text.HAL_UART_MspDeInit:0000002c $d
C:\Users\ADMINI~1\AppData\Local\Temp\cccZOfAd.s:327    .text._write:00000000 $t
C:\Users\ADMINI~1\AppData\Local\Temp\cccZOfAd.s:333    .text._write:00000000 _write
C:\Users\ADMINI~1\AppData\Local\Temp\cccZOfAd.s:381    .text._write:00000020 $d
C:\Users\ADMINI~1\AppData\Local\Temp\cccZOfAd.s:389    .bss.huart1:00000000 $d
C:\Users\ADMINI~1\AppData\Local\Temp\cccZOfAd.s:396    .bss.USART_IS_OK:00000000 $d

UNDEFINED SYMBOLS
HAL_UART_Init
Error_Handler
memset
HAL_GPIO_Init
HAL_GPIO_DeInit
HAL_UART_Transmit
